     Locking 26 packages to latest compatible versions
      Adding rand v0.9.2 (available: v0.10.1)
   Compiling panda-batch-proof v0.1.0 (/source)
warning: constant `CAPACITY` is never used
  --> src/verified_signature.rs:11:7
   |
11 | const CAPACITY: usize = 512;
   |       ^^^^^^^^
   |
   = note: `#[warn(dead_code)]` on by default

warning: fields `keys` and `order` are never read
  --> src/verified_signature.rs:16:5
   |
15 | struct Successes {
   |        --------- fields in this struct
16 |     keys: BTreeSet<Input>,
   |     ^^^^
17 |     order: VecDeque<Input>,
   |     ^^^^^
   |
   = note: `Successes` has a derived impl for the trait `Default`, but this is intentionally ignored during dead code analysis

warning: field `successes` is never read
  --> src/verified_signature.rs:22:5
   |
21 | pub struct Verifier {
   |            -------- field in this struct
22 |     successes: Mutex<Successes>,
   |     ^^^^^^^^^

warning: methods `verify_batch`, `remember`, and `verify` are never used
  --> src/verified_signature.rs:30:12
   |
29 | impl Verifier {
   | ------------- methods in this implementation
30 |     pub fn verify_batch(&self, inputs: &[(Signature, PublicKey, [u8; 32])]) -> bool {
   |            ^^^^^^^^^^^^
...
59 |     fn remember(&self, input: Input) {
   |        ^^^^^^^^
...
70 |     pub fn verify(&self, signature: &Signature, pubkey: &PublicKey, message: [u8; 32]) -> bool {
   |            ^^^^^^

warning: function `verifier` is never used
  --> src/verified_signature.rs:93:4
   |
93 | fn verifier() -> &'static Verifier {
   |    ^^^^^^^^

warning: function `verify` is never used
  --> src/verified_signature.rs:98:8
   |
98 | pub fn verify(signature: &Signature, pubkey: &PublicKey, message: [u8; 32]) -> bool {
   |        ^^^^^^

warning: function `verify_batch` is never used
   --> src/verified_signature.rs:102:8
    |
102 | pub fn verify_batch(inputs: &[(Signature, PublicKey, [u8; 32])]) -> bool {
    |        ^^^^^^^^^^^^

warning: function `verifier` is never used
  --> src/verified_signature.rs:93:4
   |
93 | fn verifier() -> &'static Verifier {
   |    ^^^^^^^^
   |
   = note: `#[warn(dead_code)]` on by default

warning: `panda-batch-proof` (lib) generated 7 warnings
warning: `panda-batch-proof` (lib test) generated 3 warnings (2 duplicates)
    Finished `release` profile [optimized] target(s) in 1.05s
     Running unittests src/lib.rs (/target/batch-proof/release/deps/panda_batch_proof-1907df19fe990ec0)

running 7 tests
test verified_signature::tests::identical_subnet_messages_are_verified_once ... ok
test verified_signature::tests::invalid_individual_signatures_cannot_cancel_inside_a_batch ... ok
test verified_signature::tests::cached_success_cannot_accept_another_key_root_domain_or_signature ... ok
test verified_signature::tests::a_failed_batch_cannot_warm_even_its_valid_prefix ... ok
test verified_signature::tests::concurrent_lookups_do_not_cross_contaminate_messages ... ok
test verified_signature::tests::valid_batch_verifies_once_and_warms_only_identical_inputs ... ok
test verified_signature::tests::old_successes_are_evicted_and_reverified ... ok

test result: ok. 7 passed; 0 failed; 0 ignored; 0 measured; 0 filtered out; finished in 0.73s

   Doc-tests panda_batch_proof

running 0 tests

test result: ok. 0 passed; 0 failed; 0 ignored; 0 measured; 0 filtered out; finished in 0.00s

