{"t":"2026-09-30T14:32:09.805321044Z","lvl":"info","msg":"Updated payload","id":"0x04a68e0339e8dd31","number":8262,"hash":"0x08b6ed862de9ca665f32cadd390bfa2237f7594c347a5b62817b5b9f1e41f8cb","txs":0,"withdrawals":16,"gas":0,"fees":"0","root":"0x22d25e7374142cd49b59b6a5f598d0c6b9a96d2b5c3993197ae1afce6a916f14","elapsed":"423.625µs","balhash":"0x65e8c5896dc0ed9a64788a6eba927808e5633c20f825c4ed8e23f2e8fdbc4de8"}
{"t":"2026-09-30T14:32:09.806137627Z","lvl":"info","msg":"Stopping work on payload","id":"0x04a68e0339e8dd31","reason":"delivery"}
{"t":"2026-09-30T14:32:09.843739586Z","lvl":"info","msg":"Imported new potential chain segment","number":"8262","hash":"0x08b6ed862de9ca665f32cadd390bfa2237f7594c347a5b62817b5b9f1e41f8cb","blocks":1,"txs":0,"mgas":0,"elapsed":"962.876µs","mgasps":0,"triediffs":"1.03 MiB","triedirty":"5.72 MiB"}
{"t":"2026-09-30T14:32:09.846120044Z","lvl":"info","msg":"Chain head was updated","number":"8262","hash":"0x08b6ed862de9ca665f32cadd390bfa2237f7594c347a5b62817b5b9f1e41f8cb","root":"0x22d25e7374142cd49b59b6a5f598d0c6b9a96d2b5c3993197ae1afce6a916f14","elapsed":"29.583µs"}
{"t":"2026-09-30T14:32:09.892383128Z","lvl":"info","msg":"Starting work on payload","id":"0x04bcd419b76e25fd"}
{"t":"2026-09-30T14:32:09.892851586Z","lvl":"info","msg":"Updated payload","id":"0x04bcd419b76e25fd","number":8263,"hash":"0xef3e6a2750a712b1959e79f7057ab50c967c142c99063c71837764aedd587625","txs":0,"withdrawals":16,"gas":0,"fees":"0","root":"0xae744c9ba4a2082e199f960276efc8952bdb38b9b9c6c994e2fe31a0493bbfe6","elapsed":"377.083µs","balhash":"0x696453924d5ab1b10e31594e5def2b57a5a0f2ac32fbee9ce4ac8d538ff4489f"}
{"t":"2026-09-30T14:32:09.893666086Z","lvl":"info","msg":"Stopping work on payload","id":"0x04bcd419b76e25fd","reason":"delivery"}
{"t":"2026-09-30T14:32:09.931769961Z","lvl":"info","msg":"Imported new potential chain segment","number":"8263","hash":"0xef3e6a2750a712b1959e79f7057ab50c967c142c99063c71837764aedd587625","blocks":1,"txs":0,"mgas":0,"elapsed":"993.001µs","mgasps":0,"triediffs":"1.03 MiB","triedirty":"5.72 MiB"}
{"t":"2026-09-30T14:32:09.934212544Z","lvl":"info","msg":"Chain head was updated","number":"8263","hash":"0xef3e6a2750a712b1959e79f7057ab50c967c142c99063c71837764aedd587625","root":"0xae744c9ba4a2082e199f960276efc8952bdb38b9b9c6c994e2fe31a0493bbfe6","elapsed":"27.167µs"}
{"t":"2026-09-30T14:32:09.974314919Z","lvl":"info","msg":"Starting work on payload","id":"0x04ce93dc0d9da944"}
{"t":"2026-09-30T14:32:09.974755169Z","lvl":"info","msg":"Updated payload","id":"0x04ce93dc0d9da944","number":8264,"hash":"0x4f96653d608f28962598b9b91d738c8292a15ec5b925f4b4d06a7fe93d692560","txs":0,"withdrawals":16,"gas":0,"fees":"0","root":"0x7871465952ef2a87a15b7cfbafd0d3d5ddf68dff6ff77780da9d9cd65e81ebcc","elapsed":"346.542µs","balhash":"0x5ed2084079649af5095425ba298fd06068876830b2a7891c26024d03f18a1343"}
{"t":"2026-09-30T14:32:09.975446211Z","lvl":"info","msg":"Stopping work on payload","id":"0x04ce93dc0d9da944","reason":"delivery"}
{"t":"2026-09-30T14:32:10.012690503Z","lvl":"info","msg":"Imported new potential chain segment","number":"8264","hash":"0x4f96653d608f28962598b9b91d738c8292a15ec5b925f4b4d06a7fe93d692560","blocks":1,"txs":0,"mgas":0,"elapsed":"1.038ms","mgasps":0,"triediffs":"1.03 MiB","triedirty":"5.72 MiB"}
{"t":"2026-09-30T14:32:10.014710128Z","lvl":"info","msg":"Chain head was updated","number":"8264","hash":"0x4f96653d608f28962598b9b91d738c8292a15ec5b925f4b4d06a7fe93d692560","root":"0x7871465952ef2a87a15b7cfbafd0d3d5ddf68dff6ff77780da9d9cd65e81ebcc","elapsed":"23.875µs"}
{"t":"2026-09-30T14:32:10.056276669Z","lvl":"info","msg":"Starting work on payload","id":"0x04fb34aba3ca1425"}
{"t":"2026-09-30T14:32:10.056884336Z","lvl":"info","msg":"Updated payload","id":"0x04fb34aba3ca1425","number":8265,"hash":"0x384c604a94edd910ed83c70353807a92fb9b599a539457cac5869f2a56c4e419","txs":0,"withdrawals":16,"gas":0,"fees":"0","root":"0x93cdc7c6524e7a3b2ebb6a0c492320ad620f057bb197fe5cdbd99480e76c232f","elapsed":"512.042µs","balhash":"0x577c692e3922d09b5a952946458e1c0e0145b3e2091243bcb3334c191d795c4f"}
{"t":"2026-09-30T14:32:10.057667044Z","lvl":"info","msg":"Stopping work on payload","id":"0x04fb34aba3ca1425","reason":"delivery"}
{"t":"2026-09-30T14:32:10.096116669Z","lvl":"info","msg":"Imported new potential chain segment","number":"8265","hash":"0x384c604a94edd910ed83c70353807a92fb9b599a539457cac5869f2a56c4e419","blocks":1,"txs":0,"mgas":0,"elapsed":"965.168µs","mgasps":0,"triediffs":"1.03 MiB","triedirty":"5.72 MiB"}
{"t":"2026-09-30T14:32:10.098686336Z","lvl":"info","msg":"Chain head was updated","number":"8265","hash":"0x384c604a94edd910ed83c70353807a92fb9b599a539457cac5869f2a56c4e419","root":"0x93cdc7c6524e7a3b2ebb6a0c492320ad620f057bb197fe5cdbd99480e76c232f","elapsed":"30µs"}
{"t":"2026-09-30T14:32:10.138884753Z","lvl":"info","msg":"Starting work on payload","id":"0x049433fa0b055dc7"}
{"t":"2026-09-30T14:32:10.139557128Z","lvl":"info","msg":"Updated payload","id":"0x049433fa0b055dc7","number":8266,"hash":"0x51b39e7ef0ee7386346fb0dbb77aad01ad27be73d0e97c04a3a7102646968533","txs":0,"withdrawals":16,"gas":0,"fees":"0","root":"0x5250de465fad2d5e5fe9aa7cf8fa17341d32f44b82750e29f46fdd0cad71dc8b","elapsed":"586.958µs","balhash":"0xa332c80b99d7168889627a2152a9654ad139bc96b705c8c0a07ca139b9573f14"}
{"t":"2026-09-30T14:32:10.140485253Z","lvl":"info","msg":"Stopping work on payload","id":"0x049433fa0b055dc7","reason":"delivery"}
{"t":"2026-09-30T14:32:10.179516086Z","lvl":"info","msg":"Imported new potential chain segment","number":"8266","hash":"0x51b39e7ef0ee7386346fb0dbb77aad01ad27be73d0e97c04a3a7102646968533","blocks":1,"txs":0,"mgas":0,"elapsed":"947.043µs","mgasps":0,"triediffs":"1.03 MiB","triedirty":"5.72 MiB"}
{"t":"2026-09-30T14:32:10.181586878Z","lvl":"info","msg":"Chain head was updated","number":"8266","hash":"0x51b39e7ef0ee7386346fb0dbb77aad01ad27be73d0e97c04a3a7102646968533","root":"0x5250de465fad2d5e5fe9aa7cf8fa17341d32f44b82750e29f46fdd0cad71dc8b","elapsed":"29.041µs"}
{"t":"2026-09-30T14:32:10.227252919Z","lvl":"info","msg":"Starting work on payload","id":"0x0408c0de1e98d563"}
{"t":"2026-09-30T14:32:10.227750336Z","lvl":"info","msg":"Updated payload","id":"0x0408c0de1e98d563","number":8267,"hash":"0x969e941ac76ac034dacc2f2508b4469a873fa304d0b4c6dbd39e607ec861c60c","txs":0,"withdrawals":16,"gas":0,"fees":"0","root":"0xf9b1373f3f62b045756cb33b00648286845e0f065fe8608b66f01521199fae9c","elapsed":"414.334µs","balhash":"0xcc7f666f37bd1218bcef8bd1dae8575336114d43963ce72f9d57b593625221d2"}
{"t":"2026-09-30T14:32:10.228687711Z","lvl":"info","msg":"Stopping work on payload","id":"0x0408c0de1e98d563","reason":"delivery"}
{"t":"2026-09-30T14:32:10.273070003Z","lvl":"info","msg":"Imported new potential chain segment","number":"8267","hash":"0x969e941ac76ac034dacc2f2508b4469a873fa304d0b4c6dbd39e607ec861c60c","blocks":1,"txs":0,"mgas":0,"elapsed":"1.215ms","mgasps":0,"triediffs":"1.03 MiB","triedirty":"5.72 MiB"}
{"t":"2026-09-30T14:32:10.275464169Z","lvl":"info","msg":"Chain head was updated","number":"8267","hash":"0x969e941ac76ac034dacc2f2508b4469a873fa304d0b4c6dbd39e607ec861c60c","root":"0xf9b1373f3f62b045756cb33b00648286845e0f065fe8608b66f01521199fae9c","elapsed":"26.958µs"}
{"t":"2026-09-30T14:32:10.322499003Z","lvl":"info","msg":"Starting work on payload","id":"0x043099cb964ef6d6"}
{"t":"2026-09-30T14:32:10.323201378Z","lvl":"info","msg":"Updated payload","id":"0x043099cb964ef6d6","number":8268,"hash":"0x101c021f4fd93c869f0702454e6f4219de2e3bbda58cc481e7a8bbaa7427f670","txs":0,"withdrawals":16,"gas":0,"fees":"0","root":"0x51ade55a06bb4447f1b7dd8c327f5b8aae98f8d6b3fd43ff886b81ffb56beeb5","elapsed":"612.042µs","balhash":"0x28ea5ebe57113f7b29bbd89515aa891fa699eb291618a70217809e7fb684273f"}
{"t":"2026-09-30T14:32:10.324026628Z","lvl":"info","msg":"Stopping work on payload","id":"0x043099cb964ef6d6","reason":"delivery"}
{"t":"2026-09-30T14:32:10.362196794Z","lvl":"info","msg":"Imported new potential chain segment","number":"8268","hash":"0x101c021f4fd93c869f0702454e6f4219de2e3bbda58cc481e7a8bbaa7427f670","blocks":1,"txs":0,"mgas":0,"elapsed":"1.248ms","mgasps":0,"triediffs":"1.03 MiB","triedirty":"5.72 MiB"}
{"t":"2026-09-30T14:32:10.367565044Z","lvl":"info","msg":"Chain head was updated","number":"8268","hash":"0x101c021f4fd93c869f0702454e6f4219de2e3bbda58cc481e7a8bbaa7427f670","root":"0x51ade55a06bb4447f1b7dd8c327f5b8aae98f8d6b3fd43ff886b81ffb56beeb5","elapsed":"56.042µs"}
{"t":"2026-09-30T14:32:10.443266086Z","lvl":"info","msg":"Starting work on payload","id":"0x0421354171fea0d4"}
{"t":"2026-09-30T14:32:10.444073919Z","lvl":"info","msg":"Updated payload","id":"0x0421354171fea0d4","number":8269,"hash":"0x840782a912ebf01b15c658316679b6acfc6a23b979b18bc31b82a66edf163d68","txs":0,"withdrawals":16,"gas":0,"fees":"0","root":"0x15e81f33ca2b18f980a98b0f8af437e2575949c540faca1ae08ca7a8d290a1c9","elapsed":"504µs","balhash":"0x0672d2ebd5186303ed4295ea212ea2ae05e8b537640a23d289fe4bc0d2f590e0"}
{"t":"2026-09-30T14:32:10.445053503Z","lvl":"info","msg":"Stopping work on payload","id":"0x0421354171fea0d4","reason":"delivery"}
{"t":"2026-09-30T14:32:10.489453003Z","lvl":"info","msg":"Imported new potential chain segment","number":"8269","hash":"0x840782a912ebf01b15c658316679b6acfc6a23b979b18bc31b82a66edf163d68","blocks":1,"txs":0,"mgas":0,"elapsed":"2.906ms","mgasps":0,"triediffs":"1.03 MiB","triedirty":"5.72 MiB"}
{"t":"2026-09-30T14:32:10.495821169Z","lvl":"info","msg":"Chain head was updated","number":"8269","hash":"0x840782a912ebf01b15c658316679b6acfc6a23b979b18bc31b82a66edf163d68","root":"0x15e81f33ca2b18f980a98b0f8af437e2575949c540faca1ae08ca7a8d290a1c9","elapsed":"74.667µs"}
{"t":"2026-09-30T14:32:10.552638086Z","lvl":"info","msg":"Starting work on payload","id":"0x048b15bad28b94a7"}
{"t":"2026-09-30T14:32:10.55336317Z","lvl":"info","msg":"Updated payload","id":"0x048b15bad28b94a7","number":8270,"hash":"0x0c5e0c98919dfac2d4d93df3826122b16d5865ef1514a2681dc918e6cb6861c4","txs":0,"withdrawals":16,"gas":0,"fees":"0","root":"0x5c499ab08fe14524ae8f7ef71347600a22843e06e59d61d161db331b9bf1f2a1","elapsed":"572.792µs","balhash":"0x21552cdb32fc210f93ca51e07771b444d1744e532f86ab74303334faee2de11d"}
{"t":"2026-09-30T14:32:10.554459711Z","lvl":"info","msg":"Stopping work on payload","id":"0x048b15bad28b94a7","reason":"delivery"}
{"t":"2026-09-30T14:32:10.594464295Z","lvl":"info","msg":"Imported new potential chain segment","number":"8270","hash":"0x0c5e0c98919dfac2d4d93df3826122b16d5865ef1514a2681dc918e6cb6861c4","blocks":1,"txs":0,"mgas":0,"elapsed":"1.213ms","mgasps":0,"triediffs":"1.03 MiB","triedirty":"5.72 MiB"}
{"t":"2026-09-30T14:32:10.596981586Z","lvl":"info","msg":"Chain head was updated","number":"8270","hash":"0x0c5e0c98919dfac2d4d93df3826122b16d5865ef1514a2681dc918e6cb6861c4","root":"0x5c499ab08fe14524ae8f7ef71347600a22843e06e59d61d161db331b9bf1f2a1","elapsed":"26.625µs"}
{"t":"2026-09-30T14:32:10.641545503Z","lvl":"info","msg":"Starting work on payload","id":"0x04e80ac126c4233a"}
{"t":"2026-09-30T14:32:10.64228917Z","lvl":"info","msg":"Updated payload","id":"0x04e80ac126c4233a","number":8271,"hash":"0xabc6ba624de5597d8df773e3d64bda1c742d63d45541c4623df2388bf6f23a7e","txs":0,"withdrawals":16,"gas":0,"fees":"0","root":"0x67712c8be2761a3b6f1f096c7540b5b82962647399e456eeedba9a293b0c129f","elapsed":"659.375µs","balhash":"0x2a57749900b4cafa92bcff0dcd83f336bfe6f436ca784a331df7b1a974ac2682"}
{"t":"2026-09-30T14:32:10.643160961Z","lvl":"info","msg":"Stopping work on payload","id":"0x04e80ac126c4233a","reason":"delivery"}
{"t":"2026-09-30T14:32:10.680908295Z","lvl":"info","msg":"Imported new potential chain segment","number":"8271","hash":"0xabc6ba624de5597d8df773e3d64bda1c742d63d45541c4623df2388bf6f23a7e","blocks":1,"txs":0,"mgas":0,"elapsed":"928.96µs","mgasps":0,"triediffs":"1.03 MiB","triedirty":"5.73 MiB"}
{"t":"2026-09-30T14:32:10.683539836Z","lvl":"info","msg":"Chain head was updated","number":"8271","hash":"0xabc6ba624de5597d8df773e3d64bda1c742d63d45541c4623df2388bf6f23a7e","root":"0x67712c8be2761a3b6f1f096c7540b5b82962647399e456eeedba9a293b0c129f","elapsed":"51.792µs"}
{"t":"2026-09-30T14:32:10.72744617Z","lvl":"info","msg":"Starting work on payload","id":"0x04022679b65143a3"}
{"t":"2026-09-30T14:32:10.728263961Z","lvl":"info","msg":"Updated payload","id":"0x04022679b65143a3","number":8272,"hash":"0xfb83082576667db77900997353ff2496ad0ca988dcbc72db283321d56fe57c50","txs":0,"withdrawals":16,"gas":0,"fees":"0","root":"0x346879d63a2fca06bb9a9a558510db79d6ffbed8993df0e75d1a39999a4743a5","elapsed":"703.125µs","balhash":"0x0dde014a1cfee530783cbc239e1d3f76f077b510eff2f2383a51859dc08fe0ba"}
{"t":"2026-09-30T14:32:10.728991795Z","lvl":"info","msg":"Stopping work on payload","id":"0x04022679b65143a3","reason":"delivery"}
{"t":"2026-09-30T14:32:10.768917586Z","lvl":"info","msg":"Imported new potential chain segment","number":"8272","hash":"0xfb83082576667db77900997353ff2496ad0ca988dcbc72db283321d56fe57c50","blocks":1,"txs":0,"mgas":0,"elapsed":"1.177ms","mgasps":0,"triediffs":"1.03 MiB","triedirty":"5.73 MiB"}
{"t":"2026-09-30T14:32:10.771373378Z","lvl":"info","msg":"Chain head was updated","number":"8272","hash":"0xfb83082576667db77900997353ff2496ad0ca988dcbc72db283321d56fe57c50","root":"0x346879d63a2fca06bb9a9a558510db79d6ffbed8993df0e75d1a39999a4743a5","elapsed":"27.792µs"}
{"t":"2026-09-30T14:32:10.811191253Z","lvl":"info","msg":"Starting work on payload","id":"0x04df755639224a47"}
{"t":"2026-09-30T14:32:10.811609878Z","lvl":"info","msg":"Updated payload","id":"0x04df755639224a47","number":8273,"hash":"0x4482e74c37f035d64e89b3ac54cfcb5a43bc108123060daa420d41c3b57675a8","txs":0,"withdrawals":16,"gas":0,"fees":"0","root":"0xfa9ef5ff5d9ec4a2b0f5b7ba64824281227ac060d2508bb6c4f0589d425afa9e","elapsed":"343µs","balhash":"0xb93fe890be82fa6ecfb1e295e22451fee2a8144c7527e91027f193aea891bf39"}
{"t":"2026-09-30T14:32:10.812383836Z","lvl":"info","msg":"Stopping work on payload","id":"0x04df755639224a47","reason":"delivery"}
{"t":"2026-09-30T14:32:10.851883086Z","lvl":"info","msg":"Imported new potential chain segment","number":"8273","hash":"0x4482e74c37f035d64e89b3ac54cfcb5a43bc108123060daa420d41c3b57675a8","blocks":1,"txs":0,"mgas":0,"elapsed":"984.042µs","mgasps":0,"triediffs":"1.03 MiB","triedirty":"5.73 MiB"}
{"t":"2026-09-30T14:32:10.854331878Z","lvl":"info","msg":"Chain head was updated","number":"8273","hash":"0x4482e74c37f035d64e89b3ac54cfcb5a43bc108123060daa420d41c3b57675a8","root":"0xfa9ef5ff5d9ec4a2b0f5b7ba64824281227ac060d2508bb6c4f0589d425afa9e","elapsed":"30.5µs"}
{"t":"2026-09-30T14:32:10.896965545Z","lvl":"info","msg":"Starting work on payload","id":"0x04d19928cd121c5d"}
{"t":"2026-09-30T14:32:10.897876711Z","lvl":"info","msg":"Updated payload","id":"0x04d19928cd121c5d","number":8274,"hash":"0x0f02e35dd6225fa39cabe8524876fc80bd5be99cff03bd01444493e7c92fd235","txs":0,"withdrawals":16,"gas":0,"fees":"0","root":"0x4511da05d3e160fd56d4e7b68076c9d0f917ab165f68c67cc3e646f853e373fc","elapsed":"828.792µs","balhash":"0x09207583f69ae140085e7f30b1d0bd35b18bfe1071a958174c39eeae6f99186a"}
{"t":"2026-09-30T14:32:10.898622128Z","lvl":"info","msg":"Stopping work on payload","id":"0x04d19928cd121c5d","reason":"delivery"}
{"t":"2026-09-30T14:32:10.93510292Z","lvl":"info","msg":"Imported new potential chain segment","number":"8274","hash":"0x0f02e35dd6225fa39cabe8524876fc80bd5be99cff03bd01444493e7c92fd235","blocks":1,"txs":0,"mgas":0,"elapsed":"872.459µs","mgasps":0,"triediffs":"1.03 MiB","triedirty":"5.73 MiB"}
{"t":"2026-09-30T14:32:10.938567628Z","lvl":"info","msg":"Chain head was updated","number":"8274","hash":"0x0f02e35dd6225fa39cabe8524876fc80bd5be99cff03bd01444493e7c92fd235","root":"0x4511da05d3e160fd56d4e7b68076c9d0f917ab165f68c67cc3e646f853e373fc","elapsed":"25.625µs"}
{"t":"2026-09-30T14:32:10.977139295Z","lvl":"info","msg":"Starting work on payload","id":"0x04b72ea08b7b7f34"}
{"t":"2026-09-30T14:32:10.977597086Z","lvl":"info","msg":"Updated payload","id":"0x04b72ea08b7b7f34","number":8275,"hash":"0x1b5ffa92b41e52534f9e9c21a64a14463a8c9fd9ce4f4fe5fc8855d878d4deab","txs":0,"withdrawals":16,"gas":0,"fees":"0","root":"0xd39b7dbd175ed2b4337b09894db3509aa5d0219ecb5957ed91a1f440799fb1ba","elapsed":"394.625µs","balhash":"0xb1f0387a0800203596fea1741fc0d59df407cfafbfc9a07b4e06994004c8c257"}
{"t":"2026-09-30T14:32:10.978171753Z","lvl":"info","msg":"Stopping work on payload","id":"0x04b72ea08b7b7f34","reason":"delivery"}
{"t":"2026-09-30T14:32:11.013722795Z","lvl":"info","msg":"Imported new potential chain segment","number":"8275","hash":"0x1b5ffa92b41e52534f9e9c21a64a14463a8c9fd9ce4f4fe5fc8855d878d4deab","blocks":1,"txs":0,"mgas":0,"elapsed":"1.072ms","mgasps":0,"triediffs":"1.03 MiB","triedirty":"5.73 MiB"}
{"t":"2026-09-30T14:32:11.015555961Z","lvl":"info","msg":"Chain head was updated","number":"8275","hash":"0x1b5ffa92b41e52534f9e9c21a64a14463a8c9fd9ce4f4fe5fc8855d878d4deab","root":"0xd39b7dbd175ed2b4337b09894db3509aa5d0219ecb5957ed91a1f440799fb1ba","elapsed":"25.542µs"}
{"t":"2026-09-30T14:32:11.06158267Z","lvl":"info","msg":"Starting work on payload","id":"0x0405fbcf654e6bc8"}
{"t":"2026-09-30T14:32:11.062290211Z","lvl":"info","msg":"Updated payload","id":"0x0405fbcf654e6bc8","number":8276,"hash":"0xd85dabea0823d2f19da451c66c02fa06a038f1aa61d02852ba06b04ccdadbe8a","txs":0,"withdrawals":16,"gas":0,"fees":"0","root":"0x292e87868ca30be2b12792be61653489cecdbe3f530375f35d6a054582d96acb","elapsed":"586.708µs","balhash":"0xa9321aab768d3f1ce14a8b3a23e2fb6c5604b917e517531ad26ee2d3696e0d92"}
{"t":"2026-09-30T14:32:11.063390795Z","lvl":"info","msg":"Stopping work on payload","id":"0x0405fbcf654e6bc8","reason":"delivery"}
{"t":"2026-09-30T14:32:11.107492295Z","lvl":"info","msg":"Imported new potential chain segment","number":"8276","hash":"0xd85dabea0823d2f19da451c66c02fa06a038f1aa61d02852ba06b04ccdadbe8a","blocks":1,"txs":0,"mgas":0,"elapsed":"921.626µs","mgasps":0,"triediffs":"1.03 MiB","triedirty":"5.73 MiB"}
{"t":"2026-09-30T14:32:11.110591711Z","lvl":"info","msg":"Chain head was updated","number":"8276","hash":"0xd85dabea0823d2f19da451c66c02fa06a038f1aa61d02852ba06b04ccdadbe8a","root":"0x292e87868ca30be2b12792be61653489cecdbe3f530375f35d6a054582d96acb","elapsed":"27.833µs"}
{"t":"2026-09-30T14:32:11.152801295Z","lvl":"info","msg":"Starting work on payload","id":"0x04cb4c4ae580c2c8"}
{"t":"2026-09-30T14:32:11.153284003Z","lvl":"info","msg":"Updated payload","id":"0x04cb4c4ae580c2c8","number":8277,"hash":"0x745648ea52978f865d502b4757884dad71b4f2d6fe9040185feba5537e559b4a","txs":0,"withdrawals":16,"gas":0,"fees":"0","root":"0x935397b34d07eada817d54bf7a6e978a9b6c65f2653baf73072ea118748d412c","elapsed":"404.958µs","balhash":"0x29287a95cac4809890464b33b5396b18aec7697758b1757ae36a3e4cc04a58df"}
{"t":"2026-09-30T14:32:11.154053961Z","lvl":"info","msg":"Stopping work on payload","id":"0x04cb4c4ae580c2c8","reason":"delivery"}
{"t":"2026-09-30T14:32:11.241231795Z","lvl":"info","msg":"Imported new potential chain segment","number":"8277","hash":"0x745648ea52978f865d502b4757884dad71b4f2d6fe9040185feba5537e559b4a","blocks":1,"txs":0,"mgas":0,"elapsed":"2.675ms","mgasps":0,"triediffs":"1.03 MiB","triedirty":"5.73 MiB"}
{"t":"2026-09-30T14:32:11.25077467Z","lvl":"info","msg":"Chain head was updated","number":"8277","hash":"0x745648ea52978f865d502b4757884dad71b4f2d6fe9040185feba5537e559b4a","root":"0x935397b34d07eada817d54bf7a6e978a9b6c65f2653baf73072ea118748d412c","elapsed":"178.417µs"}
{"t":"2026-09-30T14:32:11.390960212Z","lvl":"info","msg":"Starting work on payload","id":"0x04b5c6c031a0c11f"}
{"t":"2026-09-30T14:32:11.391866212Z","lvl":"info","msg":"Updated payload","id":"0x04b5c6c031a0c11f","number":8278,"hash":"0x924592ba959d031c2a55cc5bed0fe8b2dd4a4dd7942429a23fddade63d2cc974","txs":0,"withdrawals":16,"gas":0,"fees":"0","root":"0x9cfe69d1ba38c0a2f6161cc01acec7f281a8740237cd8421d05604df809c6349","elapsed":"801.333µs","balhash":"0xf37d69659b2364abe5cc16094a8724e902774051ba4b54ad072334f5e4d61787"}
{"t":"2026-09-30T14:32:11.393100462Z","lvl":"info","msg":"Stopping work on payload","id":"0x04b5c6c031a0c11f","reason":"delivery"}
{"t":"2026-09-30T14:32:11.454839087Z","lvl":"info","msg":"Imported new potential chain segment","number":"8278","hash":"0x924592ba959d031c2a55cc5bed0fe8b2dd4a4dd7942429a23fddade63d2cc974","blocks":1,"txs":0,"mgas":0,"elapsed":"1.213ms","mgasps":0,"triediffs":"1.03 MiB","triedirty":"5.73 MiB"}
{"t":"2026-09-30T14:32:11.45891892Z","lvl":"info","msg":"Chain head was updated","number":"8278","hash":"0x924592ba959d031c2a55cc5bed0fe8b2dd4a4dd7942429a23fddade63d2cc974","root":"0x9cfe69d1ba38c0a2f6161cc01acec7f281a8740237cd8421d05604df809c6349","elapsed":"34.875µs"}
{"t":"2026-09-30T14:32:11.507588087Z","lvl":"info","msg":"Starting work on payload","id":"0x04ba3231637b7e3e"}
{"t":"2026-09-30T14:32:11.508183795Z","lvl":"info","msg":"Updated payload","id":"0x04ba3231637b7e3e","number":8279,"hash":"0x5078819ab1986246c923236c01025a1bf45cc6a4ff7a21f84178925b057ef8a6","txs":0,"withdrawals":16,"gas":0,"fees":"0","root":"0xa42bb9d09db94860004cc41ee959bff6499e10f9fd245e65281e69139b8f6d79","elapsed":"511.833µs","balhash":"0x813c60daa76ede30cfb46da4508faeeedb78ec1c885a6ec062688f99a654b846"}
{"t":"2026-09-30T14:32:11.509400712Z","lvl":"info","msg":"Stopping work on payload","id":"0x04ba3231637b7e3e","reason":"delivery"}
{"t":"2026-09-30T14:32:11.553181045Z","lvl":"info","msg":"Imported new potential chain segment","number":"8279","hash":"0x5078819ab1986246c923236c01025a1bf45cc6a4ff7a21f84178925b057ef8a6","blocks":1,"txs":0,"mgas":0,"elapsed":"817.126µs","mgasps":0,"triediffs":"1.03 MiB","triedirty":"5.73 MiB"}
{"t":"2026-09-30T14:32:11.555110628Z","lvl":"info","msg":"Chain head was updated","number":"8279","hash":"0x5078819ab1986246c923236c01025a1bf45cc6a4ff7a21f84178925b057ef8a6","root":"0xa42bb9d09db94860004cc41ee959bff6499e10f9fd245e65281e69139b8f6d79","elapsed":"24µs"}
{"t":"2026-09-30T14:32:11.597798337Z","lvl":"info","msg":"Starting work on payload","id":"0x04fac8778dbbc95c"}
{"t":"2026-09-30T14:32:11.598501545Z","lvl":"info","msg":"Updated payload","id":"0x04fac8778dbbc95c","number":8280,"hash":"0x121f394c100e32945999c1ad3722c940ae95a926b3ca8bb04631324e6772dd45","txs":0,"withdrawals":16,"gas":0,"fees":"0","root":"0xde73ba890a49e26af5ce9c74edcc0f252765af306851892d8c588fd9bfc672f8","elapsed":"634.167µs","balhash":"0x67392c5a8cb3d7317345802fb373428cea8160dfe8a6426c3c9bfd730012aaa4"}
{"t":"2026-09-30T14:32:11.599336212Z","lvl":"info","msg":"Stopping work on payload","id":"0x04fac8778dbbc95c","reason":"delivery"}
{"t":"2026-09-30T14:32:11.63610942Z","lvl":"info","msg":"Imported new potential chain segment","number":"8280","hash":"0x121f394c100e32945999c1ad3722c940ae95a926b3ca8bb04631324e6772dd45","blocks":1,"txs":0,"mgas":0,"elapsed":"760.501µs","mgasps":0,"triediffs":"1.03 MiB","triedirty":"5.73 MiB"}
{"t":"2026-09-30T14:32:11.638075837Z","lvl":"info","msg":"Chain head was updated","number":"8280","hash":"0x121f394c100e32945999c1ad3722c940ae95a926b3ca8bb04631324e6772dd45","root":"0xde73ba890a49e26af5ce9c74edcc0f252765af306851892d8c588fd9bfc672f8","elapsed":"24.333µs"}
{"t":"2026-09-30T14:32:11.677828462Z","lvl":"info","msg":"Starting work on payload","id":"0x04e23cde2e4957b1"}
{"t":"2026-09-30T14:32:11.67840167Z","lvl":"info","msg":"Updated payload","id":"0x04e23cde2e4957b1","number":8281,"hash":"0xd75aa234d0d4803f35987485d11f5d934792db60412ee95496a3eed2671569ab","txs":0,"withdrawals":16,"gas":0,"fees":"0","root":"0xe4d84c02b34f1c7738a908ff270c41a64a526b22893aa122f0d67f507e3ef589","elapsed":"485.167µs","balhash":"0xa269dbf04a631ce6ed7efd5a1f97e9953689f54e0f12308f7e6e879155f12995"}
{"t":"2026-09-30T14:32:11.679063503Z","lvl":"info","msg":"Stopping work on payload","id":"0x04e23cde2e4957b1","reason":"delivery"}
{"t":"2026-09-30T14:32:11.715568003Z","lvl":"info","msg":"Imported new potential chain segment","number":"8281","hash":"0xd75aa234d0d4803f35987485d11f5d934792db60412ee95496a3eed2671569ab","blocks":1,"txs":0,"mgas":0,"elapsed":"898.626µs","mgasps":0,"triediffs":"1.03 MiB","triedirty":"5.73 MiB"}
{"t":"2026-09-30T14:32:11.71729917Z","lvl":"info","msg":"Chain head was updated","number":"8281","hash":"0xd75aa234d0d4803f35987485d11f5d934792db60412ee95496a3eed2671569ab","root":"0xe4d84c02b34f1c7738a908ff270c41a64a526b22893aa122f0d67f507e3ef589","elapsed":"23.375µs"}
{"t":"2026-09-30T14:32:11.759419628Z","lvl":"info","msg":"Starting work on payload","id":"0x04cbb39059d70dc6"}
{"t":"2026-09-30T14:32:11.760093503Z","lvl":"info","msg":"Updated payload","id":"0x04cbb39059d70dc6","number":8282,"hash":"0xbea7c01c41f9ae66d68a0f8091445552f1c7d9e1b931c015a297767024e0b3ca","txs":0,"withdrawals":16,"gas":0,"fees":"0","root":"0x68ef0c208134ceb4399bf64d469dd1c8f4a70ebce54cfd7aae64ec8d4fcd8712","elapsed":"619.208µs","balhash":"0xa1c762696eeb59d1bce7e292df4e4f2377eee226094f614e7efc7c7dd2231938"}
{"t":"2026-09-30T14:32:11.760945128Z","lvl":"info","msg":"Stopping work on payload","id":"0x04cbb39059d70dc6","reason":"delivery"}
{"t":"2026-09-30T14:32:11.814099337Z","lvl":"info","msg":"Imported new potential chain segment","number":"8282","hash":"0xbea7c01c41f9ae66d68a0f8091445552f1c7d9e1b931c015a297767024e0b3ca","blocks":1,"txs":0,"mgas":0,"elapsed":"3.173ms","mgasps":0,"triediffs":"1.03 MiB","triedirty":"5.73 MiB"}
{"t":"2026-09-30T14:32:11.817686712Z","lvl":"info","msg":"Chain head was updated","number":"8282","hash":"0xbea7c01c41f9ae66d68a0f8091445552f1c7d9e1b931c015a297767024e0b3ca","root":"0x68ef0c208134ceb4399bf64d469dd1c8f4a70ebce54cfd7aae64ec8d4fcd8712","elapsed":"34.542µs"}
{"t":"2026-09-30T14:32:11.856430628Z","lvl":"info","msg":"Starting work on payload","id":"0x045a2b4713851f70"}
{"t":"2026-09-30T14:32:11.857110045Z","lvl":"info","msg":"Updated payload","id":"0x045a2b4713851f70","number":8283,"hash":"0x58c5f552d25fa18a9722d0ce81998762b6d88bd7d79d0af9f453d57166a45949","txs":0,"withdrawals":16,"gas":0,"fees":"0","root":"0x02783cd3c1985d052d9f38529ef19b24e3db817f011c7e7956c9dbe973cf4be9","elapsed":"555.417µs","balhash":"0xccced19fa2797526a0a6a3481940dbe215f928c41b99c87d482ccf6a6a77a650"}
{"t":"2026-09-30T14:32:11.858023628Z","lvl":"info","msg":"Stopping work on payload","id":"0x045a2b4713851f70","reason":"delivery"}
{"t":"2026-09-30T14:32:11.893711503Z","lvl":"info","msg":"Imported new potential chain segment","number":"8283","hash":"0x58c5f552d25fa18a9722d0ce81998762b6d88bd7d79d0af9f453d57166a45949","blocks":1,"txs":0,"mgas":0,"elapsed":"788.21µs","mgasps":0,"triediffs":"1.03 MiB","triedirty":"5.73 MiB"}
{"t":"2026-09-30T14:32:11.896254045Z","lvl":"info","msg":"Chain head was updated","number":"8283","hash":"0x58c5f552d25fa18a9722d0ce81998762b6d88bd7d79d0af9f453d57166a45949","root":"0x02783cd3c1985d052d9f38529ef19b24e3db817f011c7e7956c9dbe973cf4be9","elapsed":"37.542µs"}
{"t":"2026-09-30T14:32:11.938285253Z","lvl":"info","msg":"Starting work on payload","id":"0x04d7382d82416415"}
{"t":"2026-09-30T14:32:11.939160128Z","lvl":"info","msg":"Updated payload","id":"0x04d7382d82416415","number":8284,"hash":"0x4702f4a23104a706f2a94d1a52ee51f8fdf4d0feb11ef339788439eba051d396","txs":0,"withdrawals":16,"gas":0,"fees":"0","root":"0x0b324976b7f4b27d3724d9c25978a2d86333fd0b61d1c01def19ca4b273faca6","elapsed":"789.833µs","balhash":"0xe7781027975c307886a3eb28e3ef66daaa9da9eb792f9dea91cab07f4589d89c"}
{"t":"2026-09-30T14:32:11.94000992Z","lvl":"info","msg":"Stopping work on payload","id":"0x04d7382d82416415","reason":"delivery"}
{"t":"2026-09-30T14:32:11.977391712Z","lvl":"info","msg":"Imported new potential chain segment","number":"8284","hash":"0x4702f4a23104a706f2a94d1a52ee51f8fdf4d0feb11ef339788439eba051d396","blocks":1,"txs":0,"mgas":0,"elapsed":"764.168µs","mgasps":0,"triediffs":"1.03 MiB","triedirty":"5.73 MiB"}
{"t":"2026-09-30T14:32:11.979002045Z","lvl":"info","msg":"Chain head was updated","number":"8284","hash":"0x4702f4a23104a706f2a94d1a52ee51f8fdf4d0feb11ef339788439eba051d396","root":"0x0b324976b7f4b27d3724d9c25978a2d86333fd0b61d1c01def19ca4b273faca6","elapsed":"24.791µs"}
{"t":"2026-09-30T14:32:12.016854754Z","lvl":"info","msg":"Starting work on payload","id":"0x040d0c0dfd9dd328"}
{"t":"2026-09-30T14:32:12.017311254Z","lvl":"info","msg":"Updated payload","id":"0x040d0c0dfd9dd328","number":8285,"hash":"0xd8c4c071ccca79e5e701a84d1101317426f2ef9afb5ac544df3de506d140af9b","txs":0,"withdrawals":16,"gas":0,"fees":"0","root":"0x860ba85281b6b53e5d387953c20b1ddf42656232a100b44db6f75ca1f2974bcd","elapsed":"389.791µs","balhash":"0x208ecb01eb042e3e6fd779f833b74b6bcb02677f03ddf585679b220ca421134e"}
{"t":"2026-09-30T14:32:12.018066295Z","lvl":"info","msg":"Stopping work on payload","id":"0x040d0c0dfd9dd328","reason":"delivery"}
{"t":"2026-09-30T14:32:12.05394592Z","lvl":"info","msg":"Imported new potential chain segment","number":"8285","hash":"0xd8c4c071ccca79e5e701a84d1101317426f2ef9afb5ac544df3de506d140af9b","blocks":1,"txs":0,"mgas":0,"elapsed":"755.835µs","mgasps":0,"triediffs":"1.03 MiB","triedirty":"5.74 MiB"}
{"t":"2026-09-30T14:32:12.055692212Z","lvl":"info","msg":"Chain head was updated","number":"8285","hash":"0xd8c4c071ccca79e5e701a84d1101317426f2ef9afb5ac544df3de506d140af9b","root":"0x860ba85281b6b53e5d387953c20b1ddf42656232a100b44db6f75ca1f2974bcd","elapsed":"25.041µs"}
{"t":"2026-09-30T14:32:12.098508212Z","lvl":"info","msg":"Starting work on payload","id":"0x04fa8d8d0991ec33"}
{"t":"2026-09-30T14:32:12.099247545Z","lvl":"info","msg":"Updated payload","id":"0x04fa8d8d0991ec33","number":8286,"hash":"0xcc3da603f534bd3dca1981787716ac2e321ee832e32080f6ac94a71ae140e5a8","txs":0,"withdrawals":16,"gas":0,"fees":"0","root":"0x2dcf3e4ead48ad1504768fa1cc6c7d0be6f67c617850a1b707ace63d83a59618","elapsed":"643.416µs","balhash":"0x1b29f85b3f04653937e822324e074b3140e17dda2dbc50111d8b86b6b8c194de"}
{"t":"2026-09-30T14:32:12.10006567Z","lvl":"info","msg":"Stopping work on payload","id":"0x04fa8d8d0991ec33","reason":"delivery"}
{"t":"2026-09-30T14:32:12.141804712Z","lvl":"info","msg":"Imported new potential chain segment","number":"8286","hash":"0xcc3da603f534bd3dca1981787716ac2e321ee832e32080f6ac94a71ae140e5a8","blocks":1,"txs":0,"mgas":0,"elapsed":"1.138ms","mgasps":0,"triediffs":"1.03 MiB","triedirty":"5.74 MiB"}
{"t":"2026-09-30T14:32:12.144176795Z","lvl":"info","msg":"Chain head was updated","number":"8286","hash":"0xcc3da603f534bd3dca1981787716ac2e321ee832e32080f6ac94a71ae140e5a8","root":"0x2dcf3e4ead48ad1504768fa1cc6c7d0be6f67c617850a1b707ace63d83a59618","elapsed":"33.208µs"}
{"t":"2026-09-30T14:32:12.181051254Z","lvl":"info","msg":"Starting work on payload","id":"0x046178b0ac8a1971"}
{"t":"2026-09-30T14:32:12.181597712Z","lvl":"info","msg":"Updated payload","id":"0x046178b0ac8a1971","number":8287,"hash":"0x48585f5bdf0d583d2d1a735e93f5cec179ba9dc820c68cc2b77c96c166687b7b","txs":0,"withdrawals":16,"gas":0,"fees":"0","root":"0x55f93d6c47efdb7020fa4a342f3291e14540ed0c64634deaeb384469aefcd7c5","elapsed":"434.292µs","balhash":"0xf63db1e14b8cfe46fe16ef67fbf324d1a8199c5fb28c1eb361497b2f0d453eae"}
{"t":"2026-09-30T14:32:12.182488337Z","lvl":"info","msg":"Stopping work on payload","id":"0x046178b0ac8a1971","reason":"delivery"}
{"t":"2026-09-30T14:32:12.21945192Z","lvl":"info","msg":"Imported new potential chain segment","number":"8287","hash":"0x48585f5bdf0d583d2d1a735e93f5cec179ba9dc820c68cc2b77c96c166687b7b","blocks":1,"txs":0,"mgas":0,"elapsed":"854.876µs","mgasps":0,"triediffs":"1.03 MiB","triedirty":"5.74 MiB"}
{"t":"2026-09-30T14:32:12.222146254Z","lvl":"info","msg":"Chain head was updated","number":"8287","hash":"0x48585f5bdf0d583d2d1a735e93f5cec179ba9dc820c68cc2b77c96c166687b7b","root":"0x55f93d6c47efdb7020fa4a342f3291e14540ed0c64634deaeb384469aefcd7c5","elapsed":"44µs"}
{"t":"2026-09-30T14:32:12.273628545Z","lvl":"info","msg":"Starting work on payload","id":"0x04b89daf4eecade0"}
{"t":"2026-09-30T14:32:12.274049254Z","lvl":"info","msg":"Updated payload","id":"0x04b89daf4eecade0","number":8288,"hash":"0x4af5b510a2abf74e159f63ce233abd05cd2695d570d6ec738a90fbd5e48052c7","txs":0,"withdrawals":16,"gas":0,"fees":"0","root":"0xa3972b2a14d5bdd31f1627da1bb1d015042c1ecec1e1ba8048c64911cc252e59","elapsed":"348.584µs","balhash":"0x6427f42bd709b97cc59d93da98d40b4e56c25d0a73d930fda15c31c214a2e129"}
{"t":"2026-09-30T14:32:12.27484092Z","lvl":"info","msg":"Stopping work on payload","id":"0x04b89daf4eecade0","reason":"delivery"}
{"t":"2026-09-30T14:32:12.33748242Z","lvl":"info","msg":"Imported new potential chain segment","number":"8288","hash":"0x4af5b510a2abf74e159f63ce233abd05cd2695d570d6ec738a90fbd5e48052c7","blocks":1,"txs":0,"mgas":0,"elapsed":"1.156ms","mgasps":0,"triediffs":"1.03 MiB","triedirty":"5.74 MiB"}
{"t":"2026-09-30T14:32:12.339716337Z","lvl":"info","msg":"Chain head was updated","number":"8288","hash":"0x4af5b510a2abf74e159f63ce233abd05cd2695d570d6ec738a90fbd5e48052c7","root":"0xa3972b2a14d5bdd31f1627da1bb1d015042c1ecec1e1ba8048c64911cc252e59","elapsed":"33.583µs"}
{"t":"2026-09-30T14:32:12.390481045Z","lvl":"info","msg":"Starting work on payload","id":"0x044982f67666c049"}
{"t":"2026-09-30T14:32:12.390998004Z","lvl":"info","msg":"Updated payload","id":"0x044982f67666c049","number":8289,"hash":"0xf8ed17d51e85f0dbf564d1cabf92f8fa9fbcafb503c0f7fcafc3f221cfb34af1","txs":0,"withdrawals":16,"gas":0,"fees":"0","root":"0xda55247ae117b65d42c1866aae3a6d1de737d2d2edad7d6fddf69d34226b5cb4","elapsed":"436.875µs","balhash":"0x070729e889138fd7db350f728d11231832c8ee88c7167c629a7ac1f06908f35f"}
{"t":"2026-09-30T14:32:12.391731129Z","lvl":"info","msg":"Stopping work on payload","id":"0x044982f67666c049","reason":"delivery"}
{"t":"2026-09-30T14:32:12.440710379Z","lvl":"info","msg":"Imported new potential chain segment","number":"8289","hash":"0xf8ed17d51e85f0dbf564d1cabf92f8fa9fbcafb503c0f7fcafc3f221cfb34af1","blocks":1,"txs":0,"mgas":0,"elapsed":"891.918µs","mgasps":0,"triediffs":"1.03 MiB","triedirty":"5.74 MiB"}
{"t":"2026-09-30T14:32:12.442584629Z","lvl":"info","msg":"Chain head was updated","number":"8289","hash":"0xf8ed17d51e85f0dbf564d1cabf92f8fa9fbcafb503c0f7fcafc3f221cfb34af1","root":"0xda55247ae117b65d42c1866aae3a6d1de737d2d2edad7d6fddf69d34226b5cb4","elapsed":"24.459µs"}
{"t":"2026-09-30T14:32:12.490283129Z","lvl":"info","msg":"Starting work on payload","id":"0x0460db3e24a52d54"}
{"t":"2026-09-30T14:32:12.490765587Z","lvl":"info","msg":"Updated payload","id":"0x0460db3e24a52d54","number":8290,"hash":"0x56f5bc1e5187c4631e18461be5c71424745f8d0018fac9083fbaa8bbfa033a6c","txs":0,"withdrawals":16,"gas":0,"fees":"0","root":"0x0c2c39ee7ca45e70a274edccccc26aea8f4991362dd794f48a39db888b8ec660","elapsed":"398.625µs","balhash":"0x265cf08cb97c22ae893ef1391c3cfee2a461e76dc2683414601f42e11f16c862"}
{"t":"2026-09-30T14:32:12.492560504Z","lvl":"info","msg":"Stopping work on payload","id":"0x0460db3e24a52d54","reason":"delivery"}
{"t":"2026-09-30T14:32:12.529846045Z","lvl":"info","msg":"Imported new potential chain segment","number":"8290","hash":"0x56f5bc1e5187c4631e18461be5c71424745f8d0018fac9083fbaa8bbfa033a6c","blocks":1,"txs":0,"mgas":0,"elapsed":"934.501µs","mgasps":0,"triediffs":"1.03 MiB","triedirty":"5.74 MiB"}
{"t":"2026-09-30T14:32:12.531705629Z","lvl":"info","msg":"Chain head was updated","number":"8290","hash":"0x56f5bc1e5187c4631e18461be5c71424745f8d0018fac9083fbaa8bbfa033a6c","root":"0x0c2c39ee7ca45e70a274edccccc26aea8f4991362dd794f48a39db888b8ec660","elapsed":"25.208µs"}
{"t":"2026-09-30T14:32:12.574610129Z","lvl":"info","msg":"Starting work on payload","id":"0x0424b37460155f3b"}
{"t":"2026-09-30T14:32:12.575188754Z","lvl":"info","msg":"Updated payload","id":"0x0424b37460155f3b","number":8291,"hash":"0xdc4bee02254eb74828951f92402b51e79dac6f9ca9fd608b506ca43a9d5dba1b","txs":0,"withdrawals":16,"gas":0,"fees":"0","root":"0x2101b5ad755492097a49b97812e83929a5845975d234b8f5c81cd68d7bf15aea","elapsed":"502.667µs","balhash":"0xae00e9b1affd5b4e0c3a224985a4194b45e80726fed7f158d5d9d720048e9a64"}
{"t":"2026-09-30T14:32:12.575956045Z","lvl":"info","msg":"Stopping work on payload","id":"0x0424b37460155f3b","reason":"delivery"}
{"t":"2026-09-30T14:32:12.613337587Z","lvl":"info","msg":"Imported new potential chain segment","number":"8291","hash":"0xdc4bee02254eb74828951f92402b51e79dac6f9ca9fd608b506ca43a9d5dba1b","blocks":1,"txs":0,"mgas":0,"elapsed":"865.001µs","mgasps":0,"triediffs":"1.03 MiB","triedirty":"5.74 MiB"}
{"t":"2026-09-30T14:32:12.617367712Z","lvl":"info","msg":"Chain head was updated","number":"8291","hash":"0xdc4bee02254eb74828951f92402b51e79dac6f9ca9fd608b506ca43a9d5dba1b","root":"0x2101b5ad755492097a49b97812e83929a5845975d234b8f5c81cd68d7bf15aea","elapsed":"36.333µs"}
{"t":"2026-09-30T14:32:12.657247337Z","lvl":"info","msg":"Starting work on payload","id":"0x04b786f9f06859e2"}
{"t":"2026-09-30T14:32:12.657704671Z","lvl":"info","msg":"Updated payload","id":"0x04b786f9f06859e2","number":8292,"hash":"0x094f0894ab308a15cb36f648e0bd23a5e70e4d395ba676686745ae8f21257dba","txs":0,"withdrawals":16,"gas":0,"fees":"0","root":"0x0d16c83ae166799f7c909575cbd3c57800d0131e9e2bb9b09e0501fdd5c7a9dc","elapsed":"383.167µs","balhash":"0x3e87d31c2599c586eb1e506a699e2e6fc88833b6f49438f5ac394709312c62aa"}
{"t":"2026-09-30T14:32:12.658686087Z","lvl":"info","msg":"Stopping work on payload","id":"0x04b786f9f06859e2","reason":"delivery"}
{"t":"2026-09-30T14:32:12.694740129Z","lvl":"info","msg":"Imported new potential chain segment","number":"8292","hash":"0x094f0894ab308a15cb36f648e0bd23a5e70e4d395ba676686745ae8f21257dba","blocks":1,"txs":0,"mgas":0,"elapsed":"697.293µs","mgasps":0,"triediffs":"1.03 MiB","triedirty":"5.74 MiB"}
{"t":"2026-09-30T14:32:12.697437754Z","lvl":"info","msg":"Chain head was updated","number":"8292","hash":"0x094f0894ab308a15cb36f648e0bd23a5e70e4d395ba676686745ae8f21257dba","root":"0x0d16c83ae166799f7c909575cbd3c57800d0131e9e2bb9b09e0501fdd5c7a9dc","elapsed":"21.875µs"}
{"t":"2026-09-30T14:32:12.737852296Z","lvl":"info","msg":"Starting work on payload","id":"0x041b42ba5bc38056"}
{"t":"2026-09-30T14:32:12.738342171Z","lvl":"info","msg":"Updated payload","id":"0x041b42ba5bc38056","number":8293,"hash":"0x3372b62d6e0b7a8608aa0f0606bd3517c4100bf33db47525ca1a7dc0e0c6b717","txs":0,"withdrawals":16,"gas":0,"fees":"0","root":"0xdf7bebf41ebdadbabc1bed1ce4f66a1bd88d4a2f108d15c084a08917398a1b94","elapsed":"410.583µs","balhash":"0xb622dcea5fd4b36abc7b27d653aa93ab065b77baecccee928b50bb911633316e"}
{"t":"2026-09-30T14:32:12.739065921Z","lvl":"info","msg":"Stopping work on payload","id":"0x041b42ba5bc38056","reason":"delivery"}
{"t":"2026-09-30T14:32:12.775883546Z","lvl":"info","msg":"Imported new potential chain segment","number":"8293","hash":"0x3372b62d6e0b7a8608aa0f0606bd3517c4100bf33db47525ca1a7dc0e0c6b717","blocks":1,"txs":0,"mgas":0,"elapsed":"929.418µs","mgasps":0,"triediffs":"1.03 MiB","triedirty":"5.74 MiB"}
{"t":"2026-09-30T14:32:12.777603712Z","lvl":"info","msg":"Chain head was updated","number":"8293","hash":"0x3372b62d6e0b7a8608aa0f0606bd3517c4100bf33db47525ca1a7dc0e0c6b717","root":"0xdf7bebf41ebdadbabc1bed1ce4f66a1bd88d4a2f108d15c084a08917398a1b94","elapsed":"32µs"}
{"t":"2026-09-30T14:32:12.822151754Z","lvl":"info","msg":"Starting work on payload","id":"0x04d4ae5d69425f66"}
{"t":"2026-09-30T14:32:12.822612296Z","lvl":"info","msg":"Updated payload","id":"0x04d4ae5d69425f66","number":8294,"hash":"0x60010e3bdc1ccb05da047f870ed70d477dab405f005eeb4825120d1309885668","txs":0,"withdrawals":16,"gas":0,"fees":"0","root":"0xc4c1ad342564de1983cc1cbfc58b87b1cecd4cde74f10498fd2510afa8e86e7b","elapsed":"382.875µs","balhash":"0x028b22d7fd4927c325c916173882186473d7e610a8a48b0f537a860aaec76836"}
{"t":"2026-09-30T14:32:12.823304796Z","lvl":"info","msg":"Stopping work on payload","id":"0x04d4ae5d69425f66","reason":"delivery"}
{"t":"2026-09-30T14:32:12.859675129Z","lvl":"info","msg":"Imported new potential chain segment","number":"8294","hash":"0x60010e3bdc1ccb05da047f870ed70d477dab405f005eeb4825120d1309885668","blocks":1,"txs":0,"mgas":0,"elapsed":"840.418µs","mgasps":0,"triediffs":"1.03 MiB","triedirty":"5.74 MiB"}
{"t":"2026-09-30T14:32:12.861590546Z","lvl":"info","msg":"Chain head was updated","number":"8294","hash":"0x60010e3bdc1ccb05da047f870ed70d477dab405f005eeb4825120d1309885668","root":"0xc4c1ad342564de1983cc1cbfc58b87b1cecd4cde74f10498fd2510afa8e86e7b","elapsed":"21.666µs"}
{"t":"2026-09-30T14:32:12.902228629Z","lvl":"info","msg":"Starting work on payload","id":"0x0428940a3b95cfe9"}
{"t":"2026-09-30T14:32:12.902850254Z","lvl":"info","msg":"Updated payload","id":"0x0428940a3b95cfe9","number":8295,"hash":"0x9ee0fd4597ed7e24a3ff12f458f53f9e82e4b0eaba5d8bdb77be3459b3b1d837","txs":0,"withdrawals":16,"gas":0,"fees":"0","root":"0x38f6c4741baf67038c9e71a25f8c80a4cd8b6c5b4796ed0ef352692878513fff","elapsed":"548.833µs","balhash":"0xc2d8047c0cc393e84b2017dd90b701dbca900301fb2a1ba884e66067181bc404"}
{"t":"2026-09-30T14:32:12.903570129Z","lvl":"info","msg":"Stopping work on payload","id":"0x0428940a3b95cfe9","reason":"delivery"}
{"t":"2026-09-30T14:32:12.939606212Z","lvl":"info","msg":"Imported new potential chain segment","number":"8295","hash":"0x9ee0fd4597ed7e24a3ff12f458f53f9e82e4b0eaba5d8bdb77be3459b3b1d837","blocks":1,"txs":0,"mgas":0,"elapsed":"830.71µs","mgasps":0,"triediffs":"1.03 MiB","triedirty":"5.74 MiB"}
{"t":"2026-09-30T14:32:12.941241212Z","lvl":"info","msg":"Chain head was updated","number":"8295","hash":"0x9ee0fd4597ed7e24a3ff12f458f53f9e82e4b0eaba5d8bdb77be3459b3b1d837","root":"0x38f6c4741baf67038c9e71a25f8c80a4cd8b6c5b4796ed0ef352692878513fff","elapsed":"32.125µs"}
{"t":"2026-09-30T14:32:12.977679421Z","lvl":"info","msg":"Starting work on payload","id":"0x04c2c0eec4176810"}
{"t":"2026-09-30T14:32:12.978085671Z","lvl":"info","msg":"Updated payload","id":"0x04c2c0eec4176810","number":8296,"hash":"0x41f45b79a3523a9d013968538661ae4a46c7f039194ea67cdb06f46db9860d31","txs":0,"withdrawals":16,"gas":0,"fees":"0","root":"0x8ca0f38e5a8e3d672b927df906807252c85ec03818384a22846148987502aad7","elapsed":"334.625µs","balhash":"0x48d8fdbc74cdb24b6811a6db6b3a4ddedd8cb54184a6adea8f62409330a7d12f"}
{"t":"2026-09-30T14:32:12.978708962Z","lvl":"info","msg":"Stopping work on payload","id":"0x04c2c0eec4176810","reason":"delivery"}
{"t":"2026-09-30T14:32:13.014285546Z","lvl":"info","msg":"Imported new potential chain segment","number":"8296","hash":"0x41f45b79a3523a9d013968538661ae4a46c7f039194ea67cdb06f46db9860d31","blocks":1,"txs":0,"mgas":0,"elapsed":"767.834µs","mgasps":0,"triediffs":"1.03 MiB","triedirty":"5.74 MiB"}
{"t":"2026-09-30T14:32:13.016113337Z","lvl":"info","msg":"Chain head was updated","number":"8296","hash":"0x41f45b79a3523a9d013968538661ae4a46c7f039194ea67cdb06f46db9860d31","root":"0x8ca0f38e5a8e3d672b927df906807252c85ec03818384a22846148987502aad7","elapsed":"22.167µs"}
{"t":"2026-09-30T14:32:13.054286421Z","lvl":"info","msg":"Starting work on payload","id":"0x04ebaf111aec3186"}
{"t":"2026-09-30T14:32:13.054807087Z","lvl":"info","msg":"Updated payload","id":"0x04ebaf111aec3186","number":8297,"hash":"0xc31410f919e1dbbcb4d9285eb6d589f3662485c3b45b771b213b7c3cbbcf7e22","txs":0,"withdrawals":16,"gas":0,"fees":"0","root":"0x1a0db422ad8c0d75d392d0083a4d7e712a07011e97b5ca1e257e67b7da5f43e0","elapsed":"471.958µs","balhash":"0x9b3572e0765c013947755ad949f4e3a70e435bfd8e62be4775894d19fafac58a"}
{"t":"2026-09-30T14:32:13.055564087Z","lvl":"info","msg":"Stopping work on payload","id":"0x04ebaf111aec3186","reason":"delivery"}
{"t":"2026-09-30T14:32:13.092473837Z","lvl":"info","msg":"Imported new potential chain segment","number":"8297","hash":"0xc31410f919e1dbbcb4d9285eb6d589f3662485c3b45b771b213b7c3cbbcf7e22","blocks":1,"txs":0,"mgas":0,"elapsed":"881.168µs","mgasps":0,"triediffs":"1.03 MiB","triedirty":"5.74 MiB"}
{"t":"2026-09-30T14:32:13.097439962Z","lvl":"info","msg":"Chain head was updated","number":"8297","hash":"0xc31410f919e1dbbcb4d9285eb6d589f3662485c3b45b771b213b7c3cbbcf7e22","root":"0x1a0db422ad8c0d75d392d0083a4d7e712a07011e97b5ca1e257e67b7da5f43e0","elapsed":"30.917µs"}
{"t":"2026-09-30T14:32:13.136452337Z","lvl":"info","msg":"Starting work on payload","id":"0x04c8c68d8c7e710a"}
{"t":"2026-09-30T14:32:13.136864046Z","lvl":"info","msg":"Updated payload","id":"0x04c8c68d8c7e710a","number":8298,"hash":"0x69d05e68be63d6cb1debd357890bbcd97fcebceaadf653ccb54c8a48dd2ef143","txs":0,"withdrawals":16,"gas":0,"fees":"0","root":"0x342784564c8f366fe2e3e421f411c9bc3a7babd3c85817ccd615031c4fe68edd","elapsed":"330.333µs","balhash":"0x29f1bb1363b47796ef51d221bfe2ed0b900862ac782dcf6f09ec16545fd2e735"}
{"t":"2026-09-30T14:32:13.137548462Z","lvl":"info","msg":"Stopping work on payload","id":"0x04c8c68d8c7e710a","reason":"delivery"}
{"t":"2026-09-30T14:32:13.174766379Z","lvl":"info","msg":"Imported new potential chain segment","number":"8298","hash":"0x69d05e68be63d6cb1debd357890bbcd97fcebceaadf653ccb54c8a48dd2ef143","blocks":1,"txs":0,"mgas":0,"elapsed":"929.376µs","mgasps":0,"triediffs":"1.03 MiB","triedirty":"5.74 MiB"}
{"t":"2026-09-30T14:32:13.177061421Z","lvl":"info","msg":"Chain head was updated","number":"8298","hash":"0x69d05e68be63d6cb1debd357890bbcd97fcebceaadf653ccb54c8a48dd2ef143","root":"0x342784564c8f366fe2e3e421f411c9bc3a7babd3c85817ccd615031c4fe68edd","elapsed":"28.25µs"}
{"t":"2026-09-30T14:32:13.216206337Z","lvl":"info","msg":"Starting work on payload","id":"0x04688a817db75e01"}
{"t":"2026-09-30T14:32:13.216710504Z","lvl":"info","msg":"Updated payload","id":"0x04688a817db75e01","number":8299,"hash":"0xc3c7aac3e0bbbf0c7a12676c1addc1751dc079e0026188287ba7dd9bb79c6f92","txs":0,"withdrawals":16,"gas":0,"fees":"0","root":"0xa1e372185026a732d94a600088aec3002e7ce44a417a0fc958f89aba8c0d8b70","elapsed":"455.125µs","balhash":"0x2a8ea4c8971715e9db58869ac4c22acf32843f6df21fc037d01f7dffe1761043"}
{"t":"2026-09-30T14:32:13.217462254Z","lvl":"info","msg":"Stopping work on payload","id":"0x04688a817db75e01","reason":"delivery"}
{"t":"2026-09-30T14:32:13.253592879Z","lvl":"info","msg":"Imported new potential chain segment","number":"8299","hash":"0xc3c7aac3e0bbbf0c7a12676c1addc1751dc079e0026188287ba7dd9bb79c6f92","blocks":1,"txs":0,"mgas":0,"elapsed":"885.96µs","mgasps":0,"triediffs":"1.03 MiB","triedirty":"5.75 MiB"}
{"t":"2026-09-30T14:32:13.255392879Z","lvl":"info","msg":"Chain head was updated","number":"8299","hash":"0xc3c7aac3e0bbbf0c7a12676c1addc1751dc079e0026188287ba7dd9bb79c6f92","root":"0xa1e372185026a732d94a600088aec3002e7ce44a417a0fc958f89aba8c0d8b70","elapsed":"25.542µs"}
{"t":"2026-09-30T14:32:13.307532212Z","lvl":"info","msg":"Starting work on payload","id":"0x041b786247525b20"}
{"t":"2026-09-30T14:32:13.308391754Z","lvl":"info","msg":"Updated payload","id":"0x041b786247525b20","number":8300,"hash":"0x5fe4e671ce41acef773f59b5e6bd35d59592b0d116aa6caf6476d97c15d5b575","txs":0,"withdrawals":16,"gas":0,"fees":"0","root":"0x4aaecc31569d2f64ece7c1bee563361722cb25283d4be71f1344eda9a7f35a10","elapsed":"755.625µs","balhash":"0x17dde2eb7b5ce6824740d4c5a83dab57bf2214113118fb6b1ba81ef1b36b6b11"}
{"t":"2026-09-30T14:32:13.309410712Z","lvl":"info","msg":"Stopping work on payload","id":"0x041b786247525b20","reason":"delivery"}
{"t":"2026-09-30T14:32:13.347533421Z","lvl":"info","msg":"Imported new potential chain segment","number":"8300","hash":"0x5fe4e671ce41acef773f59b5e6bd35d59592b0d116aa6caf6476d97c15d5b575","blocks":1,"txs":0,"mgas":0,"elapsed":"802.709µs","mgasps":0,"triediffs":"1.03 MiB","triedirty":"5.75 MiB"}
{"t":"2026-09-30T14:32:13.349222171Z","lvl":"info","msg":"Chain head was updated","number":"8300","hash":"0x5fe4e671ce41acef773f59b5e6bd35d59592b0d116aa6caf6476d97c15d5b575","root":"0x4aaecc31569d2f64ece7c1bee563361722cb25283d4be71f1344eda9a7f35a10","elapsed":"30.917µs"}
{"t":"2026-09-30T14:32:13.390228838Z","lvl":"info","msg":"Starting work on payload","id":"0x04a687a818ad504f"}
{"t":"2026-09-30T14:32:13.390874879Z","lvl":"info","msg":"Updated payload","id":"0x04a687a818ad504f","number":8301,"hash":"0x9f7f1601d3b5aaca8bd806d8e0b526012e11c0ffc1482b9623050316744a3943","txs":0,"withdrawals":16,"gas":0,"fees":"0","root":"0x03dd8ab952787f295e696270197377b168dcecf0e6f75d37f40cf20ee4aaa05f","elapsed":"578.375µs","balhash":"0xd447c97fbac23642ef1246245e545b907a484d7466cdf37f166fdcba2ce2709a"}
{"t":"2026-09-30T14:32:13.391616921Z","lvl":"info","msg":"Stopping work on payload","id":"0x04a687a818ad504f","reason":"delivery"}
{"t":"2026-09-30T14:32:13.428228129Z","lvl":"info","msg":"Imported new potential chain segment","number":"8301","hash":"0x9f7f1601d3b5aaca8bd806d8e0b526012e11c0ffc1482b9623050316744a3943","blocks":1,"txs":0,"mgas":0,"elapsed":"860.834µs","mgasps":0,"triediffs":"1.03 MiB","triedirty":"5.75 MiB"}
{"t":"2026-09-30T14:32:13.429880213Z","lvl":"info","msg":"Chain head was updated","number":"8301","hash":"0x9f7f1601d3b5aaca8bd806d8e0b526012e11c0ffc1482b9623050316744a3943","root":"0x03dd8ab952787f295e696270197377b168dcecf0e6f75d37f40cf20ee4aaa05f","elapsed":"19.792µs"}
{"t":"2026-09-30T14:32:13.471875296Z","lvl":"info","msg":"Starting work on payload","id":"0x04697613410a3183"}
{"t":"2026-09-30T14:32:13.472445671Z","lvl":"info","msg":"Updated payload","id":"0x04697613410a3183","number":8302,"hash":"0x91acc8e0110798e94935d9c005ed8ca67dd5eb1b2db419576453929ae15a9a01","txs":0,"withdrawals":16,"gas":0,"fees":"0","root":"0x8943e1a372f299e494b4bb6badd3a17c75d2e883bc797c6711dd4123c2ff81b3","elapsed":"471.416µs","balhash":"0xced84a927d3792cf70ba36252b3d1795b42c2d8268c9d89b3d6468d4d2ae08b1"}
{"t":"2026-09-30T14:32:13.473153338Z","lvl":"info","msg":"Stopping work on payload","id":"0x04697613410a3183","reason":"delivery"}
{"t":"2026-09-30T14:32:13.510468713Z","lvl":"info","msg":"Imported new potential chain segment","number":"8302","hash":"0x91acc8e0110798e94935d9c005ed8ca67dd5eb1b2db419576453929ae15a9a01","blocks":1,"txs":0,"mgas":0,"elapsed":"1.195ms","mgasps":0,"triediffs":"1.03 MiB","triedirty":"5.75 MiB"}
{"t":"2026-09-30T14:32:13.513030713Z","lvl":"info","msg":"Chain head was updated","number":"8302","hash":"0x91acc8e0110798e94935d9c005ed8ca67dd5eb1b2db419576453929ae15a9a01","root":"0x8943e1a372f299e494b4bb6badd3a17c75d2e883bc797c6711dd4123c2ff81b3","elapsed":"30.083µs"}
{"t":"2026-09-30T14:32:13.564314504Z","lvl":"info","msg":"Starting work on payload","id":"0x04bd517196caf88a"}
{"t":"2026-09-30T14:32:13.564722379Z","lvl":"info","msg":"Updated payload","id":"0x04bd517196caf88a","number":8303,"hash":"0x3e1b4e41762d3ae0932b97842983ceeb100457a714cd689b059d9e81bf6aa72a","txs":0,"withdrawals":16,"gas":0,"fees":"0","root":"0x25c240b1d784d0eca352a68803ed1368874d653fbdc850e1a807aa7246d213bb","elapsed":"328.417µs","balhash":"0x1afc570d97f9bb359bd9717fb10b550f399230cbc6d41296e62ddae065bb5415"}
{"t":"2026-09-30T14:32:13.565647713Z","lvl":"info","msg":"Stopping work on payload","id":"0x04bd517196caf88a","reason":"delivery"}
{"t":"2026-09-30T14:32:13.602794421Z","lvl":"info","msg":"Imported new potential chain segment","number":"8303","hash":"0x3e1b4e41762d3ae0932b97842983ceeb100457a714cd689b059d9e81bf6aa72a","blocks":1,"txs":0,"mgas":0,"elapsed":"691.084µs","mgasps":0,"triediffs":"1.03 MiB","triedirty":"5.75 MiB"}
{"t":"2026-09-30T14:32:13.604536296Z","lvl":"info","msg":"Chain head was updated","number":"8303","hash":"0x3e1b4e41762d3ae0932b97842983ceeb100457a714cd689b059d9e81bf6aa72a","root":"0x25c240b1d784d0eca352a68803ed1368874d653fbdc850e1a807aa7246d213bb","elapsed":"21µs"}
{"t":"2026-09-30T14:32:13.651411963Z","lvl":"info","msg":"Starting work on payload","id":"0x0444adaf0a828402"}
{"t":"2026-09-30T14:32:13.651845296Z","lvl":"info","msg":"Updated payload","id":"0x0444adaf0a828402","number":8304,"hash":"0xf377cc2478f33b6c3ed71977acbf95f596082422e0cecf8e682ffef79c910ff7","txs":0,"withdrawals":16,"gas":0,"fees":"0","root":"0xcaadc75bdef2662d8efe9be84e33a751a579b1dd9541a2096ab7bb2cef82fa31","elapsed":"354.459µs","balhash":"0xa198da95cc1ea6684c8eac6c69a5e5ea0603ccc93f5d6948740233aeff141b5b"}
{"t":"2026-09-30T14:32:13.656331296Z","lvl":"info","msg":"Stopping work on payload","id":"0x0444adaf0a828402","reason":"delivery"}
{"t":"2026-09-30T14:32:13.693582129Z","lvl":"info","msg":"Imported new potential chain segment","number":"8304","hash":"0xf377cc2478f33b6c3ed71977acbf95f596082422e0cecf8e682ffef79c910ff7","blocks":1,"txs":0,"mgas":0,"elapsed":"883.043µs","mgasps":0,"triediffs":"1.03 MiB","triedirty":"5.75 MiB"}
{"t":"2026-09-30T14:32:13.695345713Z","lvl":"info","msg":"Chain head was updated","number":"8304","hash":"0xf377cc2478f33b6c3ed71977acbf95f596082422e0cecf8e682ffef79c910ff7","root":"0xcaadc75bdef2662d8efe9be84e33a751a579b1dd9541a2096ab7bb2cef82fa31","elapsed":"21.916µs"}
{"t":"2026-09-30T14:32:13.735880754Z","lvl":"info","msg":"Starting work on payload","id":"0x0468e2a7603a77dc"}
{"t":"2026-09-30T14:32:13.736500754Z","lvl":"info","msg":"Updated payload","id":"0x0468e2a7603a77dc","number":8305,"hash":"0x95fbda8dceb2a43e34699d8693894fdbeb5a971bb42e56d2bfd27b3e8bd97c92","txs":0,"withdrawals":16,"gas":0,"fees":"0","root":"0xfc1d44c0b3c142be0f0d24121904baba5689119123577d6b401a51fac53c193f","elapsed":"547.333µs","balhash":"0xac4e736c700bff7a8092601dcec2709632f5b80f37160ecc4b2270bfe621f0a6"}
{"t":"2026-09-30T14:32:13.737324588Z","lvl":"info","msg":"Stopping work on payload","id":"0x0468e2a7603a77dc","reason":"delivery"}
{"t":"2026-09-30T14:32:13.775492629Z","lvl":"info","msg":"Imported new potential chain segment","number":"8305","hash":"0x95fbda8dceb2a43e34699d8693894fdbeb5a971bb42e56d2bfd27b3e8bd97c92","blocks":1,"txs":0,"mgas":0,"elapsed":"807.834µs","mgasps":0,"triediffs":"1.03 MiB","triedirty":"5.75 MiB"}
{"t":"2026-09-30T14:32:13.777419171Z","lvl":"info","msg":"Chain head was updated","number":"8305","hash":"0x95fbda8dceb2a43e34699d8693894fdbeb5a971bb42e56d2bfd27b3e8bd97c92","root":"0xfc1d44c0b3c142be0f0d24121904baba5689119123577d6b401a51fac53c193f","elapsed":"30.666µs"}
{"t":"2026-09-30T14:32:13.839011546Z","lvl":"info","msg":"Starting work on payload","id":"0x044084efc147e994"}
{"t":"2026-09-30T14:32:13.839561546Z","lvl":"info","msg":"Updated payload","id":"0x044084efc147e994","number":8306,"hash":"0x87d133d97454364e13ea8e7a4a796c93f82332cd594fa1c7cec6da16f54c7a85","txs":0,"withdrawals":16,"gas":0,"fees":"0","root":"0xa698d0b7647faa2f45910a154c8425c369b1e866d443341516a0ee8abd608560","elapsed":"446.208µs","balhash":"0xecc4087188cdcf0c4efe1438dee3717b6d5966db5a7af99536c23787f6bd7e3c"}
{"t":"2026-09-30T14:32:13.841751504Z","lvl":"info","msg":"Stopping work on payload","id":"0x044084efc147e994","reason":"delivery"}
{"t":"2026-09-30T14:32:13.886295921Z","lvl":"info","msg":"Imported new potential chain segment","number":"8306","hash":"0x87d133d97454364e13ea8e7a4a796c93f82332cd594fa1c7cec6da16f54c7a85","blocks":1,"txs":0,"mgas":0,"elapsed":"860.084µs","mgasps":0,"triediffs":"1.03 MiB","triedirty":"5.75 MiB"}
{"t":"2026-09-30T14:32:13.888288046Z","lvl":"info","msg":"Chain head was updated","number":"8306","hash":"0x87d133d97454364e13ea8e7a4a796c93f82332cd594fa1c7cec6da16f54c7a85","root":"0xa698d0b7647faa2f45910a154c8425c369b1e866d443341516a0ee8abd608560","elapsed":"22.25µs"}
{"t":"2026-09-30T14:32:13.926748088Z","lvl":"info","msg":"Starting work on payload","id":"0x04e0bbdba75ba367"}
{"t":"2026-09-30T14:32:13.927180004Z","lvl":"info","msg":"Updated payload","id":"0x04e0bbdba75ba367","number":8307,"hash":"0xc55de7485c96105e410797b0b8f3c7973c2811a7dd47802c1dc99da19f96021c","txs":0,"withdrawals":16,"gas":0,"fees":"0","root":"0x8307ae0808ed2c64b2eae2dd88fd80b51c87792d8ae24cd84be389e7c96af8bf","elapsed":"360.042µs","balhash":"0x005dd4a476089ee76588fe21f9cd324262a09601ca6d548f4f03764f7c96fee2"}
{"t":"2026-09-30T14:32:13.928022713Z","lvl":"info","msg":"Stopping work on payload","id":"0x04e0bbdba75ba367","reason":"delivery"}
{"t":"2026-09-30T14:32:13.964222629Z","lvl":"info","msg":"Imported new potential chain segment","number":"8307","hash":"0xc55de7485c96105e410797b0b8f3c7973c2811a7dd47802c1dc99da19f96021c","blocks":1,"txs":0,"mgas":0,"elapsed":"799.834µs","mgasps":0,"triediffs":"1.03 MiB","triedirty":"5.75 MiB"}
{"t":"2026-09-30T14:32:13.965940754Z","lvl":"info","msg":"Chain head was updated","number":"8307","hash":"0xc55de7485c96105e410797b0b8f3c7973c2811a7dd47802c1dc99da19f96021c","root":"0x8307ae0808ed2c64b2eae2dd88fd80b51c87792d8ae24cd84be389e7c96af8bf","elapsed":"23.167µs"}
{"t":"2026-09-30T14:32:14.004430254Z","lvl":"info","msg":"Starting work on payload","id":"0x046490ee4b4c045a"}
{"t":"2026-09-30T14:32:14.004884421Z","lvl":"info","msg":"Updated payload","id":"0x046490ee4b4c045a","number":8308,"hash":"0x54bd00dc44884c3606a2c701ef3bf6c1afc71441589d26b7e3873b702398d3bb","txs":0,"withdrawals":16,"gas":0,"fees":"0","root":"0x7320ed0fa14fa0e129feb078eb231c2cb6daba16b57e1ea880fbf990fd7033a9","elapsed":"380.666µs","balhash":"0x98df81c00091511c6b3401b085fa9fdf7abb54ac10cbab8a927de99689898e6e"}
{"t":"2026-09-30T14:32:14.005738796Z","lvl":"info","msg":"Stopping work on payload","id":"0x046490ee4b4c045a","reason":"delivery"}
{"t":"2026-09-30T14:32:14.042890879Z","lvl":"info","msg":"Imported new potential chain segment","number":"8308","hash":"0x54bd00dc44884c3606a2c701ef3bf6c1afc71441589d26b7e3873b702398d3bb","blocks":1,"txs":0,"mgas":0,"elapsed":"1.031ms","mgasps":0,"triediffs":"1.03 MiB","triedirty":"5.75 MiB"}
{"t":"2026-09-30T14:32:14.045017963Z","lvl":"info","msg":"Chain head was updated","number":"8308","hash":"0x54bd00dc44884c3606a2c701ef3bf6c1afc71441589d26b7e3873b702398d3bb","root":"0x7320ed0fa14fa0e129feb078eb231c2cb6daba16b57e1ea880fbf990fd7033a9","elapsed":"30.25µs"}
{"t":"2026-09-30T14:32:14.090350005Z","lvl":"info","msg":"Starting work on payload","id":"0x0443ed95235480e6"}
{"t":"2026-09-30T14:32:14.09085738Z","lvl":"info","msg":"Updated payload","id":"0x0443ed95235480e6","number":8309,"hash":"0xf0d1ee3954abb7dea72f553a82202582a39546b96083a420f93b9fe99f143c29","txs":0,"withdrawals":16,"gas":0,"fees":"0","root":"0xedf46311fc21437985e799925ebab248f5c6fc2e9b72844402c976222d78bdfc","elapsed":"418.708µs","balhash":"0xf5f2fbda905238ab99c28f5bbebeb82b54f5934a96bcce71af62d307191f9c2b"}
{"t":"2026-09-30T14:32:14.091657755Z","lvl":"info","msg":"Stopping work on payload","id":"0x0443ed95235480e6","reason":"delivery"}
{"t":"2026-09-30T14:32:14.128638421Z","lvl":"info","msg":"Imported new potential chain segment","number":"8309","hash":"0xf0d1ee3954abb7dea72f553a82202582a39546b96083a420f93b9fe99f143c29","blocks":1,"txs":0,"mgas":0,"elapsed":"900.751µs","mgasps":0,"triediffs":"1.03 MiB","triedirty":"5.75 MiB"}
{"t":"2026-09-30T14:32:14.131208088Z","lvl":"info","msg":"Chain head was updated","number":"8309","hash":"0xf0d1ee3954abb7dea72f553a82202582a39546b96083a420f93b9fe99f143c29","root":"0xedf46311fc21437985e799925ebab248f5c6fc2e9b72844402c976222d78bdfc","elapsed":"24.708µs"}
{"t":"2026-09-30T14:32:14.17517713Z","lvl":"info","msg":"Starting work on payload","id":"0x043e81c8b747b891"}
{"t":"2026-09-30T14:32:14.175751213Z","lvl":"info","msg":"Updated payload","id":"0x043e81c8b747b891","number":8310,"hash":"0xc5f2d6ad560000c37a01662f0e49cb7d56b5e8a40b55a9bd1b5ce37305dec221","txs":0,"withdrawals":16,"gas":0,"fees":"0","root":"0x0e23e3b1ca6bdb6f8941f569bf2594c410ea45ae4ddd7613ef786d63831fd370","elapsed":"460.041µs","balhash":"0xe25244816a177296af509d31e69f7d13125f5102b8290d51047b097595455cb8"}
{"t":"2026-09-30T14:32:14.176506838Z","lvl":"info","msg":"Stopping work on payload","id":"0x043e81c8b747b891","reason":"delivery"}
{"t":"2026-09-30T14:32:14.21290188Z","lvl":"info","msg":"Imported new potential chain segment","number":"8310","hash":"0xc5f2d6ad560000c37a01662f0e49cb7d56b5e8a40b55a9bd1b5ce37305dec221","blocks":1,"txs":0,"mgas":0,"elapsed":"864.043µs","mgasps":0,"triediffs":"1.03 MiB","triedirty":"5.75 MiB"}
{"t":"2026-09-30T14:32:14.214788213Z","lvl":"info","msg":"Chain head was updated","number":"8310","hash":"0xc5f2d6ad560000c37a01662f0e49cb7d56b5e8a40b55a9bd1b5ce37305dec221","root":"0x0e23e3b1ca6bdb6f8941f569bf2594c410ea45ae4ddd7613ef786d63831fd370","elapsed":"22.875µs"}
{"t":"2026-09-30T14:32:14.25447088Z","lvl":"info","msg":"Starting work on payload","id":"0x0440c0b8074f1aab"}
{"t":"2026-09-30T14:32:14.255014088Z","lvl":"info","msg":"Updated payload","id":"0x0440c0b8074f1aab","number":8311,"hash":"0x99cb0ce7415c157cd823e48b2882ce1ff8eb008739523ed4aae33a17aa960f17","txs":0,"withdrawals":16,"gas":0,"fees":"0","root":"0x531b232ce80cf3ff589e5440f95ec3e9a4f55dfcc6ed98209d7a215313279690","elapsed":"454.375µs","balhash":"0x80ef42e7c3c26f46f55c2422dc82585024f3f0f749e89cd647b36afecaceb830"}
{"t":"2026-09-30T14:32:14.255733546Z","lvl":"info","msg":"Stopping work on payload","id":"0x0440c0b8074f1aab","reason":"delivery"}
{"t":"2026-09-30T14:32:14.292014713Z","lvl":"info","msg":"Imported new potential chain segment","number":"8311","hash":"0x99cb0ce7415c157cd823e48b2882ce1ff8eb008739523ed4aae33a17aa960f17","blocks":1,"txs":0,"mgas":0,"elapsed":"738.334µs","mgasps":0,"triediffs":"1.03 MiB","triedirty":"5.75 MiB"}
{"t":"2026-09-30T14:32:14.294450088Z","lvl":"info","msg":"Chain head was updated","number":"8311","hash":"0x99cb0ce7415c157cd823e48b2882ce1ff8eb008739523ed4aae33a17aa960f17","root":"0x531b232ce80cf3ff589e5440f95ec3e9a4f55dfcc6ed98209d7a215313279690","elapsed":"841.334µs"}
{"t":"2026-09-30T14:32:14.332608713Z","lvl":"info","msg":"Starting work on payload","id":"0x04b92299867cc142"}
{"t":"2026-09-30T14:32:14.333057671Z","lvl":"info","msg":"Updated payload","id":"0x04b92299867cc142","number":8312,"hash":"0x1854285cd29ee673cbc474d971a8cdf98b8446531e37e54475944bc78621e94f","txs":0,"withdrawals":16,"gas":0,"fees":"0","root":"0x7ea709eda9cf4deeeac5771c531e843f4791a22b5f42fd2f516a392a6ef475e4","elapsed":"383.417µs","balhash":"0xb8861f7c62665e41eb248897f0d978cdc326463eab548762ebe3992f9a484c83"}
{"t":"2026-09-30T14:32:14.333858755Z","lvl":"info","msg":"Stopping work on payload","id":"0x04b92299867cc142","reason":"delivery"}
{"t":"2026-09-30T14:32:14.371620171Z","lvl":"info","msg":"Imported new potential chain segment","number":"8312","hash":"0x1854285cd29ee673cbc474d971a8cdf98b8446531e37e54475944bc78621e94f","blocks":1,"txs":0,"mgas":0,"elapsed":"872.501µs","mgasps":0,"triediffs":"1.03 MiB","triedirty":"5.75 MiB"}
{"t":"2026-09-30T14:32:14.373309963Z","lvl":"info","msg":"Chain head was updated","number":"8312","hash":"0x1854285cd29ee673cbc474d971a8cdf98b8446531e37e54475944bc78621e94f","root":"0x7ea709eda9cf4deeeac5771c531e843f4791a22b5f42fd2f516a392a6ef475e4","elapsed":"20.375µs"}
{"t":"2026-09-30T14:32:14.41564413Z","lvl":"info","msg":"Starting work on payload","id":"0x0430c225e0d99632"}
{"t":"2026-09-30T14:32:14.416024505Z","lvl":"info","msg":"Updated payload","id":"0x0430c225e0d99632","number":8313,"hash":"0xb8cc890f49763fb6934c665e04ed4d9664ad332638e7d449f4992f6735513f34","txs":0,"withdrawals":16,"gas":0,"fees":"0","root":"0x7ab0b0bf4221109fbbac1f9051e6b289f07ec7f8e6da9e329fd4d52e9dcf0539","elapsed":"319.792µs","balhash":"0x128c423f82bb0d5648f4bdad49269093057c4ef570e2c2e434c6fdac0e09cc4e"}
{"t":"2026-09-30T14:32:14.416873796Z","lvl":"info","msg":"Stopping work on payload","id":"0x0430c225e0d99632","reason":"delivery"}
{"t":"2026-09-30T14:32:14.461486588Z","lvl":"info","msg":"Imported new potential chain segment","number":"8313","hash":"0xb8cc890f49763fb6934c665e04ed4d9664ad332638e7d449f4992f6735513f34","blocks":1,"txs":0,"mgas":0,"elapsed":"959.042µs","mgasps":0,"triediffs":"1.03 MiB","triedirty":"5.76 MiB"}
{"t":"2026-09-30T14:32:14.46610863Z","lvl":"info","msg":"Chain head was updated","number":"8313","hash":"0xb8cc890f49763fb6934c665e04ed4d9664ad332638e7d449f4992f6735513f34","root":"0x7ab0b0bf4221109fbbac1f9051e6b289f07ec7f8e6da9e329fd4d52e9dcf0539","elapsed":"25.375µs"}
{"t":"2026-09-30T14:32:14.503481421Z","lvl":"info","msg":"Starting work on payload","id":"0x045e87ecaceed446"}
{"t":"2026-09-30T14:32:14.503957005Z","lvl":"info","msg":"Updated payload","id":"0x045e87ecaceed446","number":8314,"hash":"0xf360d39afb798a1f0619aa0eb2f106f7d2fbfb924f47dac3ffaa90cec5f34c83","txs":0,"withdrawals":16,"gas":0,"fees":"0","root":"0x911c71a4e285e6e1683f04ed63b68442b2cc19734aacfd62fba2bf5228ead3c4","elapsed":"393.084µs","balhash":"0x957c848978915984f38df012323bf6d2eba156ba0ce79f3370401cb816390a9e"}
{"t":"2026-09-30T14:32:14.504680546Z","lvl":"info","msg":"Stopping work on payload","id":"0x045e87ecaceed446","reason":"delivery"}
{"t":"2026-09-30T14:32:14.561725255Z","lvl":"info","msg":"Imported new potential chain segment","number":"8314","hash":"0xf360d39afb798a1f0619aa0eb2f106f7d2fbfb924f47dac3ffaa90cec5f34c83","blocks":1,"txs":0,"mgas":0,"elapsed":"905.209µs","mgasps":0,"triediffs":"1.03 MiB","triedirty":"5.76 MiB"}
{"t":"2026-09-30T14:32:14.564604255Z","lvl":"info","msg":"Chain head was updated","number":"8314","hash":"0xf360d39afb798a1f0619aa0eb2f106f7d2fbfb924f47dac3ffaa90cec5f34c83","root":"0x911c71a4e285e6e1683f04ed63b68442b2cc19734aacfd62fba2bf5228ead3c4","elapsed":"25.208µs"}
{"t":"2026-09-30T14:32:14.592159296Z","lvl":"info","msg":"Starting work on payload","id":"0x042f0ae7a1084814"}
{"t":"2026-09-30T14:32:14.592658255Z","lvl":"info","msg":"Updated payload","id":"0x042f0ae7a1084814","number":8315,"hash":"0xade27b48ceaba083be6c1031a789a3d3bcd04db0f2dec139da53770e6f25427e","txs":0,"withdrawals":16,"gas":0,"fees":"0","root":"0xef913e20b32dcb6e180b325152bc8e433e54e7473fee9502d0c985e80befa1aa","elapsed":"432.041µs","balhash":"0x752ffb1117bc277f5c27be249ec8c3816b1ea52cc41300fc8aee12ca96736d3c"}
{"t":"2026-09-30T14:32:14.593299005Z","lvl":"info","msg":"Stopping work on payload","id":"0x042f0ae7a1084814","reason":"delivery"}
{"t":"2026-09-30T14:32:14.63167413Z","lvl":"info","msg":"Imported new potential chain segment","number":"8315","hash":"0xade27b48ceaba083be6c1031a789a3d3bcd04db0f2dec139da53770e6f25427e","blocks":1,"txs":0,"mgas":0,"elapsed":"895.293µs","mgasps":0,"triediffs":"1.03 MiB","triedirty":"5.76 MiB"}
{"t":"2026-09-30T14:32:14.63541513Z","lvl":"info","msg":"Chain head was updated","number":"8315","hash":"0xade27b48ceaba083be6c1031a789a3d3bcd04db0f2dec139da53770e6f25427e","root":"0xef913e20b32dcb6e180b325152bc8e433e54e7473fee9502d0c985e80befa1aa","elapsed":"23.208µs"}
{"t":"2026-09-30T14:32:14.675955546Z","lvl":"info","msg":"Starting work on payload","id":"0x04bf8462b1f8cce1"}
{"t":"2026-09-30T14:32:14.676432755Z","lvl":"info","msg":"Updated payload","id":"0x04bf8462b1f8cce1","number":8316,"hash":"0x54b9c07168a18a44e122afafc9337394aa9269b8f90c225659ee9308be922cd4","txs":0,"withdrawals":16,"gas":0,"fees":"0","root":"0x8a13a9748284e2724d6f2ebb3b8171c80261d0b20c2392bea887a0eaa5c9b39f","elapsed":"402.417µs","balhash":"0x40c1710e1eb6ab834f4f9e3db52aa9b14c2a14b438806061f61f2915366939d6"}
{"t":"2026-09-30T14:32:14.677225463Z","lvl":"info","msg":"Stopping work on payload","id":"0x04bf8462b1f8cce1","reason":"delivery"}
{"t":"2026-09-30T14:32:14.715704796Z","lvl":"info","msg":"Imported new potential chain segment","number":"8316","hash":"0x54b9c07168a18a44e122afafc9337394aa9269b8f90c225659ee9308be922cd4","blocks":1,"txs":0,"mgas":0,"elapsed":"935.001µs","mgasps":0,"triediffs":"1.03 MiB","triedirty":"5.76 MiB"}
{"t":"2026-09-30T14:32:14.717381588Z","lvl":"info","msg":"Chain head was updated","number":"8316","hash":"0x54b9c07168a18a44e122afafc9337394aa9269b8f90c225659ee9308be922cd4","root":"0x8a13a9748284e2724d6f2ebb3b8171c80261d0b20c2392bea887a0eaa5c9b39f","elapsed":"23.333µs"}
{"t":"2026-09-30T14:32:14.757893588Z","lvl":"info","msg":"Starting work on payload","id":"0x04d8f05182e073d4"}
{"t":"2026-09-30T14:32:14.758380422Z","lvl":"info","msg":"Updated payload","id":"0x04d8f05182e073d4","number":8317,"hash":"0x773bb13d8abf6c319e01f0c578ec73101eb08e7365a4b1a268228918fcc74bab","txs":0,"withdrawals":16,"gas":0,"fees":"0","root":"0x7171ccf713d737c6b15a476a3ef92f843ed7e119f47e808a70a614b8812661f1","elapsed":"409.333µs","balhash":"0x750387b2ddd567963961a9e2505fcd7e1c55ef4ffd57aa60643a363678f6824a"}
{"t":"2026-09-30T14:32:14.759220505Z","lvl":"info","msg":"Stopping work on payload","id":"0x04d8f05182e073d4","reason":"delivery"}
{"t":"2026-09-30T14:32:14.802419588Z","lvl":"info","msg":"Imported new potential chain segment","number":"8317","hash":"0x773bb13d8abf6c319e01f0c578ec73101eb08e7365a4b1a268228918fcc74bab","blocks":1,"txs":0,"mgas":0,"elapsed":"1.786ms","mgasps":0,"triediffs":"1.03 MiB","triedirty":"5.76 MiB"}
{"t":"2026-09-30T14:32:14.807442713Z","lvl":"info","msg":"Chain head was updated","number":"8317","hash":"0x773bb13d8abf6c319e01f0c578ec73101eb08e7365a4b1a268228918fcc74bab","root":"0x7171ccf713d737c6b15a476a3ef92f843ed7e119f47e808a70a614b8812661f1","elapsed":"32.458µs"}
{"t":"2026-09-30T14:32:14.856773088Z","lvl":"info","msg":"Starting work on payload","id":"0x04f66bddb9a9ad6b"}
{"t":"2026-09-30T14:32:14.857311088Z","lvl":"info","msg":"Updated payload","id":"0x04f66bddb9a9ad6b","number":8318,"hash":"0x6ca73463c4c1d1669ed00f95b075c7e8998cf9cd9343d30b45b45990117c8f89","txs":0,"withdrawals":16,"gas":0,"fees":"0","root":"0x12f9f88c2498dfe819c4b564400b197f7f7d8ef4f1b15a312ece5fa745080cc4","elapsed":"468.75µs","balhash":"0xcd5b22ce248c62d9fe0d47a2778af32e3e69a176feb1fa62d57acf665355fb8f"}
{"t":"2026-09-30T14:32:14.858457297Z","lvl":"info","msg":"Stopping work on payload","id":"0x04f66bddb9a9ad6b","reason":"delivery"}
{"t":"2026-09-30T14:32:14.907897297Z","lvl":"info","msg":"Imported new potential chain segment","number":"8318","hash":"0x6ca73463c4c1d1669ed00f95b075c7e8998cf9cd9343d30b45b45990117c8f89","blocks":1,"txs":0,"mgas":0,"elapsed":"1.068ms","mgasps":0,"triediffs":"1.03 MiB","triedirty":"5.76 MiB"}
{"t":"2026-09-30T14:32:14.911016505Z","lvl":"info","msg":"Chain head was updated","number":"8318","hash":"0x6ca73463c4c1d1669ed00f95b075c7e8998cf9cd9343d30b45b45990117c8f89","root":"0x12f9f88c2498dfe819c4b564400b197f7f7d8ef4f1b15a312ece5fa745080cc4","elapsed":"28.125µs"}
{"t":"2026-09-30T14:32:14.953272547Z","lvl":"info","msg":"Starting work on payload","id":"0x04bde6d03b69e9b1"}
{"t":"2026-09-30T14:32:14.953755297Z","lvl":"info","msg":"Updated payload","id":"0x04bde6d03b69e9b1","number":8319,"hash":"0x15ddf2d3be6eae323413cd62ea8aa1f972d4f19aa563ab9dc86c974cd20ab1f9","txs":0,"withdrawals":16,"gas":0,"fees":"0","root":"0x2dae8381530ae59443d9ebd1afd3fb2e7baaaf98e89a28c9a7a0a2e50eeb789d","elapsed":"402.75µs","balhash":"0x79ee42869d4001d01707a7043a3e72b8255c3da99a5ec7ffdbc1a8b74aa2402c"}
{"t":"2026-09-30T14:32:14.954706422Z","lvl":"info","msg":"Stopping work on payload","id":"0x04bde6d03b69e9b1","reason":"delivery"}
{"t":"2026-09-30T14:32:14.992063922Z","lvl":"info","msg":"Imported new potential chain segment","number":"8319","hash":"0x15ddf2d3be6eae323413cd62ea8aa1f972d4f19aa563ab9dc86c974cd20ab1f9","blocks":1,"txs":0,"mgas":0,"elapsed":"803.418µs","mgasps":0,"triediffs":"1.03 MiB","triedirty":"5.76 MiB"}
{"t":"2026-09-30T14:32:14.99405763Z","lvl":"info","msg":"Chain head was updated","number":"8319","hash":"0x15ddf2d3be6eae323413cd62ea8aa1f972d4f19aa563ab9dc86c974cd20ab1f9","root":"0x2dae8381530ae59443d9ebd1afd3fb2e7baaaf98e89a28c9a7a0a2e50eeb789d","elapsed":"27.166µs"}
{"t":"2026-09-30T14:32:15.041997088Z","lvl":"info","msg":"Starting work on payload","id":"0x04a8aa7210010734"}
{"t":"2026-09-30T14:32:15.042506755Z","lvl":"info","msg":"Updated payload","id":"0x04a8aa7210010734","number":8320,"hash":"0x6081a4a482793987324156e615d07b7fc8ac41be113a81a6e1b2396bd90d2254","txs":0,"withdrawals":16,"gas":0,"fees":"0","root":"0x16dfbab66f8129eec078d15d3d98b97be98269cf1ab6c5c3917bbe23148ab365","elapsed":"437.5µs","balhash":"0xc58ac7a0389ba8da47e534f435b389e21dfff85782e8af2ea986aeffc90930f4"}
{"t":"2026-09-30T14:32:15.043180672Z","lvl":"info","msg":"Stopping work on payload","id":"0x04a8aa7210010734","reason":"delivery"}
{"t":"2026-09-30T14:32:15.079906713Z","lvl":"info","msg":"Imported new potential chain segment","number":"8320","hash":"0x6081a4a482793987324156e615d07b7fc8ac41be113a81a6e1b2396bd90d2254","blocks":1,"txs":0,"mgas":0,"elapsed":"739.376µs","mgasps":0,"triediffs":"1.03 MiB","triedirty":"5.76 MiB"}
{"t":"2026-09-30T14:32:15.081886213Z","lvl":"info","msg":"Chain head was updated","number":"8320","hash":"0x6081a4a482793987324156e615d07b7fc8ac41be113a81a6e1b2396bd90d2254","root":"0x16dfbab66f8129eec078d15d3d98b97be98269cf1ab6c5c3917bbe23148ab365","elapsed":"21.25µs"}
{"t":"2026-09-30T14:32:15.139143838Z","lvl":"info","msg":"Submitted transaction","hash":"0xca72c436e29559986fb32dff6bb12ba9f7796a52286f76aa4fae0c5646e461b4","from":"0xf39Fd6e51aad88F6F4ce6aB8827279cffFb92266","nonce":0,"recipient":"0xf39Fd6e51aad88F6F4ce6aB8827279cffFb92266","value":"1"}
{"t":"2026-09-30T14:32:15.149349922Z","lvl":"info","msg":"Starting work on payload","id":"0x04a51e20a296032c"}
{"t":"2026-09-30T14:32:15.150013047Z","lvl":"info","msg":"Updated payload","id":"0x04a51e20a296032c","number":8321,"hash":"0x5c3fb990e6a7cb8bc26408da451b0ff950ce04882f8d1c9cd1db26d1d8a2a266","txs":1,"withdrawals":16,"gas":12000,"fees":"1.2e-05","root":"0x38ce7606cc2414dd6073dbdd9bb550cd2fb00a8f160c7bda4ef73fbe85c8bad9","elapsed":"580.709µs","balhash":"0xe078f7fea5b0855d8bee637d8e67458c325771d3160bd7bba4239018dca334c8"}
{"t":"2026-09-30T14:32:15.150726463Z","lvl":"info","msg":"Stopping work on payload","id":"0x04a51e20a296032c","reason":"delivery"}
{"t":"2026-09-30T14:32:15.188087547Z","lvl":"info","msg":"Imported new potential chain segment","number":"8321","hash":"0x5c3fb990e6a7cb8bc26408da451b0ff950ce04882f8d1c9cd1db26d1d8a2a266","blocks":1,"txs":1,"mgas":0.012,"elapsed":"1.064ms","mgasps":11.274656263917153,"triediffs":"1.03 MiB","triedirty":"5.76 MiB"}
{"t":"2026-09-30T14:32:15.19199313Z","lvl":"info","msg":"Chain head was updated","number":"8321","hash":"0x5c3fb990e6a7cb8bc26408da451b0ff950ce04882f8d1c9cd1db26d1d8a2a266","root":"0x38ce7606cc2414dd6073dbdd9bb550cd2fb00a8f160c7bda4ef73fbe85c8bad9","elapsed":"50.042µs"}
