debconf: delaying package configuration, since apt-utils is not installed
Selecting previously unselected package libarchive13:arm64.
(Reading database ...
(Reading database ... 5%
(Reading database ... 10%
(Reading database ... 15%
(Reading database ... 20%
(Reading database ... 25%
(Reading database ... 30%
(Reading database ... 35%
(Reading database ... 40%
(Reading database ... 45%
(Reading database ... 50%
(Reading database ... 55%
(Reading database ... 60%
(Reading database ... 65%
(Reading database ... 70%
(Reading database ... 75%
(Reading database ... 80%
(Reading database ... 85%
(Reading database ... 90%
(Reading database ... 95%
(Reading database ... 100%
(Reading database ... 23273 files and directories currently installed.)
Preparing to unpack .../00-libarchive13_3.6.2-1+deb12u5_arm64.deb ...
Unpacking libarchive13:arm64 (3.6.2-1+deb12u5) ...
Selecting previously unselected package libjsoncpp25:arm64.
Preparing to unpack .../01-libjsoncpp25_1.9.5-4_arm64.deb ...
Unpacking libjsoncpp25:arm64 (1.9.5-4) ...
Selecting previously unselected package librhash0:arm64.
Preparing to unpack .../02-librhash0_1.4.3-3_arm64.deb ...
Unpacking librhash0:arm64 (1.4.3-3) ...
Selecting previously unselected package libuv1:arm64.
Preparing to unpack .../03-libuv1_1.44.2-1+deb12u1_arm64.deb ...
Unpacking libuv1:arm64 (1.44.2-1+deb12u1) ...
Selecting previously unselected package cmake-data.
Preparing to unpack .../04-cmake-data_3.25.1-1_all.deb ...
Unpacking cmake-data (3.25.1-1) ...
Selecting previously unselected package cmake.
Preparing to unpack .../05-cmake_3.25.1-1_arm64.deb ...
Unpacking cmake (3.25.1-1) ...
Selecting previously unselected package libgc1:arm64.
Preparing to unpack .../06-libgc1_1%3a8.2.2-3_arm64.deb ...
Unpacking libgc1:arm64 (1:8.2.2-3) ...
Selecting previously unselected package libobjc4:arm64.
Preparing to unpack .../07-libobjc4_12.2.0-14+deb12u1_arm64.deb ...
Unpacking libobjc4:arm64 (12.2.0-14+deb12u1) ...
Selecting previously unselected package libobjc-12-dev:arm64.
Preparing to unpack .../08-libobjc-12-dev_12.2.0-14+deb12u1_arm64.deb ...
Unpacking libobjc-12-dev:arm64 (12.2.0-14+deb12u1) ...
Selecting previously unselected package libz3-4:arm64.
Preparing to unpack .../09-libz3-4_4.8.12-3.1_arm64.deb ...
Unpacking libz3-4:arm64 (4.8.12-3.1) ...
Selecting previously unselected package libllvm14:arm64.
Preparing to unpack .../10-libllvm14_1%3a14.0.6-12_arm64.deb ...
Unpacking libllvm14:arm64 (1:14.0.6-12) ...
Selecting previously unselected package libclang1-14.
Preparing to unpack .../11-libclang1-14_1%3a14.0.6-12_arm64.deb ...
Unpacking libclang1-14 (1:14.0.6-12) ...
Selecting previously unselected package libclang-common-14-dev.
Preparing to unpack .../12-libclang-common-14-dev_1%3a14.0.6-12_all.deb ...
Unpacking libclang-common-14-dev (1:14.0.6-12) ...
Selecting previously unselected package libclang-14-dev.
Preparing to unpack .../13-libclang-14-dev_1%3a14.0.6-12_arm64.deb ...
Unpacking libclang-14-dev (1:14.0.6-12) ...
Selecting previously unselected package libclang-dev.
Preparing to unpack .../14-libclang-dev_1%3a14.0-55.7~deb12u1_arm64.deb ...
Unpacking libclang-dev (1:14.0-55.7~deb12u1) ...
Selecting previously unselected package libclang-rt-14-dev:arm64.
Preparing to unpack .../15-libclang-rt-14-dev_1%3a14.0.6-12_arm64.deb ...
Unpacking libclang-rt-14-dev:arm64 (1:14.0.6-12) ...
Selecting previously unselected package libprotobuf32:arm64.
Preparing to unpack .../16-libprotobuf32_3.21.12-3+deb12u1_arm64.deb ...
Unpacking libprotobuf32:arm64 (3.21.12-3+deb12u1) ...
Selecting previously unselected package libprotobuf-lite32:arm64.
Preparing to unpack .../17-libprotobuf-lite32_3.21.12-3+deb12u1_arm64.deb ...
Unpacking libprotobuf-lite32:arm64 (3.21.12-3+deb12u1) ...
Selecting previously unselected package libprotobuf-dev:arm64.
Preparing to unpack .../18-libprotobuf-dev_3.21.12-3+deb12u1_arm64.deb ...
Unpacking libprotobuf-dev:arm64 (3.21.12-3+deb12u1) ...
Selecting previously unselected package libprotoc32:arm64.
Preparing to unpack .../19-libprotoc32_3.21.12-3+deb12u1_arm64.deb ...
Unpacking libprotoc32:arm64 (3.21.12-3+deb12u1) ...
Selecting previously unselected package protobuf-compiler.
Preparing to unpack .../20-protobuf-compiler_3.21.12-3+deb12u1_arm64.deb ...
Unpacking protobuf-compiler (3.21.12-3+deb12u1) ...
Setting up libarchive13:arm64 (3.6.2-1+deb12u5) ...
Setting up libz3-4:arm64 (4.8.12-3.1) ...
Setting up libuv1:arm64 (1.44.2-1+deb12u1) ...
Setting up libclang-rt-14-dev:arm64 (1:14.0.6-12) ...
Setting up libjsoncpp25:arm64 (1.9.5-4) ...
Setting up libgc1:arm64 (1:8.2.2-3) ...
Setting up libllvm14:arm64 (1:14.0.6-12) ...
Setting up libprotobuf32:arm64 (3.21.12-3+deb12u1) ...
Setting up librhash0:arm64 (1.4.3-3) ...
Setting up libprotobuf-lite32:arm64 (3.21.12-3+deb12u1) ...
Setting up cmake-data (3.25.1-1) ...
Setting up libprotoc32:arm64 (3.21.12-3+deb12u1) ...
Setting up protobuf-compiler (3.21.12-3+deb12u1) ...
Setting up libclang1-14 (1:14.0.6-12) ...
Setting up libobjc4:arm64 (12.2.0-14+deb12u1) ...
Setting up libprotobuf-dev:arm64 (3.21.12-3+deb12u1) ...
Setting up libclang-common-14-dev (1:14.0.6-12) ...
Setting up libobjc-12-dev:arm64 (12.2.0-14+deb12u1) ...
Setting up libclang-14-dev (1:14.0.6-12) ...
Setting up cmake (3.25.1-1) ...
Setting up libclang-dev (1:14.0-55.7~deb12u1) ...
Processing triggers for libc-bin (2.36-9+deb12u10) ...
 Downloading crates ...
  Downloaded mockall v0.13.1
  Downloaded termtree v0.5.1
  Downloaded fragile v2.1.0
  Downloaded predicates-tree v1.0.13
  Downloaded predicates-core v1.0.10
  Downloaded downcast v0.11.0
  Downloaded mockall_double v0.3.1
  Downloaded predicates v3.1.4
  Downloaded mockall_derive v0.13.1
   Compiling smallvec v1.15.1
   Compiling prost v0.14.3
   Compiling metastruct_macro v0.1.4
   Compiling superstruct v0.10.1
   Compiling metastruct v0.1.4
   Compiling ethereum_ssz v0.10.4 (https://github.com/sigp/ethereum_ssz?rev=974f78f421fbf70cba4e8f84e0fa28c23ad54f34#974f78f4)
   Compiling types v0.2.1 (/source/consensus/types)
   Compiling tree_hash v0.12.1 (https://github.com/sigp/tree_hash?rev=e5ea1875edddf12438506c3751cbb313f9c52d08#e5ea1875)
   Compiling parking_lot_core v0.9.12
   Compiling libp2p-identity v0.2.14
   Compiling parking_lot v0.12.5
   Compiling bls v0.2.0 (/source/crypto/bls)
   Compiling milhouse v0.9.0 (https://github.com/sigp/milhouse?rev=d67aabd2a7c405b3c16f4aaff159b137dc5b5e38#d67aabd2)
   Compiling multiaddr v0.18.2
   Compiling eth2_interop_keypairs v0.2.0 (/source/common/eth2_interop_keypairs)
   Compiling kzg v0.1.0 (/source/crypto/kzg)
   Compiling ssz_types v0.14.1 (https://github.com/sigp/ssz_types?rev=8955d22edc7633f26fe3b5ac933facb5121d717a#8955d22e)
   Compiling state_processing v0.2.0 (/source/consensus/state_processing)
   Compiling eth2_config v0.2.0 (/source/common/eth2_config)
   Compiling logging v0.2.0 (/source/common/logging)
   Compiling eth2_network_config v0.2.0 (/source/common/eth2_network_config)
   Compiling discv5 v0.11.0
   Compiling proto_array v0.2.0 (/source/consensus/proto_array)
   Compiling clap_utils v0.1.0 (/source/common/clap_utils)
   Compiling fork_choice v0.1.0 (/source/consensus/fork_choice)
   Compiling builder_types v0.1.0 (/source/common/builder_types)
   Compiling eip_3076 v0.1.0 (/source/common/eip_3076)
   Compiling eth2 v0.1.0 (/source/common/eth2)
   Compiling directory v0.1.0 (/source/common/directory)
   Compiling alloy-sol-types v1.5.0
   Compiling xdelta3 v0.1.5 (https://github.com/sigp/xdelta3-rs?rev=fe3906605c87b6c0515bd7c8fc671f47875e3ccc#fe390660)
   Compiling predicates-core v1.0.10
   Compiling mockall_derive v0.13.1
   Compiling alloy-rpc-types-eth v1.1.3
   Compiling builder_client v0.1.0 (/source/beacon_node/builder_client)
   Compiling store v0.2.0 (/source/beacon_node/store)
   Compiling slot_clock v0.2.0 (/source/common/slot_clock)
   Compiling termtree v0.5.1
   Compiling slasher v0.1.0 (/source/slasher)
   Compiling operation_pool v0.2.0 (/source/beacon_node/operation_pool)
   Compiling predicates-tree v1.0.13
   Compiling execution_layer v0.1.0 (/source/beacon_node/execution_layer)
   Compiling predicates v3.1.4
   Compiling fast_confirmation v0.1.0 (/source/consensus/fast_confirmation)
   Compiling genesis v0.2.0 (/source/beacon_node/genesis)
   Compiling proof_engine v0.1.0 (/source/beacon_node/proof_engine)
   Compiling fragile v2.1.0
   Compiling downcast v0.11.0
   Compiling mockall v0.13.1
   Compiling mockall_double v0.3.1
   Compiling beacon_chain v0.2.0 (/source/beacon_node/beacon_chain)
error[E0599]: no function or associated item named `zero` found for struct `alloy_primitives::bits::fixed::FixedBytes<32>` in the current scope
   --> beacon_node/beacon_chain/tests/panda_direct_sync.rs:58:90
    |
58  |             corrupt.signature = SecretKey::deserialize(&[42; 32]).unwrap().sign(Hash256::zero());
    |                                                                                          ^^^^ function or associated item not found in `FixedBytes<32>`
    |
note: if you're trying to build a new `alloy_primitives::bits::fixed::FixedBytes<32>` consider using one of the following associated functions:
      alloy_primitives::bits::fixed::FixedBytes::<N>::new
      alloy_primitives::bits::fixed::FixedBytes::<N>::with_last_byte
      alloy_primitives::bits::fixed::FixedBytes::<N>::repeat_byte
      alloy_primitives::bits::fixed::FixedBytes::<N>::random
      and 4 others
   --> /usr/local/cargo/registry/src/index.crates.io-1949cf8c6b5b557f/alloy-primitives-1.5.0/src/bits/fixed.rs:390:5
    |
390 |     pub const fn new(bytes: [u8; N]) -> Self {
    |     ^^^^^^^^^^^^^^^^^^^^^^^^^^^^^^^^^^^^^^^^
...
396 |     pub const fn with_last_byte(x: u8) -> Self {
    |     ^^^^^^^^^^^^^^^^^^^^^^^^^^^^^^^^^^^^^^^^^^
...
406 |     pub const fn repeat_byte(byte: u8) -> Self {
    |     ^^^^^^^^^^^^^^^^^^^^^^^^^^^^^^^^^^^^^^^^^^
...
423 |     pub fn random() -> Self {
    |     ^^^^^^^^^^^^^^^^^^^^^^^
    = help: items from traits can only be used if the trait is in scope
help: trait `FixedBytesExtended` which provides `zero` is implemented but not in scope; perhaps you want to import it
    |
2   + use bls::FixedBytesExtended;
    |
help: there is a method `is_zero` with a similar name
    |
58  |             corrupt.signature = SecretKey::deserialize(&[42; 32]).unwrap().sign(Hash256::is_zero());
    |                                                                                          +++

For more information about this error, try `rustc --explain E0599`.
error: could not compile `beacon_chain` (test "panda_direct_sync") due to 1 previous error
error: Uncaught (in promise) Error: Native tests exited 101
 if(StatusCode) throw Error(`Native tests exited ${StatusCode}`);
                      ^
    at file:///workspace/panda/.cache/warp-native/run_direct_sync_test.ts:25:23
    at processTicksAndRejections (ext:core/01_core.js:405:7)
    at drainTicks (ext:core/01_core.js:432:5)
