Task test ./scripts/deno test -A tests
Check tests/automine_test.ts
Check tests/bake_layout_test.ts
Check tests/baker_test.ts
Check tests/config_test.ts
Check tests/consensus_test.ts
Check tests/docker_progress_test.ts
Check tests/docker_test.ts
Check tests/e2e_test.ts
Check tests/profiles_test.ts
Check tests/time_test.ts
Check tests/verification_test.ts
Check tests/warp_assertions_test.ts
running 3 tests from ./tests/automine_test.ts
automine eligibility excludes nonce gaps, insufficient funds, fee caps and oversized gas ... ok (233µs)
disabling automine waits for an in-flight pool check and prevents another slot ... ok (163µs)
a notification during an empty pool check rechecks newly arrived work ... ok (414µs)
running 5 tests from ./tests/bake_layout_test.ts
profile inputs and executable suites are owned by the hardfork or shared bake directory ... ok (3ms)
bake tag namespace is separate from recipe and shared module names ... ok (117µs)
tag listing reads new and legacy manifests without treating recipes as artifacts ... ok (38ms)
legacy and relocated copies may agree but conflicting immutable tags fail closed ... ok (104ms)
legacy native input paths recover relocated bytes only on an exact hash match ... ok (386ms)
running 2 tests from ./tests/baker_test.ts
baker pins imports, reuses artifacts across tags and preserves a tag on failed replacement ... ignored (0ms)
local bake archive restores the identical image after removal from Docker ... ignored (0ms)
running 4 tests from ./tests/config_test.ts
Panda environment selects the hardfork and bake; explicit options take precedence ... ok (898µs)
clock launch and restart select the environment compiled into each bake ... ok (667µs)
Panda Docker socket overrides DOCKER_HOST without allowing a remote daemon ... ok (350µs)
Panda state and Docker ownership use the project namespace ... ok (199µs)
running 5 tests from ./tests/consensus_test.ts
native completion barrier replaces mark polling ... ok (8ms)
legacy bakes keep their existing mark protocol ... ok (950µs)
native barrier must confirm every requested completion at the exact slot ... ok (1ms)
native barrier timeout is a failure, not a polling fallback ... ok (1ms)
direct sync requires BN coverage for the current root, independently of VC success ... ok (6ms)
running 1 test from ./tests/docker_progress_test.ts
Docker reports an operation failure inside an HTTP-success progress stream ... ok (2ms)
running 2 tests from ./tests/docker_test.ts
partial startup rollback preserves another stand and is repeatable ... ignored (0ms)
Panda resources are named and labeled consistently; cleanup preserves another owner ... ignored (0ms)
running 8 tests from ./tests/e2e_test.ts
real pectra: ordinary unmodified clients produce an agreed execution payload ... ignored (0ms)
real pectra: CLI up/down/reset, ownership and profile mismatch rejection ... ignored (0ms)
real pectra: time travel, pause, automine, finality and external indexer ... ignored (0ms)
real pectra: large jumps preserve signing history and resume finality, with measured latency ... ignored (0ms)
real pectra: full participation, no attestation penalties and finality at warp return ... ignored (0ms)
real pectra: deposit, activation and consolidation ... ignored (0ms)
real pectra: signed voluntary exit and complete withdrawal ... ignored (0ms)
real pectra: sequential RPC and ethers contract deployments ... ignored (0ms)
running 6 tests from ./tests/profiles_test.ts
hardfork profiles reject unknown names and unsafe bake paths ... ok (643µs)
build identity is independent of JSON key ordering and changes with patch/source/platform ... ok (7ms)
each hardfork's timeline executes its declared phases and completes a full slot ... ok (524µs)
bake lock protects a running build and atomic publication preserves prior records ... ok (2ms)
CLI parses hardfork/tag without consuming control arguments and rejects typos ... ok (149µs)
native tests keep their baked source snapshot after edits and reject archive corruption ... ok (1ms)
running 8 tests from ./tests/time_test.ts
forward time executes phase barriers, exact dates and partial slots ... ok (776µs)
concurrent advances serialize and accumulate, rather than lose time ... ok (260µs)
a partially failed clock update faults subsequent mutations ... ok (130µs)
advanceUntil is bounded, detects existing success and processes epochs ... ok (240µs)
skip has separate semantics and does not execute intervening duties ... ok (108µs)
shutdown interrupts a long advance at the next phase boundary ... ok (92µs)
large advanceTime/advanceTo execute every slot and preserve partial-slot targets ... ok (32ms)
failed explicit skip faults the timeline and continuous advancement never skips ... ok (329µs)
running 1 test from ./tests/verification_test.ts
immutable bake verification ignores other profiles, new build recipes and unrelated tests ... ok (43ms)
running 2 tests from ./tests/warp_assertions_test.ts
warp economics rejects missing duty flags, inactivity, negative rewards and lost participants ... ok (2ms)
warp history checks reject double proposals, double votes, surround votes and lost keys ... ok (801µs)

ok | 35 passed | 0 failed | 12 ignored (1s)

