{"t":"2026-09-30T14:14:32.672531888Z","lvl":"info","msg":"Starting work on payload","id":"0x0422a534d33b324c"}
{"t":"2026-09-30T14:14:32.672843847Z","lvl":"info","msg":"Updated payload","id":"0x0422a534d33b324c","number":37,"hash":"0x05ec8e058c621890f27e0dc7258e629cee557a40cf93ebabf9529e19b80d6973","txs":0,"withdrawals":16,"gas":0,"fees":"0","root":"0x16abf98b553bd53818e4b09d20a4ec00103360ff3367cb1e4d45de4e474a8fdc","elapsed":"241.625µs","balhash":"0x4fe7ab86107ea900eecb4c9ca717cc401bebc0d6de7b20bf427cc0cf615a9832"}
{"t":"2026-09-30T14:14:32.673906888Z","lvl":"info","msg":"Stopping work on payload","id":"0x0422a534d33b324c","reason":"delivery"}
{"t":"2026-09-30T14:14:32.70932493Z","lvl":"info","msg":"Imported new potential chain segment","number":"37","hash":"0x05ec8e058c621890f27e0dc7258e629cee557a40cf93ebabf9529e19b80d6973","blocks":1,"txs":0,"mgas":0,"elapsed":"626.418µs","mgasps":0,"triediffs":"169.85 KiB","triedirty":"0.00 B"}
{"t":"2026-09-30T14:14:32.711178264Z","lvl":"info","msg":"Chain head was updated","number":"37","hash":"0x05ec8e058c621890f27e0dc7258e629cee557a40cf93ebabf9529e19b80d6973","root":"0x16abf98b553bd53818e4b09d20a4ec00103360ff3367cb1e4d45de4e474a8fdc","elapsed":"30.834µs"}
{"t":"2026-09-30T14:14:32.755963264Z","lvl":"info","msg":"Starting work on payload","id":"0x049fb2cd5f8e0163"}
{"t":"2026-09-30T14:14:32.756290347Z","lvl":"info","msg":"Updated payload","id":"0x049fb2cd5f8e0163","number":38,"hash":"0x980d4f98222b693451531b8cf202240532b48bc5fadbc3ab67d8b7142d671e8f","txs":0,"withdrawals":16,"gas":0,"fees":"0","root":"0xebbf1dfe6ac5ca6258d46441154949e5feff05583cdcce8569689382e482636c","elapsed":"235.917µs","balhash":"0xb5a70747619c6d8cba839e27643cbcb695a9bf1e18ef0198a7a9b0a04856901b"}
{"t":"2026-09-30T14:14:32.757343722Z","lvl":"info","msg":"Stopping work on payload","id":"0x049fb2cd5f8e0163","reason":"delivery"}
{"t":"2026-09-30T14:14:32.795105764Z","lvl":"info","msg":"Imported new potential chain segment","number":"38","hash":"0x980d4f98222b693451531b8cf202240532b48bc5fadbc3ab67d8b7142d671e8f","blocks":1,"txs":0,"mgas":0,"elapsed":"457.668µs","mgasps":0,"triediffs":"175.10 KiB","triedirty":"0.00 B"}
{"t":"2026-09-30T14:14:32.796839139Z","lvl":"info","msg":"Chain head was updated","number":"38","hash":"0x980d4f98222b693451531b8cf202240532b48bc5fadbc3ab67d8b7142d671e8f","root":"0xebbf1dfe6ac5ca6258d46441154949e5feff05583cdcce8569689382e482636c","elapsed":"57.541µs"}
{"t":"2026-09-30T14:14:32.843127639Z","lvl":"info","msg":"Starting work on payload","id":"0x04bc163f9c76bcdd"}
{"t":"2026-09-30T14:14:32.843750639Z","lvl":"info","msg":"Updated payload","id":"0x04bc163f9c76bcdd","number":39,"hash":"0x22bca691936f2f7c8caa473897cbe864225f43d3ae73046f8e3caf1559240853","txs":0,"withdrawals":16,"gas":0,"fees":"0","root":"0x9fdc0f1b4da90bca713cf84a60e9a252f99e5d299b544a281a3c91c876762eff","elapsed":"505.459µs","balhash":"0x7f91f5b94a54f82cfff12948ccb3dbd614a5063099bfdb08d93f980dad07ff47"}
{"t":"2026-09-30T14:14:32.845274889Z","lvl":"info","msg":"Stopping work on payload","id":"0x04bc163f9c76bcdd","reason":"delivery"}
{"t":"2026-09-30T14:14:32.882119514Z","lvl":"info","msg":"Imported new potential chain segment","number":"39","hash":"0x22bca691936f2f7c8caa473897cbe864225f43d3ae73046f8e3caf1559240853","blocks":1,"txs":0,"mgas":0,"elapsed":"515.876µs","mgasps":0,"triediffs":"180.39 KiB","triedirty":"0.00 B"}
{"t":"2026-09-30T14:14:32.883845847Z","lvl":"info","msg":"Chain head was updated","number":"39","hash":"0x22bca691936f2f7c8caa473897cbe864225f43d3ae73046f8e3caf1559240853","root":"0x9fdc0f1b4da90bca713cf84a60e9a252f99e5d299b544a281a3c91c876762eff","elapsed":"54.542µs"}
{"t":"2026-09-30T14:14:32.928396139Z","lvl":"info","msg":"Starting work on payload","id":"0x04c566734833a041"}
{"t":"2026-09-30T14:14:32.928729847Z","lvl":"info","msg":"Updated payload","id":"0x04c566734833a041","number":40,"hash":"0x3ec15ecbe0a555921415d43440e16bfd734dd8a32388e8a01be5d28a6f4890c4","txs":0,"withdrawals":16,"gas":0,"fees":"0","root":"0xe3225e14fd3533fc309670dbf12a6415f863c69bab579d13728327ad4285266e","elapsed":"229.125µs","balhash":"0x534b2f69d3faeed63671df45ec7deef4d147eb517059c14558b5aa303d565d55"}
{"t":"2026-09-30T14:14:32.92960568Z","lvl":"info","msg":"Stopping work on payload","id":"0x04c566734833a041","reason":"delivery"}
{"t":"2026-09-30T14:14:32.966529097Z","lvl":"info","msg":"Imported new potential chain segment","number":"40","hash":"0x3ec15ecbe0a555921415d43440e16bfd734dd8a32388e8a01be5d28a6f4890c4","blocks":1,"txs":0,"mgas":0,"elapsed":"438.001µs","mgasps":0,"triediffs":"185.83 KiB","triedirty":"0.00 B"}
{"t":"2026-09-30T14:14:32.968666597Z","lvl":"info","msg":"Chain head was updated","number":"40","hash":"0x3ec15ecbe0a555921415d43440e16bfd734dd8a32388e8a01be5d28a6f4890c4","root":"0xe3225e14fd3533fc309670dbf12a6415f863c69bab579d13728327ad4285266e","elapsed":"22.25µs"}
{"t":"2026-09-30T14:14:33.013608014Z","lvl":"info","msg":"Starting work on payload","id":"0x042ba59dcf0e5093"}
{"t":"2026-09-30T14:14:33.01396468Z","lvl":"info","msg":"Updated payload","id":"0x042ba59dcf0e5093","number":41,"hash":"0xe622740c897866033fd50424b2ee86e8ed60a923c013100635ba469c0defdd98","txs":0,"withdrawals":16,"gas":0,"fees":"0","root":"0x24bc1ed9967c7b9f6146e88f773645de72e0bc420e510162b7ce99b4e2e57413","elapsed":"289.917µs","balhash":"0xcefc11b27ff005747ebf81ff2a572293c9bf7eecadf5363893bf57cedf249282"}
{"t":"2026-09-30T14:14:33.01468768Z","lvl":"info","msg":"Stopping work on payload","id":"0x042ba59dcf0e5093","reason":"delivery"}
{"t":"2026-09-30T14:14:33.051499972Z","lvl":"info","msg":"Imported new potential chain segment","number":"41","hash":"0xe622740c897866033fd50424b2ee86e8ed60a923c013100635ba469c0defdd98","blocks":1,"txs":0,"mgas":0,"elapsed":"733.042µs","mgasps":0,"triediffs":"190.89 KiB","triedirty":"0.00 B"}
{"t":"2026-09-30T14:14:33.053149264Z","lvl":"info","msg":"Chain head was updated","number":"41","hash":"0xe622740c897866033fd50424b2ee86e8ed60a923c013100635ba469c0defdd98","root":"0x24bc1ed9967c7b9f6146e88f773645de72e0bc420e510162b7ce99b4e2e57413","elapsed":"24.917µs"}
{"t":"2026-09-30T14:14:33.112246805Z","lvl":"info","msg":"Starting work on payload","id":"0x049117e0e30de600"}
{"t":"2026-09-30T14:14:33.112681472Z","lvl":"info","msg":"Updated payload","id":"0x049117e0e30de600","number":42,"hash":"0xec252c8e96c569a8dacac948a4de4b5308db7784f3951eeedd06ee1f71f8572a","txs":0,"withdrawals":16,"gas":0,"fees":"0","root":"0x2e412f469d3b7c831384457af76d11d9052f3f41642be8fa314af41127d43808","elapsed":"337.292µs","balhash":"0x9094f9bfa2ec43b18f4648e1260c7aed331e4fb67e4475d7d11f9e9df2837559"}
{"t":"2026-09-30T14:14:33.113414264Z","lvl":"info","msg":"Stopping work on payload","id":"0x049117e0e30de600","reason":"delivery"}
{"t":"2026-09-30T14:14:33.150057514Z","lvl":"info","msg":"Imported new potential chain segment","number":"42","hash":"0xec252c8e96c569a8dacac948a4de4b5308db7784f3951eeedd06ee1f71f8572a","blocks":1,"txs":0,"mgas":0,"elapsed":"583.918µs","mgasps":0,"triediffs":"195.98 KiB","triedirty":"0.00 B"}
{"t":"2026-09-30T14:14:33.151731097Z","lvl":"info","msg":"Chain head was updated","number":"42","hash":"0xec252c8e96c569a8dacac948a4de4b5308db7784f3951eeedd06ee1f71f8572a","root":"0x2e412f469d3b7c831384457af76d11d9052f3f41642be8fa314af41127d43808","elapsed":"30.625µs"}
{"t":"2026-09-30T14:14:33.201098889Z","lvl":"info","msg":"Starting work on payload","id":"0x04bd5a57cbf3d873"}
{"t":"2026-09-30T14:14:33.20141618Z","lvl":"info","msg":"Updated payload","id":"0x04bd5a57cbf3d873","number":43,"hash":"0x536c9dc66436f469c2f63b06ac9c0a3c3313cc42ee744ec5fbcafe436ca62f4f","txs":0,"withdrawals":16,"gas":0,"fees":"0","root":"0x83fa376bb5ee07570c01e00ac23fcdedc44de0fdd321d79c41d90790c74f9782","elapsed":"233.209µs","balhash":"0x4f10b1d76b6fb0e0085e4b889ae0d8aafdd9b8032532505f57272aa317851722"}
{"t":"2026-09-30T14:14:33.202998597Z","lvl":"info","msg":"Stopping work on payload","id":"0x04bd5a57cbf3d873","reason":"delivery"}
{"t":"2026-09-30T14:14:33.242146805Z","lvl":"info","msg":"Imported new potential chain segment","number":"43","hash":"0x536c9dc66436f469c2f63b06ac9c0a3c3313cc42ee744ec5fbcafe436ca62f4f","blocks":1,"txs":0,"mgas":0,"elapsed":"556.209µs","mgasps":0,"triediffs":"201.07 KiB","triedirty":"0.00 B"}
{"t":"2026-09-30T14:14:33.245027055Z","lvl":"info","msg":"Chain head was updated","number":"43","hash":"0x536c9dc66436f469c2f63b06ac9c0a3c3313cc42ee744ec5fbcafe436ca62f4f","root":"0x83fa376bb5ee07570c01e00ac23fcdedc44de0fdd321d79c41d90790c74f9782","elapsed":"28.292µs"}
{"t":"2026-09-30T14:14:33.286008847Z","lvl":"info","msg":"Starting work on payload","id":"0x042a6feb7d65dad6"}
{"t":"2026-09-30T14:14:33.286411264Z","lvl":"info","msg":"Updated payload","id":"0x042a6feb7d65dad6","number":44,"hash":"0xc21326d7f14940ce9cd1d2e366179efaf0053552e8ceca5e8f9d31c6cc6c4a2a","txs":0,"withdrawals":16,"gas":0,"fees":"0","root":"0x6f74b912404d7d0305ee3bac8ac138dd5ac4daca066928054b439b37efe89e04","elapsed":"315µs","balhash":"0x7cb904c5d4e99c1ca2ef60f431e136aeda8d9968be8624853440708abae0005e"}
{"t":"2026-09-30T14:14:33.287180139Z","lvl":"info","msg":"Stopping work on payload","id":"0x042a6feb7d65dad6","reason":"delivery"}
{"t":"2026-09-30T14:14:33.323724097Z","lvl":"info","msg":"Imported new potential chain segment","number":"44","hash":"0xc21326d7f14940ce9cd1d2e366179efaf0053552e8ceca5e8f9d31c6cc6c4a2a","blocks":1,"txs":0,"mgas":0,"elapsed":"542.167µs","mgasps":0,"triediffs":"206.08 KiB","triedirty":"0.00 B"}
{"t":"2026-09-30T14:14:33.32612368Z","lvl":"info","msg":"Chain head was updated","number":"44","hash":"0xc21326d7f14940ce9cd1d2e366179efaf0053552e8ceca5e8f9d31c6cc6c4a2a","root":"0x6f74b912404d7d0305ee3bac8ac138dd5ac4daca066928054b439b37efe89e04","elapsed":"22.291µs"}
{"t":"2026-09-30T14:14:33.365187958Z","lvl":"info","msg":"Starting work on payload","id":"0x04f3596479ac9e08"}
{"t":"2026-09-30T14:14:33.365648208Z","lvl":"info","msg":"Updated payload","id":"0x04f3596479ac9e08","number":45,"hash":"0x821c44b7eb6ddaa1d2946910a9874893bad0c1f64a443c9de602f8439bf56534","txs":0,"withdrawals":16,"gas":0,"fees":"0","root":"0x1f0add2eda5f965d2b76a08b0ef6a47d79ff12f93143e27f5c0562d84815e0ca","elapsed":"358.875µs","balhash":"0xc5602d4202cdedbb67d77f7f39b82dcd46fb51f5b798cc3688230e736d49399a"}
{"t":"2026-09-30T14:14:33.366560333Z","lvl":"info","msg":"Stopping work on payload","id":"0x04f3596479ac9e08","reason":"delivery"}
{"t":"2026-09-30T14:14:33.406111Z","lvl":"info","msg":"Imported new potential chain segment","number":"45","hash":"0x821c44b7eb6ddaa1d2946910a9874893bad0c1f64a443c9de602f8439bf56534","blocks":1,"txs":0,"mgas":0,"elapsed":"638.043µs","mgasps":0,"triediffs":"211.45 KiB","triedirty":"0.00 B"}
{"t":"2026-09-30T14:14:33.408437208Z","lvl":"info","msg":"Chain head was updated","number":"45","hash":"0x821c44b7eb6ddaa1d2946910a9874893bad0c1f64a443c9de602f8439bf56534","root":"0x1f0add2eda5f965d2b76a08b0ef6a47d79ff12f93143e27f5c0562d84815e0ca","elapsed":"25.375µs"}
{"t":"2026-09-30T14:14:33.501607875Z","lvl":"info","msg":"Starting work on payload","id":"0x044aca29ec6a7b8c"}
{"t":"2026-09-30T14:14:33.50246575Z","lvl":"info","msg":"Updated payload","id":"0x044aca29ec6a7b8c","number":46,"hash":"0x11b264df422122fb060066abca2ef315a9ba2d1ecf1b895842a950a7729db4ae","txs":0,"withdrawals":16,"gas":0,"fees":"0","root":"0x48aecd3c8c1e2f706899c45283ff3d278105911bc5b3e43c4fc18682b7b98dbd","elapsed":"731.958µs","balhash":"0x5ff020e8a2d9138f6764cac30f165c60f4fd8a35d8c66a544b069fa368217de2"}
{"t":"2026-09-30T14:14:33.508804Z","lvl":"info","msg":"Stopping work on payload","id":"0x044aca29ec6a7b8c","reason":"delivery"}
{"t":"2026-09-30T14:14:33.562265625Z","lvl":"info","msg":"Imported new potential chain segment","number":"46","hash":"0x11b264df422122fb060066abca2ef315a9ba2d1ecf1b895842a950a7729db4ae","blocks":1,"txs":0,"mgas":0,"elapsed":"460.543µs","mgasps":0,"triediffs":"216.33 KiB","triedirty":"0.00 B"}
{"t":"2026-09-30T14:14:33.563998833Z","lvl":"info","msg":"Chain head was updated","number":"46","hash":"0x11b264df422122fb060066abca2ef315a9ba2d1ecf1b895842a950a7729db4ae","root":"0x48aecd3c8c1e2f706899c45283ff3d278105911bc5b3e43c4fc18682b7b98dbd","elapsed":"38.834µs"}
{"t":"2026-09-30T14:14:33.603802208Z","lvl":"info","msg":"Starting work on payload","id":"0x04ba6a0bea72d064"}
{"t":"2026-09-30T14:14:33.604237625Z","lvl":"info","msg":"Updated payload","id":"0x04ba6a0bea72d064","number":47,"hash":"0xe362f9dfdfa8439bdee4357801b58782cff018f89254ff2d84b36f985050a6c6","txs":0,"withdrawals":16,"gas":0,"fees":"0","root":"0x7f3960414af0fb0f70a32df10075ff10870380b32395763211d9f4433758e2db","elapsed":"352.041µs","balhash":"0x2d3ef84f853c2890bfdc26a3ae3143585e5d4cfe49de086a630c36ef44ccfe82"}
{"t":"2026-09-30T14:14:33.60841625Z","lvl":"info","msg":"Stopping work on payload","id":"0x04ba6a0bea72d064","reason":"delivery"}
{"t":"2026-09-30T14:14:33.672275791Z","lvl":"info","msg":"Imported new potential chain segment","number":"47","hash":"0xe362f9dfdfa8439bdee4357801b58782cff018f89254ff2d84b36f985050a6c6","blocks":1,"txs":0,"mgas":0,"elapsed":"769.459µs","mgasps":0,"triediffs":"221.47 KiB","triedirty":"0.00 B"}
{"t":"2026-09-30T14:14:33.67539675Z","lvl":"info","msg":"Chain head was updated","number":"47","hash":"0xe362f9dfdfa8439bdee4357801b58782cff018f89254ff2d84b36f985050a6c6","root":"0x7f3960414af0fb0f70a32df10075ff10870380b32395763211d9f4433758e2db","elapsed":"44.334µs"}
{"t":"2026-09-30T14:14:33.707266291Z","lvl":"info","msg":"Starting work on payload","id":"0x041962aaa9a37954"}
{"t":"2026-09-30T14:14:33.707650333Z","lvl":"info","msg":"Updated payload","id":"0x041962aaa9a37954","number":48,"hash":"0x1fa6b4e6ad4368c1d6f289e646c8f763736f46b864d1ee97389a62f1a7a62bb3","txs":0,"withdrawals":16,"gas":0,"fees":"0","root":"0x593cd731027208fbce5f9bcdb64b76dfd16944aff556c3276b335feb9e01c161","elapsed":"294.166µs","balhash":"0xe1f398fa25274af832f243329085cbe12999ce3da9a1cc1f99eddc4ae35d3651"}
{"t":"2026-09-30T14:14:33.708341875Z","lvl":"info","msg":"Stopping work on payload","id":"0x041962aaa9a37954","reason":"delivery"}
{"t":"2026-09-30T14:14:33.7479795Z","lvl":"info","msg":"Imported new potential chain segment","number":"48","hash":"0x1fa6b4e6ad4368c1d6f289e646c8f763736f46b864d1ee97389a62f1a7a62bb3","blocks":1,"txs":0,"mgas":0,"elapsed":"680.418µs","mgasps":0,"triediffs":"226.81 KiB","triedirty":"0.00 B"}
{"t":"2026-09-30T14:14:33.750226625Z","lvl":"info","msg":"Chain head was updated","number":"48","hash":"0x1fa6b4e6ad4368c1d6f289e646c8f763736f46b864d1ee97389a62f1a7a62bb3","root":"0x593cd731027208fbce5f9bcdb64b76dfd16944aff556c3276b335feb9e01c161","elapsed":"29.75µs"}
{"t":"2026-09-30T14:14:33.796547083Z","lvl":"info","msg":"Starting work on payload","id":"0x04a938392fc814dd"}
{"t":"2026-09-30T14:14:33.796944541Z","lvl":"info","msg":"Updated payload","id":"0x04a938392fc814dd","number":49,"hash":"0xe2089cf75b461fee31214b11af0a57934bbe5a91749b6816b2492ab1cadafb2b","txs":0,"withdrawals":16,"gas":0,"fees":"0","root":"0x6b34cdeed81f8856e2c495e8223355c1bd6981345ee4d0e3b96d89fd924d10ad","elapsed":"315.041µs","balhash":"0x2790a41fd918abc1871bb39f7a3f272bbe1a1a4d52f6c2ecaa80635a59f42cb2"}
{"t":"2026-09-30T14:14:33.798048041Z","lvl":"info","msg":"Stopping work on payload","id":"0x04a938392fc814dd","reason":"delivery"}
{"t":"2026-09-30T14:14:33.838199666Z","lvl":"info","msg":"Imported new potential chain segment","number":"49","hash":"0xe2089cf75b461fee31214b11af0a57934bbe5a91749b6816b2492ab1cadafb2b","blocks":1,"txs":0,"mgas":0,"elapsed":"697.917µs","mgasps":0,"triediffs":"231.99 KiB","triedirty":"0.00 B"}
{"t":"2026-09-30T14:14:33.841124416Z","lvl":"info","msg":"Chain head was updated","number":"49","hash":"0xe2089cf75b461fee31214b11af0a57934bbe5a91749b6816b2492ab1cadafb2b","root":"0x6b34cdeed81f8856e2c495e8223355c1bd6981345ee4d0e3b96d89fd924d10ad","elapsed":"39.541µs"}
{"t":"2026-09-30T14:14:33.886205833Z","lvl":"info","msg":"Starting work on payload","id":"0x0482838cf409adc6"}
{"t":"2026-09-30T14:14:33.886579375Z","lvl":"info","msg":"Updated payload","id":"0x0482838cf409adc6","number":50,"hash":"0xca0247371a2f645f843719a0353ed7962777e7327ca4db71eea1041ff87bcf34","txs":0,"withdrawals":16,"gas":0,"fees":"0","root":"0xb5dea9c4f555faf27d3dfa995ba3cfc58abe6001c4fdb2e70f10916319a3802a","elapsed":"279.25µs","balhash":"0xce50c030ac0e2585e029af0f11e3ed80dc61e6e8cc1adf86d789b77b0e6930a8"}
{"t":"2026-09-30T14:14:33.887543666Z","lvl":"info","msg":"Stopping work on payload","id":"0x0482838cf409adc6","reason":"delivery"}
{"t":"2026-09-30T14:14:33.9289085Z","lvl":"info","msg":"Imported new potential chain segment","number":"50","hash":"0xca0247371a2f645f843719a0353ed7962777e7327ca4db71eea1041ff87bcf34","blocks":1,"txs":0,"mgas":0,"elapsed":"698.209µs","mgasps":0,"triediffs":"237.18 KiB","triedirty":"0.00 B"}
{"t":"2026-09-30T14:14:33.932520666Z","lvl":"info","msg":"Chain head was updated","number":"50","hash":"0xca0247371a2f645f843719a0353ed7962777e7327ca4db71eea1041ff87bcf34","root":"0xb5dea9c4f555faf27d3dfa995ba3cfc58abe6001c4fdb2e70f10916319a3802a","elapsed":"35.958µs"}
{"t":"2026-09-30T14:14:33.990770708Z","lvl":"info","msg":"Starting work on payload","id":"0x0406dbdeed3c3476"}
{"t":"2026-09-30T14:14:33.99110175Z","lvl":"info","msg":"Updated payload","id":"0x0406dbdeed3c3476","number":51,"hash":"0xbe6d9f3c5061492228acdbc760f55374c765552f49dfaf6d031349f1f23af088","txs":0,"withdrawals":16,"gas":0,"fees":"0","root":"0xfebd46905eaf070a9d2f51fbde4f9f9dd748f8b0e0c315196efd8c5026e83953","elapsed":"257.708µs","balhash":"0xec41661974452fe657417f19e34b16ca1319c99a3ea8778eb961ec379062e3c2"}
{"t":"2026-09-30T14:14:33.991838Z","lvl":"info","msg":"Stopping work on payload","id":"0x0406dbdeed3c3476","reason":"delivery"}
{"t":"2026-09-30T14:14:34.02983575Z","lvl":"info","msg":"Imported new potential chain segment","number":"51","hash":"0xbe6d9f3c5061492228acdbc760f55374c765552f49dfaf6d031349f1f23af088","blocks":1,"txs":0,"mgas":0,"elapsed":"455.46µs","mgasps":0,"triediffs":"242.39 KiB","triedirty":"0.00 B"}
{"t":"2026-09-30T14:14:34.032040583Z","lvl":"info","msg":"Chain head was updated","number":"51","hash":"0xbe6d9f3c5061492228acdbc760f55374c765552f49dfaf6d031349f1f23af088","root":"0xfebd46905eaf070a9d2f51fbde4f9f9dd748f8b0e0c315196efd8c5026e83953","elapsed":"26.875µs"}
{"t":"2026-09-30T14:14:34.079936625Z","lvl":"info","msg":"Starting work on payload","id":"0x04172f6a61171893"}
{"t":"2026-09-30T14:14:34.080376375Z","lvl":"info","msg":"Updated payload","id":"0x04172f6a61171893","number":52,"hash":"0x63e58039cffddb42e81adbd49895c3122a19a48fbff5c624ac7b198191ed7413","txs":0,"withdrawals":16,"gas":0,"fees":"0","root":"0x6a4b8bad3b92b2bd0691aa0e8deffdd9ee108f8a6bb672a240aba77ed88dd81e","elapsed":"359.375µs","balhash":"0x6f9aaf2098798332cd368f67138bad0c3d103eefe2425901f7f5d8726d830a05"}
{"t":"2026-09-30T14:14:34.08165225Z","lvl":"info","msg":"Stopping work on payload","id":"0x04172f6a61171893","reason":"delivery"}
{"t":"2026-09-30T14:14:34.119862167Z","lvl":"info","msg":"Imported new potential chain segment","number":"52","hash":"0x63e58039cffddb42e81adbd49895c3122a19a48fbff5c624ac7b198191ed7413","blocks":1,"txs":0,"mgas":0,"elapsed":"490.376µs","mgasps":0,"triediffs":"247.63 KiB","triedirty":"0.00 B"}
{"t":"2026-09-30T14:14:34.12357625Z","lvl":"info","msg":"Chain head was updated","number":"52","hash":"0x63e58039cffddb42e81adbd49895c3122a19a48fbff5c624ac7b198191ed7413","root":"0x6a4b8bad3b92b2bd0691aa0e8deffdd9ee108f8a6bb672a240aba77ed88dd81e","elapsed":"27.083µs"}
{"t":"2026-09-30T14:14:34.167062083Z","lvl":"info","msg":"Starting work on payload","id":"0x04f0c654a048263a"}
{"t":"2026-09-30T14:14:34.167344875Z","lvl":"info","msg":"Updated payload","id":"0x04f0c654a048263a","number":53,"hash":"0x3b939c52a8914f9b6d5d8ae30aa8e364170ed819e1b3e0b28e8a1eb705fd2102","txs":0,"withdrawals":16,"gas":0,"fees":"0","root":"0xf70f1725e2bfdeabe7914ce6d558d48334f1de1b933eadb4d808af386012b93e","elapsed":"215.541µs","balhash":"0x062e64f01162b25daebefbc21a6b35b65ae55cc2ccc9d973cd0dc470ba6456af"}
{"t":"2026-09-30T14:14:34.1682965Z","lvl":"info","msg":"Stopping work on payload","id":"0x04f0c654a048263a","reason":"delivery"}
{"t":"2026-09-30T14:14:34.204553Z","lvl":"info","msg":"Imported new potential chain segment","number":"53","hash":"0x3b939c52a8914f9b6d5d8ae30aa8e364170ed819e1b3e0b28e8a1eb705fd2102","blocks":1,"txs":0,"mgas":0,"elapsed":"374.876µs","mgasps":0,"triediffs":"252.66 KiB","triedirty":"0.00 B"}
{"t":"2026-09-30T14:14:34.207004792Z","lvl":"info","msg":"Chain head was updated","number":"53","hash":"0x3b939c52a8914f9b6d5d8ae30aa8e364170ed819e1b3e0b28e8a1eb705fd2102","root":"0xf70f1725e2bfdeabe7914ce6d558d48334f1de1b933eadb4d808af386012b93e","elapsed":"22.958µs"}
{"t":"2026-09-30T14:14:34.25035025Z","lvl":"info","msg":"Starting work on payload","id":"0x04ffc2af79bd9a67"}
{"t":"2026-09-30T14:14:34.250637125Z","lvl":"info","msg":"Updated payload","id":"0x04ffc2af79bd9a67","number":54,"hash":"0x63302976b8fa3268e478f6e63f15a139379cfc60bd9e104206deb12f6c4a63de","txs":0,"withdrawals":16,"gas":0,"fees":"0","root":"0xa67bbf666460de27775f3353d3eda56ea7621041e3185846b42cc7afdc3a8084","elapsed":"214.25µs","balhash":"0xdfb14de958a56bd6e20f82d3c0244bfe69e82fc2d9506e7480606d9e7656dba8"}
{"t":"2026-09-30T14:14:34.251518Z","lvl":"info","msg":"Stopping work on payload","id":"0x04ffc2af79bd9a67","reason":"delivery"}
{"t":"2026-09-30T14:14:34.287791667Z","lvl":"info","msg":"Imported new potential chain segment","number":"54","hash":"0x63302976b8fa3268e478f6e63f15a139379cfc60bd9e104206deb12f6c4a63de","blocks":1,"txs":0,"mgas":0,"elapsed":"550.085µs","mgasps":0,"triediffs":"257.88 KiB","triedirty":"0.00 B"}
{"t":"2026-09-30T14:14:34.289979833Z","lvl":"info","msg":"Chain head was updated","number":"54","hash":"0x63302976b8fa3268e478f6e63f15a139379cfc60bd9e104206deb12f6c4a63de","root":"0xa67bbf666460de27775f3353d3eda56ea7621041e3185846b42cc7afdc3a8084","elapsed":"31.792µs"}
{"t":"2026-09-30T14:14:34.334858792Z","lvl":"info","msg":"Starting work on payload","id":"0x046b4cb0a15e7287"}
{"t":"2026-09-30T14:14:34.335231083Z","lvl":"info","msg":"Updated payload","id":"0x046b4cb0a15e7287","number":55,"hash":"0x2e0a082cca5a05b0438d78e79df8f31576e296eb86aa976144c2cea6ace37e55","txs":0,"withdrawals":16,"gas":0,"fees":"0","root":"0xddf8de897e0012b1589e5175b5c483b92d252d250e97044959d9f377733e7620","elapsed":"288.625µs","balhash":"0x1086dfa21a036e67fa669f0fc36e54227a6ff51ad42ff0e985ceffc49f99b095"}
{"t":"2026-09-30T14:14:34.336424125Z","lvl":"info","msg":"Stopping work on payload","id":"0x046b4cb0a15e7287","reason":"delivery"}
{"t":"2026-09-30T14:14:34.373231667Z","lvl":"info","msg":"Imported new potential chain segment","number":"55","hash":"0x2e0a082cca5a05b0438d78e79df8f31576e296eb86aa976144c2cea6ace37e55","blocks":1,"txs":0,"mgas":0,"elapsed":"499.459µs","mgasps":0,"triediffs":"263.49 KiB","triedirty":"0.00 B"}
{"t":"2026-09-30T14:14:34.376054333Z","lvl":"info","msg":"Chain head was updated","number":"55","hash":"0x2e0a082cca5a05b0438d78e79df8f31576e296eb86aa976144c2cea6ace37e55","root":"0xddf8de897e0012b1589e5175b5c483b92d252d250e97044959d9f377733e7620","elapsed":"24.791µs"}
{"t":"2026-09-30T14:14:34.41701825Z","lvl":"info","msg":"Starting work on payload","id":"0x04b33550a87cc2e8"}
{"t":"2026-09-30T14:14:34.41729775Z","lvl":"info","msg":"Updated payload","id":"0x04b33550a87cc2e8","number":56,"hash":"0xddf5f95b0382806de014f41c3395b053cd4d99d858e144cf4bbadf2d8dd27cc1","txs":0,"withdrawals":16,"gas":0,"fees":"0","root":"0xc296aeeb532a8416bba397dca6aeb213b087ad286324eed2c3e9080f1372eff8","elapsed":"207.75µs","balhash":"0x9e27d29f957845103d9ccf06f599896e3d08c9073f6aa4e61c0434376ff1cfad"}
{"t":"2026-09-30T14:14:34.418131125Z","lvl":"info","msg":"Stopping work on payload","id":"0x04b33550a87cc2e8","reason":"delivery"}
{"t":"2026-09-30T14:14:34.454140458Z","lvl":"info","msg":"Imported new potential chain segment","number":"56","hash":"0xddf5f95b0382806de014f41c3395b053cd4d99d858e144cf4bbadf2d8dd27cc1","blocks":1,"txs":0,"mgas":0,"elapsed":"549.126µs","mgasps":0,"triediffs":"268.74 KiB","triedirty":"0.00 B"}
{"t":"2026-09-30T14:14:34.455949458Z","lvl":"info","msg":"Chain head was updated","number":"56","hash":"0xddf5f95b0382806de014f41c3395b053cd4d99d858e144cf4bbadf2d8dd27cc1","root":"0xc296aeeb532a8416bba397dca6aeb213b087ad286324eed2c3e9080f1372eff8","elapsed":"27.541µs"}
{"t":"2026-09-30T14:14:34.503461Z","lvl":"info","msg":"Starting work on payload","id":"0x04d8e16b7758a0fa"}
{"t":"2026-09-30T14:14:34.503712125Z","lvl":"info","msg":"Updated payload","id":"0x04d8e16b7758a0fa","number":57,"hash":"0x58aa1f7bbc70d75d71e0fc6f3b78e9d77ddf818bca915acdd183b2cad6bdaef6","txs":0,"withdrawals":16,"gas":0,"fees":"0","root":"0x369c38ca32986333ac2a112ed2c74ce182be2cafe7709de257c4ba1eaacf7ca0","elapsed":"188.25µs","balhash":"0xeefb7d76c94a53805626dd45be2fbe3aeb5d6dbb9344116b54e9dde713bafeab"}
{"t":"2026-09-30T14:14:34.505300417Z","lvl":"info","msg":"Stopping work on payload","id":"0x04d8e16b7758a0fa","reason":"delivery"}
{"t":"2026-09-30T14:14:34.543191333Z","lvl":"info","msg":"Imported new potential chain segment","number":"57","hash":"0x58aa1f7bbc70d75d71e0fc6f3b78e9d77ddf818bca915acdd183b2cad6bdaef6","blocks":1,"txs":0,"mgas":0,"elapsed":"528.167µs","mgasps":0,"triediffs":"273.80 KiB","triedirty":"0.00 B"}
{"t":"2026-09-30T14:14:34.545291458Z","lvl":"info","msg":"Chain head was updated","number":"57","hash":"0x58aa1f7bbc70d75d71e0fc6f3b78e9d77ddf818bca915acdd183b2cad6bdaef6","root":"0x369c38ca32986333ac2a112ed2c74ce182be2cafe7709de257c4ba1eaacf7ca0","elapsed":"29.416µs"}
{"t":"2026-09-30T14:14:34.593701917Z","lvl":"info","msg":"Starting work on payload","id":"0x04a20a60e491c1ba"}
{"t":"2026-09-30T14:14:34.594151958Z","lvl":"info","msg":"Updated payload","id":"0x04a20a60e491c1ba","number":58,"hash":"0xcac0ce8f7e09d01fba0c4f4d1236ede3f49c22d0b0c946332df71b59eb7816aa","txs":0,"withdrawals":16,"gas":0,"fees":"0","root":"0x6979be19c41de86bda21f04a98e558611fa6aa5194465e5eccc4d227babbee20","elapsed":"325.875µs","balhash":"0xaa63c24fa0064cbf462170f8328ead9e28a726d858551ddf2433afb3d9ef2d56"}
{"t":"2026-09-30T14:14:34.595154083Z","lvl":"info","msg":"Stopping work on payload","id":"0x04a20a60e491c1ba","reason":"delivery"}
{"t":"2026-09-30T14:14:34.631841875Z","lvl":"info","msg":"Imported new potential chain segment","number":"58","hash":"0xcac0ce8f7e09d01fba0c4f4d1236ede3f49c22d0b0c946332df71b59eb7816aa","blocks":1,"txs":0,"mgas":0,"elapsed":"531.918µs","mgasps":0,"triediffs":"279.14 KiB","triedirty":"0.00 B"}
{"t":"2026-09-30T14:14:34.633477292Z","lvl":"info","msg":"Chain head was updated","number":"58","hash":"0xcac0ce8f7e09d01fba0c4f4d1236ede3f49c22d0b0c946332df71b59eb7816aa","root":"0x6979be19c41de86bda21f04a98e558611fa6aa5194465e5eccc4d227babbee20","elapsed":"23.416µs"}
{"t":"2026-09-30T14:14:34.672860458Z","lvl":"info","msg":"Starting work on payload","id":"0x040815a33c118b97"}
{"t":"2026-09-30T14:14:34.673240583Z","lvl":"info","msg":"Updated payload","id":"0x040815a33c118b97","number":59,"hash":"0xc2c7317484d094ac733dca64c9b321532cc432f946fe41125c78bfdc00b59fa2","txs":0,"withdrawals":16,"gas":0,"fees":"0","root":"0xe9cb1fef0b3cd95966b136d85a77bc16175e0b14c86f38f2067a6afea68373e3","elapsed":"293.458µs","balhash":"0x4e562983823ccddc890370c0ea4618b1569026230a920cdf3f4331c7b255c81c"}
{"t":"2026-09-30T14:14:34.674136292Z","lvl":"info","msg":"Stopping work on payload","id":"0x040815a33c118b97","reason":"delivery"}
{"t":"2026-09-30T14:14:34.710530292Z","lvl":"info","msg":"Imported new potential chain segment","number":"59","hash":"0xc2c7317484d094ac733dca64c9b321532cc432f946fe41125c78bfdc00b59fa2","blocks":1,"txs":0,"mgas":0,"elapsed":"461.71µs","mgasps":0,"triediffs":"284.26 KiB","triedirty":"0.00 B"}
{"t":"2026-09-30T14:14:34.713186375Z","lvl":"info","msg":"Chain head was updated","number":"59","hash":"0xc2c7317484d094ac733dca64c9b321532cc432f946fe41125c78bfdc00b59fa2","root":"0xe9cb1fef0b3cd95966b136d85a77bc16175e0b14c86f38f2067a6afea68373e3","elapsed":"24.084µs"}
{"t":"2026-09-30T14:14:34.755922834Z","lvl":"info","msg":"Starting work on payload","id":"0x04ba4ed3b1a6aef1"}
{"t":"2026-09-30T14:14:34.75645725Z","lvl":"info","msg":"Updated payload","id":"0x04ba4ed3b1a6aef1","number":60,"hash":"0x57a37f72863c416ef2b559f892d99763c237cb34e7612413be5fee254033acd7","txs":0,"withdrawals":16,"gas":0,"fees":"0","root":"0xbf1ee0796aecb36647e09210ce6479629ebed0bfbd84718fbbc75ace4e847355","elapsed":"455.791µs","balhash":"0x98dd16239c1eedb7ecc0f5c2d8c1eb373b838772a30878dd76bfdc49411cf3d8"}
{"t":"2026-09-30T14:14:34.757363792Z","lvl":"info","msg":"Stopping work on payload","id":"0x04ba4ed3b1a6aef1","reason":"delivery"}
{"t":"2026-09-30T14:14:34.794107834Z","lvl":"info","msg":"Imported new potential chain segment","number":"60","hash":"0x57a37f72863c416ef2b559f892d99763c237cb34e7612413be5fee254033acd7","blocks":1,"txs":0,"mgas":0,"elapsed":"600.126µs","mgasps":0,"triediffs":"289.56 KiB","triedirty":"0.00 B"}
{"t":"2026-09-30T14:14:34.796035125Z","lvl":"info","msg":"Chain head was updated","number":"60","hash":"0x57a37f72863c416ef2b559f892d99763c237cb34e7612413be5fee254033acd7","root":"0xbf1ee0796aecb36647e09210ce6479629ebed0bfbd84718fbbc75ace4e847355","elapsed":"31.834µs"}
{"t":"2026-09-30T14:14:34.849819375Z","lvl":"info","msg":"Starting work on payload","id":"0x045ad5e74deffcf9"}
{"t":"2026-09-30T14:14:34.850219084Z","lvl":"info","msg":"Updated payload","id":"0x045ad5e74deffcf9","number":61,"hash":"0x8b8394a41d48fdee5df1a8d7ebf9919d774c78d342a4c9f9daddb252a401a61c","txs":0,"withdrawals":16,"gas":0,"fees":"0","root":"0x8dfa049fab1d25b94e41ca2cf5936bfeacb080f539746e4f82e981a50bb681cf","elapsed":"312.25µs","balhash":"0x14610c5d05bfe6477f80b37129363097e822aab4f0994abcf8faed331c1946dd"}
{"t":"2026-09-30T14:14:34.851739542Z","lvl":"info","msg":"Stopping work on payload","id":"0x045ad5e74deffcf9","reason":"delivery"}
{"t":"2026-09-30T14:14:34.889876959Z","lvl":"info","msg":"Imported new potential chain segment","number":"61","hash":"0x8b8394a41d48fdee5df1a8d7ebf9919d774c78d342a4c9f9daddb252a401a61c","blocks":1,"txs":0,"mgas":0,"elapsed":"587.751µs","mgasps":0,"triediffs":"295.14 KiB","triedirty":"0.00 B"}
{"t":"2026-09-30T14:14:34.892022542Z","lvl":"info","msg":"Chain head was updated","number":"61","hash":"0x8b8394a41d48fdee5df1a8d7ebf9919d774c78d342a4c9f9daddb252a401a61c","root":"0x8dfa049fab1d25b94e41ca2cf5936bfeacb080f539746e4f82e981a50bb681cf","elapsed":"39.125µs"}
{"t":"2026-09-30T14:14:34.933337375Z","lvl":"info","msg":"Starting work on payload","id":"0x04eb276591e006d8"}
{"t":"2026-09-30T14:14:34.933618959Z","lvl":"info","msg":"Updated payload","id":"0x04eb276591e006d8","number":62,"hash":"0x4972527245d266d547b54ee4d8a01b666d0399d3eb9d55e73e70f84c21b0ec0c","txs":0,"withdrawals":16,"gas":0,"fees":"0","root":"0xb3166ee1443adb603a25a2008f83ed7f2277092802e12abf5eeaf0ea798a2af1","elapsed":"195.792µs","balhash":"0xb26bf4678ac273a3bf5f1213d858cb6fc03ca7a55070c23dab9e9dadbd739a6d"}
{"t":"2026-09-30T14:14:34.934829042Z","lvl":"info","msg":"Stopping work on payload","id":"0x04eb276591e006d8","reason":"delivery"}
{"t":"2026-09-30T14:14:34.971361375Z","lvl":"info","msg":"Imported new potential chain segment","number":"62","hash":"0x4972527245d266d547b54ee4d8a01b666d0399d3eb9d55e73e70f84c21b0ec0c","blocks":1,"txs":0,"mgas":0,"elapsed":"457.001µs","mgasps":0,"triediffs":"300.33 KiB","triedirty":"0.00 B"}
{"t":"2026-09-30T14:14:34.974292334Z","lvl":"info","msg":"Chain head was updated","number":"62","hash":"0x4972527245d266d547b54ee4d8a01b666d0399d3eb9d55e73e70f84c21b0ec0c","root":"0xb3166ee1443adb603a25a2008f83ed7f2277092802e12abf5eeaf0ea798a2af1","elapsed":"25.584µs"}
{"t":"2026-09-30T14:14:35.021761042Z","lvl":"info","msg":"Starting work on payload","id":"0x0454dae995202ee7"}
{"t":"2026-09-30T14:14:35.022127667Z","lvl":"info","msg":"Updated payload","id":"0x0454dae995202ee7","number":63,"hash":"0x9330652a683c17cb75ff699161100d43f7359329d040f428fd15950d20574f3b","txs":0,"withdrawals":16,"gas":0,"fees":"0","root":"0x4b994ccbdeeb074b1d16637f6819a66a41f79eed0a278d408e1bbf962d812b49","elapsed":"299.583µs","balhash":"0xe890a48be4b12a07481e97dc1d3596b54d6a4f5a321d580b64d492ce7e124595"}
{"t":"2026-09-30T14:14:35.023236959Z","lvl":"info","msg":"Stopping work on payload","id":"0x0454dae995202ee7","reason":"delivery"}
{"t":"2026-09-30T14:14:35.062160042Z","lvl":"info","msg":"Imported new potential chain segment","number":"63","hash":"0x9330652a683c17cb75ff699161100d43f7359329d040f428fd15950d20574f3b","blocks":1,"txs":0,"mgas":0,"elapsed":"717.959µs","mgasps":0,"triediffs":"305.89 KiB","triedirty":"0.00 B"}
{"t":"2026-09-30T14:14:35.064335417Z","lvl":"info","msg":"Chain head was updated","number":"63","hash":"0x9330652a683c17cb75ff699161100d43f7359329d040f428fd15950d20574f3b","root":"0x4b994ccbdeeb074b1d16637f6819a66a41f79eed0a278d408e1bbf962d812b49","elapsed":"29.958µs"}
{"t":"2026-09-30T14:14:35.118324334Z","lvl":"info","msg":"Starting work on payload","id":"0x04fef04230a291d7"}
{"t":"2026-09-30T14:14:35.118714042Z","lvl":"info","msg":"Updated payload","id":"0x04fef04230a291d7","number":64,"hash":"0x6086dc99a4b4957b9c57fca4bcd64b879da20da56013c543cea6dccac0825fac","txs":0,"withdrawals":16,"gas":0,"fees":"0","root":"0x7b8f378ae8834026d2f98d032ce958b3c2f2bc3c8339b83f53d93d993d318e66","elapsed":"279.875µs","balhash":"0xc30ef897f551fb6c4c180751cad1d0a14af5dc054128065303e72b609df981e8"}
{"t":"2026-09-30T14:14:35.119955959Z","lvl":"info","msg":"Stopping work on payload","id":"0x04fef04230a291d7","reason":"delivery"}
{"t":"2026-09-30T14:14:35.160333459Z","lvl":"info","msg":"Imported new potential chain segment","number":"64","hash":"0x6086dc99a4b4957b9c57fca4bcd64b879da20da56013c543cea6dccac0825fac","blocks":1,"txs":0,"mgas":0,"elapsed":"664.793µs","mgasps":0,"triediffs":"311.07 KiB","triedirty":"0.00 B"}
{"t":"2026-09-30T14:14:35.162772417Z","lvl":"info","msg":"Chain head was updated","number":"64","hash":"0x6086dc99a4b4957b9c57fca4bcd64b879da20da56013c543cea6dccac0825fac","root":"0x7b8f378ae8834026d2f98d032ce958b3c2f2bc3c8339b83f53d93d993d318e66","elapsed":"54.166µs"}
{"t":"2026-09-30T14:14:41.224139087Z","lvl":"info","msg":"Starting work on payload","id":"0x04824ad7d066d15c"}
{"t":"2026-09-30T14:14:41.226123045Z","lvl":"info","msg":"Updated payload","id":"0x04824ad7d066d15c","number":65,"hash":"0x0c246fc938b5d89444130fa573c01308c6250da32b78a32f77e991af2286d2ea","txs":0,"withdrawals":16,"gas":0,"fees":"0","root":"0x4ba47a3ee69a4fdb1bf6cba11626c7c078a77f544b68ae05b7b6fde38422e805","elapsed":"1.432ms","balhash":"0xa221eebf886f1e0274d254a07cdc0d9f8294865f2edb4b2d45f5beb89a0b28ea"}
{"t":"2026-09-30T14:14:41.22894917Z","lvl":"info","msg":"Stopping work on payload","id":"0x04824ad7d066d15c","reason":"delivery"}
{"t":"2026-09-30T14:14:41.273000462Z","lvl":"info","msg":"Imported new potential chain segment","number":"65","hash":"0x0c246fc938b5d89444130fa573c01308c6250da32b78a32f77e991af2286d2ea","blocks":1,"txs":0,"mgas":0,"elapsed":"1.694ms","mgasps":0,"triediffs":"316.62 KiB","triedirty":"0.00 B"}
{"t":"2026-09-30T14:14:41.276458253Z","lvl":"info","msg":"Chain head was updated","number":"65","hash":"0x0c246fc938b5d89444130fa573c01308c6250da32b78a32f77e991af2286d2ea","root":"0x4ba47a3ee69a4fdb1bf6cba11626c7c078a77f544b68ae05b7b6fde38422e805","elapsed":"104.75µs"}
{"t":"2026-09-30T14:14:41.345024295Z","lvl":"info","msg":"Starting work on payload","id":"0x04a3044887c00b18"}
{"t":"2026-09-30T14:14:41.345578253Z","lvl":"info","msg":"Updated payload","id":"0x04a3044887c00b18","number":66,"hash":"0x366b72fd712365b04b9eb8dec4fb437016cf9be81f4ba8b169e2ffaedc633ef7","txs":0,"withdrawals":16,"gas":0,"fees":"0","root":"0xa390166b38ae2cd34efca643d64186a2f07c8ba736f3174ddaf89cdc5e935d11","elapsed":"470.417µs","balhash":"0x86c229653672099c96429d1515510a17d7435e6b9d42263ade56e301131f3d53"}
{"t":"2026-09-30T14:14:41.346622503Z","lvl":"info","msg":"Stopping work on payload","id":"0x04a3044887c00b18","reason":"delivery"}
{"t":"2026-09-30T14:14:41.389004712Z","lvl":"info","msg":"Imported new potential chain segment","number":"66","hash":"0x366b72fd712365b04b9eb8dec4fb437016cf9be81f4ba8b169e2ffaedc633ef7","blocks":1,"txs":0,"mgas":0,"elapsed":"604.167µs","mgasps":0,"triediffs":"321.99 KiB","triedirty":"0.00 B"}
{"t":"2026-09-30T14:14:41.390908378Z","lvl":"info","msg":"Chain head was updated","number":"66","hash":"0x366b72fd712365b04b9eb8dec4fb437016cf9be81f4ba8b169e2ffaedc633ef7","root":"0xa390166b38ae2cd34efca643d64186a2f07c8ba736f3174ddaf89cdc5e935d11","elapsed":"34.291µs"}
{"t":"2026-09-30T14:14:41.441371003Z","lvl":"info","msg":"Starting work on payload","id":"0x0454440643ade880"}
{"t":"2026-09-30T14:14:41.441736712Z","lvl":"info","msg":"Updated payload","id":"0x0454440643ade880","number":67,"hash":"0xed3895e99849a869819da2c858f6e16017ebb007a196d038dd892600ca39a92f","txs":0,"withdrawals":16,"gas":0,"fees":"0","root":"0x865e65fb6dfb34fa84c2f1230837422d9f72d21cac0ab8aafe473a591974569a","elapsed":"299.125µs","balhash":"0x308e4acb99f7f5dd69e4857fa5e0d56a0d539ddec86c876e895cae635abd8bfd"}
{"t":"2026-09-30T14:14:41.44285367Z","lvl":"info","msg":"Stopping work on payload","id":"0x0454440643ade880","reason":"delivery"}
{"t":"2026-09-30T14:14:41.481295503Z","lvl":"info","msg":"Imported new potential chain segment","number":"67","hash":"0xed3895e99849a869819da2c858f6e16017ebb007a196d038dd892600ca39a92f","blocks":1,"txs":0,"mgas":0,"elapsed":"585.793µs","mgasps":0,"triediffs":"327.82 KiB","triedirty":"0.00 B"}
{"t":"2026-09-30T14:14:41.483504587Z","lvl":"info","msg":"Chain head was updated","number":"67","hash":"0xed3895e99849a869819da2c858f6e16017ebb007a196d038dd892600ca39a92f","root":"0x865e65fb6dfb34fa84c2f1230837422d9f72d21cac0ab8aafe473a591974569a","elapsed":"37.083µs"}
{"t":"2026-09-30T14:14:41.536316795Z","lvl":"info","msg":"Starting work on payload","id":"0x0499c57d18e6afb4"}
{"t":"2026-09-30T14:14:41.53669192Z","lvl":"info","msg":"Updated payload","id":"0x0499c57d18e6afb4","number":68,"hash":"0x70865e01e80ba9416eb6684d446fa2326078d85f23d18e8269a2034b094e54a3","txs":0,"withdrawals":16,"gas":0,"fees":"0","root":"0x4b7eeaf1e81ea1c36ddf19eeaf382999989b33af88c6cfe097461caab2d9ed97","elapsed":"293.041µs","balhash":"0x0de3429fb495a59ebab7551ee9dde386bf5723f5ab63d2214b37f1363049434b"}
{"t":"2026-09-30T14:14:41.53782817Z","lvl":"info","msg":"Stopping work on payload","id":"0x0499c57d18e6afb4","reason":"delivery"}
{"t":"2026-09-30T14:14:41.574315795Z","lvl":"info","msg":"Imported new potential chain segment","number":"68","hash":"0x70865e01e80ba9416eb6684d446fa2326078d85f23d18e8269a2034b094e54a3","blocks":1,"txs":0,"mgas":0,"elapsed":"628.501µs","mgasps":0,"triediffs":"333.10 KiB","triedirty":"0.00 B"}
{"t":"2026-09-30T14:14:41.577601087Z","lvl":"info","msg":"Chain head was updated","number":"68","hash":"0x70865e01e80ba9416eb6684d446fa2326078d85f23d18e8269a2034b094e54a3","root":"0x4b7eeaf1e81ea1c36ddf19eeaf382999989b33af88c6cfe097461caab2d9ed97","elapsed":"34.958µs"}
{"t":"2026-09-30T14:14:41.61816267Z","lvl":"info","msg":"Starting work on payload","id":"0x04cc522549c4aeca"}
{"t":"2026-09-30T14:14:41.618555962Z","lvl":"info","msg":"Updated payload","id":"0x04cc522549c4aeca","number":69,"hash":"0x3d5d6caf9e0c332d06c898b8573f42b7e566e9404f1b920e7a66a594dbd63b8e","txs":0,"withdrawals":16,"gas":0,"fees":"0","root":"0x58231909a405a0321c8c5ca7572a77a7ffa5dc8a7b9317ac052728ddfb5789cb","elapsed":"322.333µs","balhash":"0x3753d85bb545ba3244ba0f7e9f8c57a9f2500ea1062eafb34a3477fb35b689bf"}
{"t":"2026-09-30T14:14:41.619431962Z","lvl":"info","msg":"Stopping work on payload","id":"0x04cc522549c4aeca","reason":"delivery"}
{"t":"2026-09-30T14:14:41.66687917Z","lvl":"info","msg":"Imported new potential chain segment","number":"69","hash":"0x3d5d6caf9e0c332d06c898b8573f42b7e566e9404f1b920e7a66a594dbd63b8e","blocks":1,"txs":0,"mgas":0,"elapsed":"810.96µs","mgasps":0,"triediffs":"338.51 KiB","triedirty":"0.00 B"}
{"t":"2026-09-30T14:14:41.669469962Z","lvl":"info","msg":"Chain head was updated","number":"69","hash":"0x3d5d6caf9e0c332d06c898b8573f42b7e566e9404f1b920e7a66a594dbd63b8e","root":"0x58231909a405a0321c8c5ca7572a77a7ffa5dc8a7b9317ac052728ddfb5789cb","elapsed":"47.625µs"}
{"t":"2026-09-30T14:14:41.710466087Z","lvl":"info","msg":"Starting work on payload","id":"0x04187adc0808f09a"}
{"t":"2026-09-30T14:14:41.71084017Z","lvl":"info","msg":"Updated payload","id":"0x04187adc0808f09a","number":70,"hash":"0x17328e2114fba7091d2dabb24793e6fb92e0fd06f83835fc765b6ff353624bb0","txs":0,"withdrawals":16,"gas":0,"fees":"0","root":"0xd1ca1c41aaeec2ebd5c4b5a088690086312d64f1df8470dcfeb8584aa514931b","elapsed":"270.125µs","balhash":"0xc2d93f09ffe4579bf723e2364f2293d446de9afb59911f218a84c587474c77cb"}
{"t":"2026-09-30T14:14:41.711624795Z","lvl":"info","msg":"Stopping work on payload","id":"0x04187adc0808f09a","reason":"delivery"}
{"t":"2026-09-30T14:14:41.747813545Z","lvl":"info","msg":"Imported new potential chain segment","number":"70","hash":"0x17328e2114fba7091d2dabb24793e6fb92e0fd06f83835fc765b6ff353624bb0","blocks":1,"txs":0,"mgas":0,"elapsed":"502.001µs","mgasps":0,"triediffs":"343.81 KiB","triedirty":"0.00 B"}
{"t":"2026-09-30T14:14:41.749682254Z","lvl":"info","msg":"Chain head was updated","number":"70","hash":"0x17328e2114fba7091d2dabb24793e6fb92e0fd06f83835fc765b6ff353624bb0","root":"0xd1ca1c41aaeec2ebd5c4b5a088690086312d64f1df8470dcfeb8584aa514931b","elapsed":"32.083µs"}
{"t":"2026-09-30T14:14:41.79148517Z","lvl":"info","msg":"Starting work on payload","id":"0x048a12ee9eca5e04"}
{"t":"2026-09-30T14:14:41.791781462Z","lvl":"info","msg":"Updated payload","id":"0x048a12ee9eca5e04","number":71,"hash":"0x2ba081f599a2dacb85e019d277ac3c59d510159e75ed0a07b37ac0ae91f920a6","txs":0,"withdrawals":16,"gas":0,"fees":"0","root":"0xbe69fb6cec44628099efd15ba9abfdf4aebb0ff705c77ce85cd58524e1f98138","elapsed":"232.584µs","balhash":"0xbf606d941deb65c6c5d4f014e3e5cdeda333cd93f3e02105f11a386657a5db71"}
{"t":"2026-09-30T14:14:41.792628087Z","lvl":"info","msg":"Stopping work on payload","id":"0x048a12ee9eca5e04","reason":"delivery"}
{"t":"2026-09-30T14:14:41.829003879Z","lvl":"info","msg":"Imported new potential chain segment","number":"71","hash":"0x2ba081f599a2dacb85e019d277ac3c59d510159e75ed0a07b37ac0ae91f920a6","blocks":1,"txs":0,"mgas":0,"elapsed":"470.084µs","mgasps":0,"triediffs":"349.36 KiB","triedirty":"0.00 B"}
{"t":"2026-09-30T14:14:41.831182504Z","lvl":"info","msg":"Chain head was updated","number":"71","hash":"0x2ba081f599a2dacb85e019d277ac3c59d510159e75ed0a07b37ac0ae91f920a6","root":"0xbe69fb6cec44628099efd15ba9abfdf4aebb0ff705c77ce85cd58524e1f98138","elapsed":"27.125µs"}
{"t":"2026-09-30T14:14:41.87342667Z","lvl":"info","msg":"Starting work on payload","id":"0x04fdd8e78288edad"}
{"t":"2026-09-30T14:14:41.873725087Z","lvl":"info","msg":"Updated payload","id":"0x04fdd8e78288edad","number":72,"hash":"0xa2e351ddb639c5f2444d89a1a23e5720357ab494e51635ead169c348f4f45057","txs":0,"withdrawals":16,"gas":0,"fees":"0","root":"0x582967f704d04df6a787e4bd2287ebdde280780a1b58fd9481672ba329279d77","elapsed":"215.75µs","balhash":"0xe27b2e9c24954012e6fffa01c7261672410d167b7a6fc4020fa70074fd937763"}
{"t":"2026-09-30T14:14:41.874485295Z","lvl":"info","msg":"Stopping work on payload","id":"0x04fdd8e78288edad","reason":"delivery"}
{"t":"2026-09-30T14:14:41.916088587Z","lvl":"info","msg":"Imported new potential chain segment","number":"72","hash":"0xa2e351ddb639c5f2444d89a1a23e5720357ab494e51635ead169c348f4f45057","blocks":1,"txs":0,"mgas":0,"elapsed":"554.085µs","mgasps":0,"triediffs":"354.86 KiB","triedirty":"0.00 B"}
{"t":"2026-09-30T14:14:41.918379795Z","lvl":"info","msg":"Chain head was updated","number":"72","hash":"0xa2e351ddb639c5f2444d89a1a23e5720357ab494e51635ead169c348f4f45057","root":"0x582967f704d04df6a787e4bd2287ebdde280780a1b58fd9481672ba329279d77","elapsed":"33.541µs"}
{"t":"2026-09-30T14:14:41.961161212Z","lvl":"info","msg":"Starting work on payload","id":"0x043c7b864bacd29e"}
{"t":"2026-09-30T14:14:41.961629087Z","lvl":"info","msg":"Updated payload","id":"0x043c7b864bacd29e","number":73,"hash":"0xa58e73362f4942d2405d07442d2c7e7c553f5769cd70cbd304f47850a7f8f9ac","txs":0,"withdrawals":16,"gas":0,"fees":"0","root":"0x330b145e83cebc2b066d44dde58b90b0e4dd009d9ee9d990828588daecdce5c1","elapsed":"400.75µs","balhash":"0xe7a9f142897d416f9da8405974683c7283a0031de6e0ed2c7b26fad3a50e97bd"}
{"t":"2026-09-30T14:14:41.96239667Z","lvl":"info","msg":"Stopping work on payload","id":"0x043c7b864bacd29e","reason":"delivery"}
{"t":"2026-09-30T14:14:42.00179992Z","lvl":"info","msg":"Imported new potential chain segment","number":"73","hash":"0xa58e73362f4942d2405d07442d2c7e7c553f5769cd70cbd304f47850a7f8f9ac","blocks":1,"txs":0,"mgas":0,"elapsed":"564.751µs","mgasps":0,"triediffs":"360.23 KiB","triedirty":"0.00 B"}
{"t":"2026-09-30T14:14:42.003568212Z","lvl":"info","msg":"Chain head was updated","number":"73","hash":"0xa58e73362f4942d2405d07442d2c7e7c553f5769cd70cbd304f47850a7f8f9ac","root":"0x330b145e83cebc2b066d44dde58b90b0e4dd009d9ee9d990828588daecdce5c1","elapsed":"39.333µs"}
{"t":"2026-09-30T14:14:42.043503879Z","lvl":"info","msg":"Starting work on payload","id":"0x041a64da306c21b2"}
{"t":"2026-09-30T14:14:42.04383992Z","lvl":"info","msg":"Updated payload","id":"0x041a64da306c21b2","number":74,"hash":"0x85013711323f187ea6e9fd9d71e7fc49615ca3e3f340abb0fb25c46907f3d1fb","txs":0,"withdrawals":16,"gas":0,"fees":"0","root":"0x9e3d6f7a3ff3fd55faa30cf33d79265d117a409bc00176fefd94345ef8b27115","elapsed":"258.5µs","balhash":"0x275aa010dfc4586d4a219a4fac5cde2a578fcc5c30f0a7e77c488733b89ca144"}
{"t":"2026-09-30T14:14:42.04493117Z","lvl":"info","msg":"Stopping work on payload","id":"0x041a64da306c21b2","reason":"delivery"}
{"t":"2026-09-30T14:14:42.082589545Z","lvl":"info","msg":"Imported new potential chain segment","number":"74","hash":"0x85013711323f187ea6e9fd9d71e7fc49615ca3e3f340abb0fb25c46907f3d1fb","blocks":1,"txs":0,"mgas":0,"elapsed":"510.918µs","mgasps":0,"triediffs":"365.82 KiB","triedirty":"0.00 B"}
{"t":"2026-09-30T14:14:42.085858087Z","lvl":"info","msg":"Chain head was updated","number":"74","hash":"0x85013711323f187ea6e9fd9d71e7fc49615ca3e3f340abb0fb25c46907f3d1fb","root":"0x9e3d6f7a3ff3fd55faa30cf33d79265d117a409bc00176fefd94345ef8b27115","elapsed":"30.708µs"}
{"t":"2026-09-30T14:14:42.124947004Z","lvl":"info","msg":"Starting work on payload","id":"0x0409194bc787bbf9"}
{"t":"2026-09-30T14:14:42.125407004Z","lvl":"info","msg":"Updated payload","id":"0x0409194bc787bbf9","number":75,"hash":"0xda66303aa354e7b1703e473bcfb3abdb1db797fc01ab5fd094c791727a891c4c","txs":0,"withdrawals":16,"gas":0,"fees":"0","root":"0x04cade4f7e30bc1adf392315b74564cc128860228872fcb7195e5b2f9017964b","elapsed":"386.625µs","balhash":"0x2bf8c0aa69e89feb5cbb2e6c2bfdb3444807ac894abfa7fe1c94d2d87361f2ba"}
{"t":"2026-09-30T14:14:42.126121129Z","lvl":"info","msg":"Stopping work on payload","id":"0x0409194bc787bbf9","reason":"delivery"}
{"t":"2026-09-30T14:14:42.164030379Z","lvl":"info","msg":"Imported new potential chain segment","number":"75","hash":"0xda66303aa354e7b1703e473bcfb3abdb1db797fc01ab5fd094c791727a891c4c","blocks":1,"txs":0,"mgas":0,"elapsed":"633.292µs","mgasps":0,"triediffs":"370.91 KiB","triedirty":"0.00 B"}
{"t":"2026-09-30T14:14:42.166200879Z","lvl":"info","msg":"Chain head was updated","number":"75","hash":"0xda66303aa354e7b1703e473bcfb3abdb1db797fc01ab5fd094c791727a891c4c","root":"0x04cade4f7e30bc1adf392315b74564cc128860228872fcb7195e5b2f9017964b","elapsed":"24.416µs"}
{"t":"2026-09-30T14:14:42.211068879Z","lvl":"info","msg":"Starting work on payload","id":"0x0493528b071fc911"}
{"t":"2026-09-30T14:14:42.211410379Z","lvl":"info","msg":"Updated payload","id":"0x0493528b071fc911","number":76,"hash":"0xcd796f502b31c853815cd674180a9c76d19a5cc789f1d37dd8dd5062c8cfd01e","txs":0,"withdrawals":16,"gas":0,"fees":"0","root":"0x9184e3cc88052b6e37bd10c4c88c11bbf70bb563924dc18e42076bdec2c142de","elapsed":"250.833µs","balhash":"0x155e4457d2daaa7ec04217f42fe9dceadc6e436be80b964a4a0b1033c604824b"}
{"t":"2026-09-30T14:14:42.21258417Z","lvl":"info","msg":"Stopping work on payload","id":"0x0493528b071fc911","reason":"delivery"}
{"t":"2026-09-30T14:14:42.249507712Z","lvl":"info","msg":"Imported new potential chain segment","number":"76","hash":"0xcd796f502b31c853815cd674180a9c76d19a5cc789f1d37dd8dd5062c8cfd01e","blocks":1,"txs":0,"mgas":0,"elapsed":"581.834µs","mgasps":0,"triediffs":"376.27 KiB","triedirty":"0.00 B"}
{"t":"2026-09-30T14:14:42.251339712Z","lvl":"info","msg":"Chain head was updated","number":"76","hash":"0xcd796f502b31c853815cd674180a9c76d19a5cc789f1d37dd8dd5062c8cfd01e","root":"0x9184e3cc88052b6e37bd10c4c88c11bbf70bb563924dc18e42076bdec2c142de","elapsed":"36.042µs"}
{"t":"2026-09-30T14:14:42.292307795Z","lvl":"info","msg":"Starting work on payload","id":"0x04a57311488403ec"}
{"t":"2026-09-30T14:14:42.292671545Z","lvl":"info","msg":"Updated payload","id":"0x04a57311488403ec","number":77,"hash":"0xa68f2d2d77f3a8cfef4715d0f97b1f5f40c3a89eb6c964349b58330639b69b1d","txs":0,"withdrawals":16,"gas":0,"fees":"0","root":"0xe9dd893297ae27f6021f44405f22d0b3412eafb4366d0b6c6bfa31df3c80660e","elapsed":"296.916µs","balhash":"0x40a2884fae6fb7eee3451f80a550eff41dd731791ab124fba18e02d312f03912"}
{"t":"2026-09-30T14:14:42.293425962Z","lvl":"info","msg":"Stopping work on payload","id":"0x04a57311488403ec","reason":"delivery"}
{"t":"2026-09-30T14:14:42.33137517Z","lvl":"info","msg":"Imported new potential chain segment","number":"77","hash":"0xa68f2d2d77f3a8cfef4715d0f97b1f5f40c3a89eb6c964349b58330639b69b1d","blocks":1,"txs":0,"mgas":0,"elapsed":"521.376µs","mgasps":0,"triediffs":"381.82 KiB","triedirty":"0.00 B"}
{"t":"2026-09-30T14:14:42.333288129Z","lvl":"info","msg":"Chain head was updated","number":"77","hash":"0xa68f2d2d77f3a8cfef4715d0f97b1f5f40c3a89eb6c964349b58330639b69b1d","root":"0xe9dd893297ae27f6021f44405f22d0b3412eafb4366d0b6c6bfa31df3c80660e","elapsed":"32.083µs"}
{"t":"2026-09-30T14:14:42.376661004Z","lvl":"info","msg":"Starting work on payload","id":"0x04d67c20bc1c7cfe"}
{"t":"2026-09-30T14:14:42.377046837Z","lvl":"info","msg":"Updated payload","id":"0x04d67c20bc1c7cfe","number":78,"hash":"0xb4df654ce6d11ad759f3bd018c659c254c6c66cda19f8f653e680c4b0b0eedf9","txs":0,"withdrawals":16,"gas":0,"fees":"0","root":"0x34aac68debfbbe5981b656f3196cdff3d153b730b586ebbc008245ac622ad3b7","elapsed":"312.084µs","balhash":"0x2c540662260196d33f2280e09fd1e0545c87d24f634ed4d82f3e13812d8f0ecb"}
{"t":"2026-09-30T14:14:42.377764462Z","lvl":"info","msg":"Stopping work on payload","id":"0x04d67c20bc1c7cfe","reason":"delivery"}
{"t":"2026-09-30T14:14:42.414388879Z","lvl":"info","msg":"Imported new potential chain segment","number":"78","hash":"0xb4df654ce6d11ad759f3bd018c659c254c6c66cda19f8f653e680c4b0b0eedf9","blocks":1,"txs":0,"mgas":0,"elapsed":"689.043µs","mgasps":0,"triediffs":"387.69 KiB","triedirty":"0.00 B"}
{"t":"2026-09-30T14:14:42.417310629Z","lvl":"info","msg":"Chain head was updated","number":"78","hash":"0xb4df654ce6d11ad759f3bd018c659c254c6c66cda19f8f653e680c4b0b0eedf9","root":"0x34aac68debfbbe5981b656f3196cdff3d153b730b586ebbc008245ac622ad3b7","elapsed":"26.542µs"}
{"t":"2026-09-30T14:14:42.508269462Z","lvl":"info","msg":"Starting work on payload","id":"0x040e480e2452f324"}
{"t":"2026-09-30T14:14:42.508992546Z","lvl":"info","msg":"Updated payload","id":"0x040e480e2452f324","number":79,"hash":"0x7b3960efd5e2ea326e105f4531d294db44db6ff255e5f5b5015d5c446d39db87","txs":0,"withdrawals":16,"gas":0,"fees":"0","root":"0x7a66480d3c324886575e6330cb1415184f4bcd4274fa8718830513670b70702f","elapsed":"514.208µs","balhash":"0xfcfdbf4f3956d733fb40444e71340381fd3ba2f3817a04f2d8616ec64e8c2ddd"}
{"t":"2026-09-30T14:14:42.511852421Z","lvl":"info","msg":"Stopping work on payload","id":"0x040e480e2452f324","reason":"delivery"}
{"t":"2026-09-30T14:14:42.557172837Z","lvl":"info","msg":"Imported new potential chain segment","number":"79","hash":"0x7b3960efd5e2ea326e105f4531d294db44db6ff255e5f5b5015d5c446d39db87","blocks":1,"txs":0,"mgas":0,"elapsed":"892.834µs","mgasps":0,"triediffs":"393.15 KiB","triedirty":"0.00 B"}
{"t":"2026-09-30T14:14:42.564269171Z","lvl":"info","msg":"Chain head was updated","number":"79","hash":"0x7b3960efd5e2ea326e105f4531d294db44db6ff255e5f5b5015d5c446d39db87","root":"0x7a66480d3c324886575e6330cb1415184f4bcd4274fa8718830513670b70702f","elapsed":"30.417µs"}
{"t":"2026-09-30T14:14:42.605640504Z","lvl":"info","msg":"Starting work on payload","id":"0x0429370e7863d69b"}
{"t":"2026-09-30T14:14:42.605955629Z","lvl":"info","msg":"Updated payload","id":"0x0429370e7863d69b","number":80,"hash":"0x44f9deda51cd40bdc7b282a43a04691629d18f1fef74a635b566c963f6dbd1de","txs":0,"withdrawals":16,"gas":0,"fees":"0","root":"0xa3f84e5a3ac080cdd9db5c3df6d5fba4fea6a6198ec92344b344b60a8f90a30b","elapsed":"242.416µs","balhash":"0x7a4a5498fb8748c25876e7b301454d571a4cf6043679cf39d7dd3cc346ca302c"}
{"t":"2026-09-30T14:14:42.606650587Z","lvl":"info","msg":"Stopping work on payload","id":"0x0429370e7863d69b","reason":"delivery"}
{"t":"2026-09-30T14:14:42.642823296Z","lvl":"info","msg":"Imported new potential chain segment","number":"80","hash":"0x44f9deda51cd40bdc7b282a43a04691629d18f1fef74a635b566c963f6dbd1de","blocks":1,"txs":0,"mgas":0,"elapsed":"469.793µs","mgasps":0,"triediffs":"399.10 KiB","triedirty":"0.00 B"}
{"t":"2026-09-30T14:14:42.644638754Z","lvl":"info","msg":"Chain head was updated","number":"80","hash":"0x44f9deda51cd40bdc7b282a43a04691629d18f1fef74a635b566c963f6dbd1de","root":"0xa3f84e5a3ac080cdd9db5c3df6d5fba4fea6a6198ec92344b344b60a8f90a30b","elapsed":"24.75µs"}
{"t":"2026-09-30T14:14:42.682603712Z","lvl":"info","msg":"Starting work on payload","id":"0x040761f7a5ff5473"}
{"t":"2026-09-30T14:14:42.682931087Z","lvl":"info","msg":"Updated payload","id":"0x040761f7a5ff5473","number":81,"hash":"0xa71cb091f962f40620963afaf078b71de5f2278aa62bfe611e1374978b91c5f3","txs":0,"withdrawals":16,"gas":0,"fees":"0","root":"0xf5beaa3ebb0ae468578a7f3cb56e08dfa123003ac40770a4b89fc4d65de2021b","elapsed":"246.292µs","balhash":"0xd2b22c657517452d6a8af12743b323df96c1ece8fc41ad0d69453ae8d0415a96"}
{"t":"2026-09-30T14:14:42.683828129Z","lvl":"info","msg":"Stopping work on payload","id":"0x040761f7a5ff5473","reason":"delivery"}
{"t":"2026-09-30T14:14:42.721844921Z","lvl":"info","msg":"Imported new potential chain segment","number":"81","hash":"0xa71cb091f962f40620963afaf078b71de5f2278aa62bfe611e1374978b91c5f3","blocks":1,"txs":0,"mgas":0,"elapsed":"473.793µs","mgasps":0,"triediffs":"404.69 KiB","triedirty":"0.00 B"}
{"t":"2026-09-30T14:14:42.723639587Z","lvl":"info","msg":"Chain head was updated","number":"81","hash":"0xa71cb091f962f40620963afaf078b71de5f2278aa62bfe611e1374978b91c5f3","root":"0xf5beaa3ebb0ae468578a7f3cb56e08dfa123003ac40770a4b89fc4d65de2021b","elapsed":"24.708µs"}
{"t":"2026-09-30T14:14:42.766720421Z","lvl":"info","msg":"Starting work on payload","id":"0x041ef6ff736c5d94"}
{"t":"2026-09-30T14:14:42.767019796Z","lvl":"info","msg":"Updated payload","id":"0x041ef6ff736c5d94","number":82,"hash":"0x08fdec81f03a5db961137aef08cb87ae6e26904238f081b87c305ff01ea7cae9","txs":0,"withdrawals":16,"gas":0,"fees":"0","root":"0x5f37b91850bb52aa25aac65297f9191afd9debeed6c925756a7d34cdbcaa006a","elapsed":"221µs","balhash":"0xf72d8c8d1cccc6058bbe42c278ea9e33b816e73c82289307cb3c7dafe1c36826"}
{"t":"2026-09-30T14:14:42.767933046Z","lvl":"info","msg":"Stopping work on payload","id":"0x041ef6ff736c5d94","reason":"delivery"}
{"t":"2026-09-30T14:14:42.804195587Z","lvl":"info","msg":"Imported new potential chain segment","number":"82","hash":"0x08fdec81f03a5db961137aef08cb87ae6e26904238f081b87c305ff01ea7cae9","blocks":1,"txs":0,"mgas":0,"elapsed":"599.335µs","mgasps":0,"triediffs":"410.06 KiB","triedirty":"0.00 B"}
{"t":"2026-09-30T14:14:42.806092671Z","lvl":"info","msg":"Chain head was updated","number":"82","hash":"0x08fdec81f03a5db961137aef08cb87ae6e26904238f081b87c305ff01ea7cae9","root":"0x5f37b91850bb52aa25aac65297f9191afd9debeed6c925756a7d34cdbcaa006a","elapsed":"25.875µs"}
{"t":"2026-09-30T14:14:42.849793212Z","lvl":"info","msg":"Starting work on payload","id":"0x04c75b861d03c447"}
{"t":"2026-09-30T14:14:42.850111337Z","lvl":"info","msg":"Updated payload","id":"0x04c75b861d03c447","number":83,"hash":"0x4b859ac0dfa0d1ab4d7d5d23bfe8f69181b1bfa1be3db721708d9684998e142c","txs":0,"withdrawals":16,"gas":0,"fees":"0","root":"0xb79905b684583391548a9d1d805cc48b115a586ce9d936b9e5ed73eb44879000","elapsed":"249.042µs","balhash":"0x3c5f8cc632d1f48ac50eb8c7c215fa2cb6c49a10ab87420116ce427fce48964b"}
{"t":"2026-09-30T14:14:42.850791546Z","lvl":"info","msg":"Stopping work on payload","id":"0x04c75b861d03c447","reason":"delivery"}
{"t":"2026-09-30T14:14:42.888929129Z","lvl":"info","msg":"Imported new potential chain segment","number":"83","hash":"0x4b859ac0dfa0d1ab4d7d5d23bfe8f69181b1bfa1be3db721708d9684998e142c","blocks":1,"txs":0,"mgas":0,"elapsed":"552.501µs","mgasps":0,"triediffs":"415.25 KiB","triedirty":"0.00 B"}
{"t":"2026-09-30T14:14:42.891522754Z","lvl":"info","msg":"Chain head was updated","number":"83","hash":"0x4b859ac0dfa0d1ab4d7d5d23bfe8f69181b1bfa1be3db721708d9684998e142c","root":"0xb79905b684583391548a9d1d805cc48b115a586ce9d936b9e5ed73eb44879000","elapsed":"28.209µs"}
{"t":"2026-09-30T14:14:42.930942504Z","lvl":"info","msg":"Starting work on payload","id":"0x04d7066a171b7e8a"}
{"t":"2026-09-30T14:14:42.931247171Z","lvl":"info","msg":"Updated payload","id":"0x04d7066a171b7e8a","number":84,"hash":"0x0ab5f42031f0fbdbec8c40c475d32fffbbc7e03a0b3df5ef7635bd3564bb1edf","txs":0,"withdrawals":16,"gas":0,"fees":"0","root":"0xe629cbdca2fdf426d9ee8d94bea68db8476efe415514c2bfbb9be943835fe393","elapsed":"235.334µs","balhash":"0xb86d8ba801401bce2fc1cec2b06b48a6c56ba88b547f4665e1b13c8d638cf36b"}
{"t":"2026-09-30T14:14:42.932234587Z","lvl":"info","msg":"Stopping work on payload","id":"0x04d7066a171b7e8a","reason":"delivery"}
{"t":"2026-09-30T14:14:42.968503879Z","lvl":"info","msg":"Imported new potential chain segment","number":"84","hash":"0x0ab5f42031f0fbdbec8c40c475d32fffbbc7e03a0b3df5ef7635bd3564bb1edf","blocks":1,"txs":0,"mgas":0,"elapsed":"402.459µs","mgasps":0,"triediffs":"420.53 KiB","triedirty":"0.00 B"}
{"t":"2026-09-30T14:14:42.970582879Z","lvl":"info","msg":"Chain head was updated","number":"84","hash":"0x0ab5f42031f0fbdbec8c40c475d32fffbbc7e03a0b3df5ef7635bd3564bb1edf","root":"0xe629cbdca2fdf426d9ee8d94bea68db8476efe415514c2bfbb9be943835fe393","elapsed":"26.709µs"}
{"t":"2026-09-30T14:14:43.015328837Z","lvl":"info","msg":"Starting work on payload","id":"0x040373f1802fcdb7"}
{"t":"2026-09-30T14:14:43.015606129Z","lvl":"info","msg":"Updated payload","id":"0x040373f1802fcdb7","number":85,"hash":"0xb5c62a5aec09488c4a649b7e5ba50e519c14025d8f8b8b0c1cbabd9170c02402","txs":0,"withdrawals":16,"gas":0,"fees":"0","root":"0x37c7b50bd904c3ffb802837b8d43194a0a2f50c811fb0169f7d19eb283b3f360","elapsed":"206.083µs","balhash":"0x6b7e2720fa331bb177ba1a6e8692ddf859d702250e470ed002900f95dba01d28"}
{"t":"2026-09-30T14:14:43.017133171Z","lvl":"info","msg":"Stopping work on payload","id":"0x040373f1802fcdb7","reason":"delivery"}
{"t":"2026-09-30T14:14:43.054284171Z","lvl":"info","msg":"Imported new potential chain segment","number":"85","hash":"0xb5c62a5aec09488c4a649b7e5ba50e519c14025d8f8b8b0c1cbabd9170c02402","blocks":1,"txs":0,"mgas":0,"elapsed":"653.334µs","mgasps":0,"triediffs":"425.53 KiB","triedirty":"0.00 B"}
{"t":"2026-09-30T14:14:43.056342796Z","lvl":"info","msg":"Chain head was updated","number":"85","hash":"0xb5c62a5aec09488c4a649b7e5ba50e519c14025d8f8b8b0c1cbabd9170c02402","root":"0x37c7b50bd904c3ffb802837b8d43194a0a2f50c811fb0169f7d19eb283b3f360","elapsed":"28.666µs"}
{"t":"2026-09-30T14:14:43.128670838Z","lvl":"info","msg":"Starting work on payload","id":"0x04bbbd37f24a948c"}
{"t":"2026-09-30T14:14:43.129006046Z","lvl":"info","msg":"Updated payload","id":"0x04bbbd37f24a948c","number":86,"hash":"0x3a8accd52c6d19119ce352b543b34b8fc0f0b3852fd9e7efb8c99be86ec302da","txs":0,"withdrawals":16,"gas":0,"fees":"0","root":"0x1a0e55302bd8159a63f708c83d7434119d589f1d99377f4b63a235e7d666ca30","elapsed":"257.791µs","balhash":"0x928991fbea98c56477cdfde52e85f3210cebf373424be149c08488e7bd517575"}
{"t":"2026-09-30T14:14:43.129939296Z","lvl":"info","msg":"Stopping work on payload","id":"0x04bbbd37f24a948c","reason":"delivery"}
{"t":"2026-09-30T14:14:43.173711546Z","lvl":"info","msg":"Imported new potential chain segment","number":"86","hash":"0x3a8accd52c6d19119ce352b543b34b8fc0f0b3852fd9e7efb8c99be86ec302da","blocks":1,"txs":0,"mgas":0,"elapsed":"920.751µs","mgasps":0,"triediffs":"430.90 KiB","triedirty":"0.00 B"}
{"t":"2026-09-30T14:14:43.175838421Z","lvl":"info","msg":"Chain head was updated","number":"86","hash":"0x3a8accd52c6d19119ce352b543b34b8fc0f0b3852fd9e7efb8c99be86ec302da","root":"0x1a0e55302bd8159a63f708c83d7434119d589f1d99377f4b63a235e7d666ca30","elapsed":"45.333µs"}
{"t":"2026-09-30T14:14:43.218833129Z","lvl":"info","msg":"Starting work on payload","id":"0x04e7927437f483c0"}
{"t":"2026-09-30T14:14:43.219212213Z","lvl":"info","msg":"Updated payload","id":"0x04e7927437f483c0","number":87,"hash":"0xe30295df76cc07d567b2c26eb9a3e24c633515233423ec28fefe26756b3114f3","txs":0,"withdrawals":16,"gas":0,"fees":"0","root":"0x7bb963a84ae5e4313acd8dc2dbdf5330a4cba3865eb84a2f8a78b7df83d49f5b","elapsed":"261.708µs","balhash":"0x8cde02a7c779df01f83d350ede6f986153c16117ed8cd359f2ad0ee063e34b84"}
{"t":"2026-09-30T14:14:43.220094671Z","lvl":"info","msg":"Stopping work on payload","id":"0x04e7927437f483c0","reason":"delivery"}
{"t":"2026-09-30T14:14:43.256587671Z","lvl":"info","msg":"Imported new potential chain segment","number":"87","hash":"0xe30295df76cc07d567b2c26eb9a3e24c633515233423ec28fefe26756b3114f3","blocks":1,"txs":0,"mgas":0,"elapsed":"426.418µs","mgasps":0,"triediffs":"436.05 KiB","triedirty":"0.00 B"}
{"t":"2026-09-30T14:14:43.258448004Z","lvl":"info","msg":"Chain head was updated","number":"87","hash":"0xe30295df76cc07d567b2c26eb9a3e24c633515233423ec28fefe26756b3114f3","root":"0x7bb963a84ae5e4313acd8dc2dbdf5330a4cba3865eb84a2f8a78b7df83d49f5b","elapsed":"23.958µs"}
{"t":"2026-09-30T14:14:43.301988879Z","lvl":"info","msg":"Starting work on payload","id":"0x04dc6d18d0864442"}
{"t":"2026-09-30T14:14:43.302351338Z","lvl":"info","msg":"Updated payload","id":"0x04dc6d18d0864442","number":88,"hash":"0x7170a0559ab7a11ff6c8105cf4f3da9190cb57a372b348fff1ca5ca1c9489c50","txs":0,"withdrawals":16,"gas":0,"fees":"0","root":"0x56dc284c096ba9032652d88ccf73fedec228d737a8a1fec9e730ac68737921fa","elapsed":"273.959µs","balhash":"0x17341c940abe8f3f53678da49cb2a0f56aa0c5904d6640d6b77b6f114f496e89"}
{"t":"2026-09-30T14:14:43.303214671Z","lvl":"info","msg":"Stopping work on payload","id":"0x04dc6d18d0864442","reason":"delivery"}
{"t":"2026-09-30T14:14:43.340621004Z","lvl":"info","msg":"Imported new potential chain segment","number":"88","hash":"0x7170a0559ab7a11ff6c8105cf4f3da9190cb57a372b348fff1ca5ca1c9489c50","blocks":1,"txs":0,"mgas":0,"elapsed":"496.209µs","mgasps":0,"triediffs":"441.67 KiB","triedirty":"0.00 B"}
{"t":"2026-09-30T14:14:43.342400046Z","lvl":"info","msg":"Chain head was updated","number":"88","hash":"0x7170a0559ab7a11ff6c8105cf4f3da9190cb57a372b348fff1ca5ca1c9489c50","root":"0x56dc284c096ba9032652d88ccf73fedec228d737a8a1fec9e730ac68737921fa","elapsed":"27.167µs"}
{"t":"2026-09-30T14:14:43.388826629Z","lvl":"info","msg":"Starting work on payload","id":"0x045e4305b814dc1d"}
{"t":"2026-09-30T14:14:43.389147546Z","lvl":"info","msg":"Updated payload","id":"0x045e4305b814dc1d","number":89,"hash":"0xb59d05ce23a9bf3a5cfd6d4537c9ab7a1e65dcb450cce7f0f1af27582974fc8c","txs":0,"withdrawals":16,"gas":0,"fees":"0","root":"0xfcbb07cdc8e2c3ace45fa49967a65e0438f932b307de95930c2f8efbf520eaee","elapsed":"233.75µs","balhash":"0xc3026bc38629578997a65f9a15cefc90957334a38d10d9a57d81f0982571e739"}
{"t":"2026-09-30T14:14:43.389911004Z","lvl":"info","msg":"Stopping work on payload","id":"0x045e4305b814dc1d","reason":"delivery"}
{"t":"2026-09-30T14:14:43.436050671Z","lvl":"info","msg":"Imported new potential chain segment","number":"89","hash":"0xb59d05ce23a9bf3a5cfd6d4537c9ab7a1e65dcb450cce7f0f1af27582974fc8c","blocks":1,"txs":0,"mgas":0,"elapsed":"620.834µs","mgasps":0,"triediffs":"446.89 KiB","triedirty":"0.00 B"}
{"t":"2026-09-30T14:14:43.438319129Z","lvl":"info","msg":"Chain head was updated","number":"89","hash":"0xb59d05ce23a9bf3a5cfd6d4537c9ab7a1e65dcb450cce7f0f1af27582974fc8c","root":"0xfcbb07cdc8e2c3ace45fa49967a65e0438f932b307de95930c2f8efbf520eaee","elapsed":"22.792µs"}
{"t":"2026-09-30T14:14:43.482296379Z","lvl":"info","msg":"Starting work on payload","id":"0x041d7f9e5ed25f08"}
{"t":"2026-09-30T14:14:43.482574421Z","lvl":"info","msg":"Updated payload","id":"0x041d7f9e5ed25f08","number":90,"hash":"0x0f6d197fba4e78000c19ce0105dd650a979ca6d7f362190c551362a5751b4cca","txs":0,"withdrawals":16,"gas":0,"fees":"0","root":"0x36dafaea51cd910956fbcc49c468a4c003db569f2880dd0c6584a784d446caa4","elapsed":"221.458µs","balhash":"0x4ea532db40144fae6def13b7778862d79284b8e98b6e5a393a858b60405063b0"}
{"t":"2026-09-30T14:14:43.483667171Z","lvl":"info","msg":"Stopping work on payload","id":"0x041d7f9e5ed25f08","reason":"delivery"}
{"t":"2026-09-30T14:14:43.521075754Z","lvl":"info","msg":"Imported new potential chain segment","number":"90","hash":"0x0f6d197fba4e78000c19ce0105dd650a979ca6d7f362190c551362a5751b4cca","blocks":1,"txs":0,"mgas":0,"elapsed":"608.084µs","mgasps":0,"triediffs":"452.68 KiB","triedirty":"0.00 B"}
{"t":"2026-09-30T14:14:43.525223254Z","lvl":"info","msg":"Chain head was updated","number":"90","hash":"0x0f6d197fba4e78000c19ce0105dd650a979ca6d7f362190c551362a5751b4cca","root":"0x36dafaea51cd910956fbcc49c468a4c003db569f2880dd0c6584a784d446caa4","elapsed":"29.875µs"}
{"t":"2026-09-30T14:14:43.565573213Z","lvl":"info","msg":"Starting work on payload","id":"0x04220883a1e29b7b"}
{"t":"2026-09-30T14:14:43.565969379Z","lvl":"info","msg":"Updated payload","id":"0x04220883a1e29b7b","number":91,"hash":"0x6e0cbc3a00d5cf5c539c1068d1afef86766fa94b82d6ca726c6d6389d72d2b1f","txs":0,"withdrawals":16,"gas":0,"fees":"0","root":"0x9e54e08cdd4d6c9f5372ca9cc8a773b3915958cf55f80d1a2f52c5a9c7090c1f","elapsed":"316.333µs","balhash":"0x65dfe8ae940280e1f7542865ee4fcbb681d70ddc2e573f5b9c4cee1eea199303"}
{"t":"2026-09-30T14:14:43.566961254Z","lvl":"info","msg":"Stopping work on payload","id":"0x04220883a1e29b7b","reason":"delivery"}
{"t":"2026-09-30T14:14:43.606777713Z","lvl":"info","msg":"Imported new potential chain segment","number":"91","hash":"0x6e0cbc3a00d5cf5c539c1068d1afef86766fa94b82d6ca726c6d6389d72d2b1f","blocks":1,"txs":0,"mgas":0,"elapsed":"1.030ms","mgasps":0,"triediffs":"458.61 KiB","triedirty":"0.00 B"}
{"t":"2026-09-30T14:14:43.609039379Z","lvl":"info","msg":"Chain head was updated","number":"91","hash":"0x6e0cbc3a00d5cf5c539c1068d1afef86766fa94b82d6ca726c6d6389d72d2b1f","root":"0x9e54e08cdd4d6c9f5372ca9cc8a773b3915958cf55f80d1a2f52c5a9c7090c1f","elapsed":"31.875µs"}
{"t":"2026-09-30T14:14:43.663500504Z","lvl":"info","msg":"Starting work on payload","id":"0x04c775a9608de1fc"}
{"t":"2026-09-30T14:14:43.664742921Z","lvl":"info","msg":"Updated payload","id":"0x04c775a9608de1fc","number":92,"hash":"0x1d475cc283ff215cb320236d8025cafa0cf791715da325c9006c983cd3b94541","txs":0,"withdrawals":16,"gas":0,"fees":"0","root":"0x0cd3820e1558f33961edf6b68431fc26c373dd9439467bd454a30d321d0a353b","elapsed":"866.417µs","balhash":"0x9b48376f536f639ecd1a98e8917a56fa08039a66b8450ec864ec0e6ac7883e6d"}
{"t":"2026-09-30T14:14:43.668757463Z","lvl":"info","msg":"Stopping work on payload","id":"0x04c775a9608de1fc","reason":"delivery"}
{"t":"2026-09-30T14:14:43.715776504Z","lvl":"info","msg":"Imported new potential chain segment","number":"92","hash":"0x1d475cc283ff215cb320236d8025cafa0cf791715da325c9006c983cd3b94541","blocks":1,"txs":0,"mgas":0,"elapsed":"629.835µs","mgasps":0,"triediffs":"464.38 KiB","triedirty":"0.00 B"}
{"t":"2026-09-30T14:14:43.717564671Z","lvl":"info","msg":"Chain head was updated","number":"92","hash":"0x1d475cc283ff215cb320236d8025cafa0cf791715da325c9006c983cd3b94541","root":"0x0cd3820e1558f33961edf6b68431fc26c373dd9439467bd454a30d321d0a353b","elapsed":"27µs"}
{"t":"2026-09-30T14:14:43.764169338Z","lvl":"info","msg":"Starting work on payload","id":"0x04a325e365f94207"}
{"t":"2026-09-30T14:14:43.764491963Z","lvl":"info","msg":"Updated payload","id":"0x04a325e365f94207","number":93,"hash":"0x564f6d1e611d95d8847856b24ac9e0bec57fd73a42c3b0c9cf58c5f07c35c2e6","txs":0,"withdrawals":16,"gas":0,"fees":"0","root":"0xfd24779a47ac4784203529e1f92a970cf40519697c225df9c586ea3ce5cec7c5","elapsed":"241.333µs","balhash":"0x2e28c740884811cdf3192e0ea73d95073214740527dfc671f2bb4631fa2f7e0b"}
{"t":"2026-09-30T14:14:43.765816629Z","lvl":"info","msg":"Stopping work on payload","id":"0x04a325e365f94207","reason":"delivery"}
{"t":"2026-09-30T14:14:43.802954963Z","lvl":"info","msg":"Imported new potential chain segment","number":"93","hash":"0x564f6d1e611d95d8847856b24ac9e0bec57fd73a42c3b0c9cf58c5f07c35c2e6","blocks":1,"txs":0,"mgas":0,"elapsed":"583.793µs","mgasps":0,"triediffs":"470.00 KiB","triedirty":"0.00 B"}
{"t":"2026-09-30T14:14:43.804924463Z","lvl":"info","msg":"Chain head was updated","number":"93","hash":"0x564f6d1e611d95d8847856b24ac9e0bec57fd73a42c3b0c9cf58c5f07c35c2e6","root":"0xfd24779a47ac4784203529e1f92a970cf40519697c225df9c586ea3ce5cec7c5","elapsed":"54.834µs"}
{"t":"2026-09-30T14:14:43.844869296Z","lvl":"info","msg":"Starting work on payload","id":"0x043d3b23cb22edb6"}
{"t":"2026-09-30T14:14:43.845220046Z","lvl":"info","msg":"Updated payload","id":"0x043d3b23cb22edb6","number":94,"hash":"0x8fa5f6b64b4133468b90a26e9a118b2bc4329e5575ada193f771f2f9172fdb77","txs":0,"withdrawals":16,"gas":0,"fees":"0","root":"0x479fbb194fe5e88402cf7c1723194398561b390c1f207dbbe507958336a43bb7","elapsed":"257.042µs","balhash":"0xbeafd82ae3599bbdb20ae436e82bbd8d0798a0cdf906608c321f2067342f4e0f"}
{"t":"2026-09-30T14:14:43.84605088Z","lvl":"info","msg":"Stopping work on payload","id":"0x043d3b23cb22edb6","reason":"delivery"}
{"t":"2026-09-30T14:14:43.882854255Z","lvl":"info","msg":"Imported new potential chain segment","number":"94","hash":"0x8fa5f6b64b4133468b90a26e9a118b2bc4329e5575ada193f771f2f9172fdb77","blocks":1,"txs":0,"mgas":0,"elapsed":"488.626µs","mgasps":0,"triediffs":"475.38 KiB","triedirty":"0.00 B"}
{"t":"2026-09-30T14:14:43.886154338Z","lvl":"info","msg":"Chain head was updated","number":"94","hash":"0x8fa5f6b64b4133468b90a26e9a118b2bc4329e5575ada193f771f2f9172fdb77","root":"0x479fbb194fe5e88402cf7c1723194398561b390c1f207dbbe507958336a43bb7","elapsed":"25.5µs"}
{"t":"2026-09-30T14:14:43.941315338Z","lvl":"info","msg":"Starting work on payload","id":"0x04369bc90624ae39"}
{"t":"2026-09-30T14:14:43.94191413Z","lvl":"info","msg":"Updated payload","id":"0x04369bc90624ae39","number":95,"hash":"0xd51a831a714b0a7a772a37e716c266c6338907b14c3bb798d8f8a0e5a832db35","txs":0,"withdrawals":16,"gas":0,"fees":"0","root":"0xf07e2fb287c3282634d5a0c7e842792852674c9028a12f4a6274e49a945376b6","elapsed":"451.792µs","balhash":"0x559cf5d930e6207b09b7a3e87aaec1ec7a896f3134eee15e2a556eb73e3dc1a8"}
{"t":"2026-09-30T14:14:43.94283988Z","lvl":"info","msg":"Stopping work on payload","id":"0x04369bc90624ae39","reason":"delivery"}
{"t":"2026-09-30T14:14:43.994425838Z","lvl":"info","msg":"Imported new potential chain segment","number":"95","hash":"0xd51a831a714b0a7a772a37e716c266c6338907b14c3bb798d8f8a0e5a832db35","blocks":1,"txs":0,"mgas":0,"elapsed":"637.792µs","mgasps":0,"triediffs":"480.69 KiB","triedirty":"0.00 B"}
{"t":"2026-09-30T14:14:43.99816388Z","lvl":"info","msg":"Chain head was updated","number":"95","hash":"0xd51a831a714b0a7a772a37e716c266c6338907b14c3bb798d8f8a0e5a832db35","root":"0xf07e2fb287c3282634d5a0c7e842792852674c9028a12f4a6274e49a945376b6","elapsed":"39.959µs"}
{"t":"2026-09-30T14:14:44.075797588Z","lvl":"info","msg":"Starting work on payload","id":"0x04a8f92604541a4e"}
{"t":"2026-09-30T14:14:44.076248921Z","lvl":"info","msg":"Updated payload","id":"0x04a8f92604541a4e","number":96,"hash":"0xe52086c02ac3d0ab5f24c2cf29796cd495a84565eb86e6a1b13e7cc6333af22a","txs":0,"withdrawals":16,"gas":0,"fees":"0","root":"0xb509df985cedaa82119481fb373964a6fe47759b78938d2c1ead3037c9dc7606","elapsed":"375.708µs","balhash":"0x58c6f5072df075cbdc30f899a491ac8eaed2c7868dbd3e5acd619ae69a98d7c9"}
{"t":"2026-09-30T14:14:44.080311421Z","lvl":"info","msg":"Stopping work on payload","id":"0x04a8f92604541a4e","reason":"delivery"}
{"t":"2026-09-30T14:14:44.117937171Z","lvl":"info","msg":"Imported new potential chain segment","number":"96","hash":"0xe52086c02ac3d0ab5f24c2cf29796cd495a84565eb86e6a1b13e7cc6333af22a","blocks":1,"txs":0,"mgas":0,"elapsed":"551.126µs","mgasps":0,"triediffs":"486.35 KiB","triedirty":"0.00 B"}
{"t":"2026-09-30T14:14:44.121404088Z","lvl":"info","msg":"Chain head was updated","number":"96","hash":"0xe52086c02ac3d0ab5f24c2cf29796cd495a84565eb86e6a1b13e7cc6333af22a","root":"0xb509df985cedaa82119481fb373964a6fe47759b78938d2c1ead3037c9dc7606","elapsed":"37.125µs"}
