TAP version 13
# Subtest: external Panda needs no checkout, preserves fresh genesis and does not own shutdown
ok 1 - external Panda needs no checkout, preserves fresh genesis and does not own shutdown
  ---
  duration_ms: 64.032709
  type: 'test'
  ...
# Subtest: SDK routes Beacon reads and writes to native CL and keeps the controller proxy as default
ok 2 - SDK routes Beacon reads and writes to native CL and keeps the controller proxy as default
  ---
  duration_ms: 14.031542
  type: 'test'
  ...
# Subtest: SDK rejects stale, optimistic, noncanonical or mismatched CL genesis
ok 3 - SDK rejects stale, optimistic, noncanonical or mismatched CL genesis
  ---
  duration_ms: 27.273125
  type: 'test'
  ...
# Subtest: SDK validates CL URL and does not fall back when an explicit CL is unavailable
ok 4 - SDK validates CL URL and does not fall back when an explicit CL is unavailable
  ---
  duration_ms: 3.337542
  type: 'test'
  ...
# Subtest: SDK verifies the Gloas bid, envelope and canonical EL block for an immutable Beacon root
ok 5 - SDK verifies the Gloas bid, envelope and canonical EL block for an immutable Beacon root
  ---
  duration_ms: 4.68275
  type: 'test'
  ...
# Subtest: SDK rejects an optimistic or conflicting Gloas bid, envelope and EL block
ok 6 - SDK rejects an optimistic or conflicting Gloas bid, envelope and EL block
  ---
  duration_ms: 56.7785
  type: 'test'
  ...
# Subtest: SDK confirms Gloas finality using the checkpoint execution parent, not its own payload
ok 7 - SDK confirms Gloas finality using the checkpoint execution parent, not its own payload
  ---
  duration_ms: 7.082292
  type: 'test'
  ...
# Subtest: SDK uses PANDA_BEACON_URL from CI and rejects invalid checkpoint evidence
ok 8 - SDK uses PANDA_BEACON_URL from CI and rejects invalid checkpoint evidence
  ---
  duration_ms: 7.248916
  type: 'test'
  ...
1..8
# tests 8
# suites 0
# pass 8
# fail 0
# cancelled 0
# skipped 0
# todo 0
# duration_ms 443.014916
