TAP version 13
# Subtest: scratch preserves the actual network genesis and supports RPC gas estimation
not ok 1 - scratch preserves the actual network genesis and supports RPC gas estimation
  ---
  duration_ms: 61.682875
  type: 'test'
  location: '/Users/lexdort/development/zap-net/.cache/pilots/lido-pr-1940-working/scripts/tests/migration-env.test.cjs:21:1'
  failureType: 'testCodeFailure'
  error: |-
    Expected values to be strictly deep-equal:
    + actual - expected
    
      [
    +   '1639659600',
    +   '16000000',
    -   '2000000000',
    -   '',
        'scratch/steps.json'
      ]
    
  code: 'ERR_ASSERTION'
  name: 'AssertionError'
  expected:
    0: '2000000000'
    1: ''
    2: 'scratch/steps.json'
  actual:
    0: '1639659600'
    1: '16000000'
    2: 'scratch/steps.json'
  operator: 'deepStrictEqual'
  stack: |-
    TestContext.<anonymous> (/Users/lexdort/development/zap-net/.cache/pilots/lido-pr-1940-working/scripts/tests/migration-env.test.cjs:22:10)
    Test.runInAsyncScope (node:async_hooks:214:14)
    Test.run (node:internal/test_runner/test:1047:25)
    Test.start (node:internal/test_runner/test:944:17)
    startSubtestAfterBootstrap (node:internal/test_runner/harness:296:17)
  ...
# Subtest: an explicitly configured fixed gas limit is preserved
ok 2 - an explicitly configured fixed gas limit is preserved
  ---
  duration_ms: 15.447
  type: 'test'
  ...
1..2
# tests 2
# suites 0
# pass 1
# fail 1
# cancelled 0
# skipped 0
# todo 0
# duration_ms 126.454709
