Check tests/container_access_test.ts
running 4 tests from ./tests/container_access_test.ts
native relay preserves VC authentication, request bodies and CL event streams ... FAILED (6ms)
relay resolves the current VC after restart and closes active connections ... FAILED (538µs)
relay preserves controller Host and Origin restrictions ... FAILED (364µs)
client logs select exact owner and role, demux stdout/stderr, and support follow ... FAILED (1ms)

 ERRORS

native relay preserves VC authentication, request bodies and CL event streams => ./tests/container_access_test.ts:12:6
error: Error: Native client API relay is not implemented
  throw new Error("Native client API relay is not implemented");
        ^
    at tcpRelay (file:///Users/lexdort/development/zap-net/container/relay.ts:8:9)
    at file:///Users/lexdort/development/zap-net/tests/container_access_test.ts:28:13

relay resolves the current VC after restart and closes active connections => ./tests/container_access_test.ts:54:6
error: Error: Native client API relay is not implemented
  throw new Error("Native client API relay is not implemented");
        ^
    at tcpRelay (file:///Users/lexdort/development/zap-net/container/relay.ts:8:9)
    at file:///Users/lexdort/development/zap-net/tests/container_access_test.ts:61:13

relay preserves controller Host and Origin restrictions => ./tests/container_access_test.ts:79:6
error: Error: Native client API relay is not implemented
  throw new Error("Native client API relay is not implemented");
        ^
    at tcpRelay (file:///Users/lexdort/development/zap-net/container/relay.ts:8:9)
    at file:///Users/lexdort/development/zap-net/tests/container_access_test.ts:89:13

client logs select exact owner and role, demux stdout/stderr, and support follow => ./tests/container_access_test.ts:117:6
error: Error: Client log access is not implemented
    return Promise.reject(new Error("Client log access is not implemented"));
                          ^
    at Infrastructure.clientLogs (file:///Users/lexdort/development/zap-net/src/docker.ts:189:27)
    at file:///Users/lexdort/development/zap-net/tests/container_access_test.ts:145:17

 FAILURES

native relay preserves VC authentication, request bodies and CL event streams => ./tests/container_access_test.ts:12:6
relay resolves the current VC after restart and closes active connections => ./tests/container_access_test.ts:54:6
relay preserves controller Host and Origin restrictions => ./tests/container_access_test.ts:79:6
client logs select exact owner and role, demux stdout/stderr, and support follow => ./tests/container_access_test.ts:117:6

FAILED | 0 passed | 4 failed (12ms)

error: Test failed
