Loaded 21 migration steps from scratch/steps.json
Applying migration: /Users/lexdort/development/zap-net/.cache/pilots/lido-pr-1940/scripts/scratch/steps/0000-populate-deploy-artifact-from-env.ts
========================================
Started script: 0000-populate-deploy-artifact-from-env.ts
========================================

DEPLOYER = 0xf39Fd6e51aad88F6F4ce6aB8827279cffFb92266
GENESIS_TIME = 2000000000
SLOTS_PER_EPOCH = 32
DEPOSIT_CONTRACT = 0x4242424242424242424242424242424242424242
WITHDRAWAL_QUEUE_BASE_URI = 
DSM_PREDEFINED_ADDRESS = 
GENESIS_FORK_VERSION = 0x10000000
CONSOLIDATION_MIGRATOR_SOURCE_MODULE_ID = 
CONSOLIDATION_MIGRATOR_TARGET_MODULE_ID = 

✅ Finished script: 0000-populate-deploy-artifact-from-env.ts

Applying migration: /Users/lexdort/development/zap-net/.cache/pilots/lido-pr-1940/scripts/scratch/steps/0010-deploy-deposit-contract.ts
========================================
Started script: 0010-deploy-deposit-contract.ts
========================================

Using DepositContract at: 0x4242424242424242424242424242424242424242
✅ Finished script: 0010-deploy-deposit-contract.ts

Applying migration: /Users/lexdort/development/zap-net/.cache/pilots/lido-pr-1940/scripts/scratch/steps/0020-deploy-aragon-env.ts
========================================
Started script: 0020-deploy-aragon-env.ts
========================================

========================
=         ENS          =
========================

Deploying: ENSFactory (without proxy)
✅ Deployed: ENSFactory at 0x5FbDB2315678afecb367f032d93F642f64180aa3
Call: ENSFactory[0x5FbDB2315678afecb367f032d93F642f64180aa3].newENS("0xf39Fd6e51aad88F6F4ce6aB8827279cffFb92266")
========================
=     DAO factory      =
========================

Deploying implementation: Kernel with constructor args (true)
✅ Deployed: Kernel at 0x9fE46736679d2D9a65F0992F2272dE9f3c7fa6e0
Deploying implementation: ACL
✅ Deployed: ACL at 0xCf7Ed3AccA5a467e9e704C703E8D87F634fB0Fc9
Deploying: EVMScriptRegistryFactory (without proxy)
✅ Deployed: EVMScriptRegistryFactory at 0xDc64a140Aa3E981100a9becA4E685f962f0cF6C9
Deploying: DAOFactory (without proxy) with constructor args (
 "0x9fE46736679d2D9a65F0992F2272dE9f3c7fa6e0",
 "0xCf7Ed3AccA5a467e9e704C703E8D87F634fB0Fc9",
 "0xDc64a140Aa3E981100a9becA4E685f962f0cF6C9",
)
✅ Deployed: DAOFactory at 0x5FC8d32690cc91D4c39d9d3abcBD16989F875707
============================
=   APM registry factory   =
============================

Deploying implementation: APMRegistry
✅ Deployed: APMRegistry at 0x0165878A594ca255338adfa4d48449f69242Eb8F
Deploying: Repo (without proxy)
✅ Deployed: Repo at 0xa513E6E4b8f2a923D98304ec87F64353C4D5C853
Deploying implementation: ENSSubdomainRegistrar
✅ Deployed: ENSSubdomainRegistrar at 0x2279B7A0a67DB372996a5FaB50D91eAA73d2eBe6
Deploying: APMRegistryFactory (without proxy) with constructor args (
 "0x5FC8d32690cc91D4c39d9d3abcBD16989F875707",
 "0x0165878A594ca255338adfa4d48449f69242Eb8F",
 "0xa513E6E4b8f2a923D98304ec87F64353C4D5C853",
 "0x2279B7A0a67DB372996a5FaB50D91eAA73d2eBe6",
 "0xa16E02E87b7454126E5E10d957A927A7F5B5d2be",
 "0x0000000000000000000000000000000000000000",
)
✅ Deployed: APMRegistryFactory at 0x8A791620dd6260079BF849Dc5567aDC3F2FdC318
========================
=      Aragon APM      =
========================

Assigning ENS name aragonpm.eth to APMRegistryFactory at 0x8A791620dd6260079BF849Dc5567aDC3F2FdC318...
Node: aragonpm.eth (0x9065c3e7f7b7ef1ef4e53d2d0b8e0cef02874ab020c1ece79d5f0d3d0111c0ba)
Parent node: eth (0x93cdeb708b7545dc668eb9280176169d1c33cfd8ed6f04690a0bcc88a93fc4ae)
Label: aragonpm (0x1542111b4698ac085139692eae7c6efb632a4ae2779f8686da94511ebbbff594)
Call: ENS[0xa16E02E87b7454126E5E10d957A927A7F5B5d2be].setSubnodeOwner(
 "0x93cdeb708b7545dc668eb9280176169d1c33cfd8ed6f04690a0bcc88a93fc4ae",
 "0x1542111b4698ac085139692eae7c6efb632a4ae2779f8686da94511ebbbff594",
 "0x8A791620dd6260079BF849Dc5567aDC3F2FdC318",
)
Call: APMRegistryFactory[0x8A791620dd6260079BF849Dc5567aDC3F2FdC318].newAPM(
 "0x93cdeb708b7545dc668eb9280176169d1c33cfd8ed6f04690a0bcc88a93fc4ae",
 "0x1542111b4698ac085139692eae7c6efb632a4ae2779f8686da94511ebbbff594",
 "0xf39Fd6e51aad88F6F4ce6aB8827279cffFb92266",
)
Using APMRegistry: 0xc74e6E20415F30BF4e586aC063055D926Cdf124f

==========================
=   MiniMeTokenFactory   =
==========================

Deploying: MiniMeTokenFactory (without proxy)
✅ Deployed: MiniMeTokenFactory at 0xA51c1fc2f0D1a1b8494Ed1FE312d7C3a78Ed91C0
========================
=       AragonID       =
========================

Using public resolver: 0xB7A5bd0345EF1Cc5E66bf61BdeC17D2461fBd968
 Node: aragonid.eth (0x7e74a86b6e146964fb965db04dc2590516da77f720bb6759337bf5632415fd86)

Deploying: FIFSResolvingRegistrar (without proxy) with constructor args (
 "0xa16E02E87b7454126E5E10d957A927A7F5B5d2be",
 "0xB7A5bd0345EF1Cc5E66bf61BdeC17D2461fBd968",
 "0x7e74a86b6e146964fb965db04dc2590516da77f720bb6759337bf5632415fd86",
)
✅ Deployed: FIFSResolvingRegistrar at 0x0DCd1Bf9A1b36cE34237eEaFef220932846BCD82
Assigning ENS name aragonid.eth to AragonID at 0x0DCd1Bf9A1b36cE34237eEaFef220932846BCD82...
Node: aragonid.eth (0x7e74a86b6e146964fb965db04dc2590516da77f720bb6759337bf5632415fd86)
Parent node: eth (0x93cdeb708b7545dc668eb9280176169d1c33cfd8ed6f04690a0bcc88a93fc4ae)
Label: aragonid (0xb50225e66585b05f85fa55923224991b0517e07903ac43c0e5258b4d48950a97)
Call: ENS[0xa16E02E87b7454126E5E10d957A927A7F5B5d2be].setSubnodeOwner(
 "0x93cdeb708b7545dc668eb9280176169d1c33cfd8ed6f04690a0bcc88a93fc4ae",
 "0xb50225e66585b05f85fa55923224991b0517e07903ac43c0e5258b4d48950a97",
 "0x0DCd1Bf9A1b36cE34237eEaFef220932846BCD82",
)
Call: FIFSResolvingRegistrar[0x0DCd1Bf9A1b36cE34237eEaFef220932846BCD82].register(
 "0x02016836a56b71f0d02689e69e326f4f4c1b9057164ef592671cf0d37c8040c0",
 "0xf39Fd6e51aad88F6F4ce6aB8827279cffFb92266",
)
✅ Finished script: 0020-deploy-aragon-env.ts

Applying migration: /Users/lexdort/development/zap-net/.cache/pilots/lido-pr-1940/scripts/scratch/steps/0030-deploy-template-and-app-bases.ts
========================================
Started script: 0030-deploy-template-and-app-bases.ts
========================================

Deploying implementation: Agent
✅ Deployed: Agent at 0x959922bE3CAee4b8Cd9a407cc3ac1C251C2007B1
Deploying implementation: Finance
✅ Deployed: Finance at 0x9A9f2CCfdE556A7E9Ff0848998Aa4a0CFD8863AE
Deploying implementation: TokenManager
✅ Deployed: TokenManager at 0x68B1D87F95878fE05B998F19b66F4baba5De1aed
Deploying implementation: Voting
✅ Deployed: Voting at 0x3Aa5ebB10DC797CAC828524e59A333d0A371443c
Deploying implementation: Lido
✅ Deployed: Lido at 0xc6e7DF5E7b4f2A278906862b61205850344D4e7d
Deploying: MinFirstAllocationStrategy (without proxy)
✅ Deployed: MinFirstAllocationStrategy at 0x59b670e9fA9D0A427751Af201D676719a970857b
Deploying implementation: NodeOperatorsRegistry
✅ Deployed: NodeOperatorsRegistry at 0x4ed7c70F96B99c776995fB64377f0d4aB3B0e1C1
Deploying: LidoTemplate (without proxy) with constructor args (
 "0xf39Fd6e51aad88F6F4ce6aB8827279cffFb92266",
 "0x5FC8d32690cc91D4c39d9d3abcBD16989F875707",
 "0xa16E02E87b7454126E5E10d957A927A7F5B5d2be",
 "0xA51c1fc2f0D1a1b8494Ed1FE312d7C3a78Ed91C0",
 "0x0DCd1Bf9A1b36cE34237eEaFef220932846BCD82",
 "0x8A791620dd6260079BF849Dc5567aDC3F2FdC318",
)
✅ Deployed: LidoTemplate at 0x322813Fd9A801c5507c9de605d63CEA4f2CE6c44
✅ Finished script: 0030-deploy-template-and-app-bases.ts

Applying migration: /Users/lexdort/development/zap-net/.cache/pilots/lido-pr-1940/scripts/scratch/steps/0040-register-ens-domain.ts
========================================
Started script: 0040-register-ens-domain.ts
========================================

Using ENS: 0xa16E02E87b7454126E5E10d957A927A7F5B5d2be
 ENS domain: lidopm.eth (0xbfc3884a938047d1e93d1dbd85bfcfb929a63a4ed292efc654596c10e96a88c9)
 TLD node: eth (0x93cdeb708b7545dc668eb9280176169d1c33cfd8ed6f04690a0bcc88a93fc4ae)
 Label: lidopm (0x90a9580abeb24937fc658e497221c81ce8553b560304f9525821f32b17dbdaec)

ENS domain new owner: 0x322813Fd9A801c5507c9de605d63CEA4f2CE6c44

Call: ENS[0xa16E02E87b7454126E5E10d957A927A7F5B5d2be].setSubnodeOwner(
 "0x93cdeb708b7545dc668eb9280176169d1c33cfd8ed6f04690a0bcc88a93fc4ae",
 "0x90a9580abeb24937fc658e497221c81ce8553b560304f9525821f32b17dbdaec",
 "0x322813Fd9A801c5507c9de605d63CEA4f2CE6c44",
)
✅ Finished script: 0040-register-ens-domain.ts

Applying migration: /Users/lexdort/development/zap-net/.cache/pilots/lido-pr-1940/scripts/scratch/steps/0050-deploy-apm.ts
========================================
Started script: 0050-deploy-apm.ts
========================================

APM ENS domain: lidopm.eth
Using DAO template: 0x322813Fd9A801c5507c9de605d63CEA4f2CE6c44

✅ ENS node is owned by the DAO template

Parent domain: eth (0x93cdeb708b7545dc668eb9280176169d1c33cfd8ed6f04690a0bcc88a93fc4ae)
Subdomain label: lidopm (0x90a9580abeb24937fc658e497221c81ce8553b560304f9525821f32b17dbdaec)

Call: LidoTemplate[0x322813Fd9A801c5507c9de605d63CEA4f2CE6c44].deployLidoAPM(
 "0x93cdeb708b7545dc668eb9280176169d1c33cfd8ed6f04690a0bcc88a93fc4ae",
 "0x90a9580abeb24937fc658e497221c81ce8553b560304f9525821f32b17dbdaec",
)
Using APMRegistry: 0xBf7F95cf4858DFbA4651A283fcB3fcbE68F5b43B

✅ Finished script: 0050-deploy-apm.ts

Applying migration: /Users/lexdort/development/zap-net/.cache/pilots/lido-pr-1940/scripts/scratch/steps/0060-create-app-repos.ts
========================================
Started script: 0060-create-app-repos.ts
========================================

Call: LidoTemplate[0x322813Fd9A801c5507c9de605d63CEA4f2CE6c44].createRepos(
 [1,0,0],
 "0xc6e7DF5E7b4f2A278906862b61205850344D4e7d",
 "0x000000000000000000000000000000000000000000000000000000000000000000000000000000000000000000000000000000",
 "0x4ed7c70F96B99c776995fB64377f0d4aB3B0e1C1",
 "0x000000000000000000000000000000000000000000000000000000000000000000000000000000000000000000000000000000",
)
Call: LidoTemplate[0x322813Fd9A801c5507c9de605d63CEA4f2CE6c44].createStdAragonRepos(
 "0x959922bE3CAee4b8Cd9a407cc3ac1C251C2007B1",
 "0x9A9f2CCfdE556A7E9Ff0848998Aa4a0CFD8863AE",
 "0x68B1D87F95878fE05B998F19b66F4baba5De1aed",
 "0x3Aa5ebB10DC797CAC828524e59A333d0A371443c",
)
✅ Finished script: 0060-create-app-repos.ts

Applying migration: /Users/lexdort/development/zap-net/.cache/pilots/lido-pr-1940/scripts/scratch/steps/0070-deploy-dao.ts
========================================
Started script: 0070-deploy-dao.ts
========================================

Using LidoTemplate deploy block: 25
Using DAO token settings: { name: 'TEST Lido DAO Token', symbol: 'TLDO' }
Using DAO voting settings: {
  minSupportRequired: '500000000000000000',
  minAcceptanceQuorum: '50000000000000000',
  voteDuration: 300,
  objectionPhaseDuration: 60
}

Call: LidoTemplate[0x322813Fd9A801c5507c9de605d63CEA4f2CE6c44].newDAO(
 "TEST Lido DAO Token",
 "TLDO",
 ["500000000000000000","50000000000000000",300,60],
)
✅ all (and only) expected apps are installed
✅ aragon-agent: the installed app base is 0x959922bE3CAee4b8Cd9a407cc3ac1C251C2007B1
✅ aragon-finance: the installed app base is 0x9A9f2CCfdE556A7E9Ff0848998Aa4a0CFD8863AE
✅ aragon-token-manager: the installed app base is 0x68B1D87F95878fE05B998F19b66F4baba5De1aed
✅ aragon-voting: the installed app base is 0x3Aa5ebB10DC797CAC828524e59A333d0A371443c
✅ lido: the installed app base is 0xc6e7DF5E7b4f2A278906862b61205850344D4e7d
✅ node-operators-registry: the installed app base is 0x4ed7c70F96B99c776995fB64377f0d4aB3B0e1C1
✅ simple-dvt: the installed app base is 0x4ed7c70F96B99c776995fB64377f0d4aB3B0e1C1

✅ Finished script: 0070-deploy-dao.ts

Applying migration: /Users/lexdort/development/zap-net/.cache/pilots/lido-pr-1940/scripts/scratch/steps/0080-issue-tokens.ts
========================================
Started script: 0080-issue-tokens.ts
========================================

Using vesting settings:
 Start: Thu, 01 Jan 1970 00:00:00 GMT
 Cliff: Thu, 01 Jan 1970 00:00:00 GMT
 End: Thu, 01 Jan 1970 00:00:00 GMT
 Revokable: false
 Total supply: 1000000.0
 Unvested tokens amount: 0.0
 Token receivers (total 5):
  0xe4dD9D749004872b68279Eda85306ada07CDB12a: 760000.0 (76%)
  0x51Af50A64Ec8A4F442A36Bd5dcEF1e86c127Bd51: 60000.0 (6%)
  0xaa6bfBCD634EE744CB8FE522b29ADD23124593D3: 60000.0 (6%)
  0xBA59A84C6440E8cccfdb5448877E26F1A431Fc8B: 60000.0 (6%)
  0x066000801c27C5184aDdb7513aD530301B1Bd447: 60000.0 (6%)
 Total batches: 1

Call: LidoTemplate[0x322813Fd9A801c5507c9de605d63CEA4f2CE6c44].issueTokens(
 ["0xe4dD9D749004872b68279Eda85306ada07CDB12a","0x51Af50A64Ec8A4F442A36Bd5dcEF1e86c127Bd51","0xaa6bfBCD634EE744CB8FE522b29ADD23124593D3","0xBA59A84C6440E8cccfdb5448877E26F1A431Fc8B","0x066000801c27C5184aDdb7513aD530301B1Bd447"],
 ["760000000000000000000000","60000000000000000000000","60000000000000000000000","60000000000000000000000","60000000000000000000000"],
 0,
 0,
 0,
 false,
 "0xd3c21bcecceda1000000",
)
✅ Finished script: 0080-issue-tokens.ts

Applying migration: /Users/lexdort/development/zap-net/.cache/pilots/lido-pr-1940/scripts/scratch/steps/0083-deploy-core.ts
========================================
Started script: 0083-deploy-core.ts
========================================

Deploying: DummyEmptyContract (without proxy)
✅ Deployed: DummyEmptyContract at 0xE6E340D132b5f46d1e472DebcD681B2aBc16e57E
Using pre-deployed implementation of DummyEmptyContract: 0xE6E340D132b5f46d1e472DebcD681B2aBc16e57E
Deploying OssifiableProxy for DummyEmptyContract with constructor args (
 "0xE6E340D132b5f46d1e472DebcD681B2aBc16e57E",
 "0xf39Fd6e51aad88F6F4ce6aB8827279cffFb92266",
 "0x",
)
✅ Deployed: OssifiableProxy at 0xc3e53F4d16Ae77Db1c982e75a937B9f60FE63690
Deploying: EIP712StETH (without proxy) with constructor args ("0x55d232AE4097eCaA14366fF9D99351Fa8408eB51")
✅ Deployed: EIP712StETH at 0x84eA74d481Ee0A5332c457a4d796187F6Ba67fEB
Deploying: OracleDaemonConfig (without proxy) with constructor args (
 "0xf39Fd6e51aad88F6F4ce6aB8827279cffFb92266",
 [],
)
✅ Deployed: OracleDaemonConfig at 0x9E545E3C0baAB3E08CdfD552C960A1050f373042
Call: OracleDaemonConfig[0x9E545E3C0baAB3E08CdfD552C960A1050f373042].grantRole(
 "0xbbfb55d933c2bfa638763473275b1d84c4418e58d26cf9d2cd5758237756d9f0",
 "0xf39Fd6e51aad88F6F4ce6aB8827279cffFb92266",
)
Call: OracleDaemonConfig[0x9E545E3C0baAB3E08CdfD552C960A1050f373042].set(
 "NORMALIZED_CL_REWARD_PER_EPOCH",
 "0x40",
)
Call: OracleDaemonConfig[0x9E545E3C0baAB3E08CdfD552C960A1050f373042].set(
 "NORMALIZED_CL_REWARD_MISTAKE_RATE_BP",
 "0x03e8",
)
Call: OracleDaemonConfig[0x9E545E3C0baAB3E08CdfD552C960A1050f373042].set(
 "REBASE_CHECK_NEAREST_EPOCH_DISTANCE",
 "0x01",
)
Call: OracleDaemonConfig[0x9E545E3C0baAB3E08CdfD552C960A1050f373042].set(
 "REBASE_CHECK_DISTANT_EPOCH_DISTANCE",
 "0x17",
)
Call: OracleDaemonConfig[0x9E545E3C0baAB3E08CdfD552C960A1050f373042].set(
 "VALIDATOR_DELAYED_TIMEOUT_IN_SLOTS",
 "0x1c20",
)
Call: OracleDaemonConfig[0x9E545E3C0baAB3E08CdfD552C960A1050f373042].set(
 "VALIDATOR_DELINQUENT_TIMEOUT_IN_SLOTS",
 "0x7080",
)
Call: OracleDaemonConfig[0x9E545E3C0baAB3E08CdfD552C960A1050f373042].set(
 "NODE_OPERATOR_NETWORK_PENETRATION_THRESHOLD_BP",
 "0x64",
)
Call: OracleDaemonConfig[0x9E545E3C0baAB3E08CdfD552C960A1050f373042].set(
 "PREDICTION_DURATION_IN_SLOTS",
 "0xc4e0",
)
Call: OracleDaemonConfig[0x9E545E3C0baAB3E08CdfD552C960A1050f373042].set(
 "FINALIZATION_MAX_NEGATIVE_REBASE_EPOCH_SHIFT",
 "0x0546",
)
Call: OracleDaemonConfig[0x9E545E3C0baAB3E08CdfD552C960A1050f373042].set(
 "EXIT_EVENTS_LOOKBACK_WINDOW_IN_SLOTS",
 "0x1c20",
)
Call: OracleDaemonConfig[0x9E545E3C0baAB3E08CdfD552C960A1050f373042].renounceRole(
 "0xbbfb55d933c2bfa638763473275b1d84c4418e58d26cf9d2cd5758237756d9f0",
 "0xf39Fd6e51aad88F6F4ce6aB8827279cffFb92266",
)
Deploying: WstETH (without proxy) with constructor args ("0x55d232AE4097eCaA14366fF9D99351Fa8408eB51")
✅ Deployed: WstETH at 0x5eb3Bc0a489C5A8288765d2336659EbCA68FCd00
Deploying implementation: WithdrawalQueueERC721 (with proxy) with constructor args (
 "0x5eb3Bc0a489C5A8288765d2336659EbCA68FCd00",
 "Lido: stETH Withdrawal NFT",
 "unstETH",
)
✅ Deployed: WithdrawalQueueERC721 at 0x36C02dA8a0983159322a80FFE9F24b1acfF8B570
Deploying OssifiableProxy for WithdrawalQueueERC721 with constructor args (
 "0x36C02dA8a0983159322a80FFE9F24b1acfF8B570",
 "0xf39Fd6e51aad88F6F4ce6aB8827279cffFb92266",
 "0x",
)
✅ Deployed: OssifiableProxy at 0x809d550fca64d94Bd9F66E60752A544199cfAC3D
Call: WithdrawalQueueERC721[0x809d550fca64d94Bd9F66E60752A544199cfAC3D].initialize("0xf39Fd6e51aad88F6F4ce6aB8827279cffFb92266")
Deploying: LidoExecutionLayerRewardsVault (without proxy) with constructor args (
 "0x55d232AE4097eCaA14366fF9D99351Fa8408eB51",
 "0x066000801c27C5184aDdb7513aD530301B1Bd447",
)
✅ Deployed: LidoExecutionLayerRewardsVault at 0x1291Be112d480055DaFd8a610b7d1e203891C274
✅ Deployed: WithdrawalsManagerProxy at 0x5f3f1dBD7B74C6B46e8c44f98792A1dAf8d69154
Deploying: BeaconChainDepositor (without proxy)
✅ Deployed: BeaconChainDepositor at 0xb7278A61aa25c888815aFC32Ad3cC52fF24fE575
Deploying: MinFirstAllocationStrategy (without proxy)
✅ Deployed: MinFirstAllocationStrategy at 0xCD8a1C3ba11CF5ECfa6267617243239504a98d90
Deploying: SRLib (without proxy)
✅ Deployed: SRLib at 0x82e01223d51Eb87e16A03E24687EDF0F294da6f1
Deploying implementation: StakingRouter (with proxy) with constructor args (
 "0x4242424242424242424242424242424242424242",
 "0x55d232AE4097eCaA14366fF9D99351Fa8408eB51",
 "0xc3e53F4d16Ae77Db1c982e75a937B9f60FE63690",
 "32000000000000000000",
 "2048000000000000000000",
)
✅ Deployed: StakingRouter at 0x2bdCC0de6bE1f7D2ee689a0342D76F52E8EFABa3
Deploying OssifiableProxy for StakingRouter with constructor args (
 "0x2bdCC0de6bE1f7D2ee689a0342D76F52E8EFABa3",
 "0xf39Fd6e51aad88F6F4ce6aB8827279cffFb92266",
 "0x684560a2000000000000000000000000f39fd6e51aad88f6f4ce6ab8827279cfffb922660100000000000000000000005f3f1dbd7b74c6b46e8c44f98792a1daf8d69154000000000000000000000000000000000000000000000000000002e90edd0000",
)
✅ Deployed: OssifiableProxy at 0x7969c5eD335650692Bc04293B07F5BF2e7A673C0
Deploying: DepositSecurityModule (without proxy) with constructor args (
 "0x4242424242424242424242424242424242424242",
 "0x7969c5eD335650692Bc04293B07F5BF2e7A673C0",
 6646,
 200,
)
✅ Deployed: DepositSecurityModule at 0x7bc06c482DEAd17c0e297aFbC32f6e63d3846650
Deploying implementation: TopUpGateway (with proxy) with constructor args (
 "0xc3e53F4d16Ae77Db1c982e75a937B9f60FE63690",
 0,
 32,
)
✅ Deployed: TopUpGateway at 0xc351628EB244ec633d5f21fBD6621e1a683B1181
Deploying OssifiableProxy for TopUpGateway with constructor args (
 "0xc351628EB244ec633d5f21fBD6621e1a683B1181",
 "0xf39Fd6e51aad88F6F4ce6aB8827279cffFb92266",
 "0x45ff4c80000000000000000000000000f39fd6e51aad88f6f4ce6ab8827279cfffb922660000000000000000000000000000000000000000000000000000000000000064000000000000000000000000000000000000000000000000000000000000004b000000000000000000000000000000000000000000000000000000000000012c000000000000000000000000000000000000000000000000000001dc8bce8380000000000000000000000000000000000000000000000000000000003b9aca00",
)
✅ Deployed: OssifiableProxy at 0xFD471836031dc5108809D173A067e8486B9047A3
Deploying implementation: Accounting (with proxy) with constructor args (
 "0xc3e53F4d16Ae77Db1c982e75a937B9f60FE63690",
 "0x55d232AE4097eCaA14366fF9D99351Fa8408eB51",
)
✅ Deployed: Accounting at 0xcbEAF3BDe82155F56486Fb5a1072cb8baAf547cc
Deploying OssifiableProxy for Accounting with constructor args (
 "0xcbEAF3BDe82155F56486Fb5a1072cb8baAf547cc",
 "0xf39Fd6e51aad88F6F4ce6aB8827279cffFb92266",
 "0x",
)
✅ Deployed: OssifiableProxy at 0x1429859428C0aBc9C2C47C8Ee9FBaf82cFA0F20f
Deploying implementation: AccountingOracle (with proxy) with constructor args (
 "0xc3e53F4d16Ae77Db1c982e75a937B9f60FE63690",
 12,
 2000000000,
)
✅ Deployed: AccountingOracle at 0xB0D4afd8879eD9F52b28595d31B441D079B2Ca07
Deploying OssifiableProxy for AccountingOracle with constructor args (
 "0xB0D4afd8879eD9F52b28595d31B441D079B2Ca07",
 "0xf39Fd6e51aad88F6F4ce6aB8827279cffFb92266",
 "0x",
)
✅ Deployed: OssifiableProxy at 0x162A433068F51e18b7d13932F27e66a3f99E6890
Deploying: HashConsensus (without proxy) with constructor args (
 32,
 12,
 2000000000,
 12,
 10,
 "0xf39Fd6e51aad88F6F4ce6aB8827279cffFb92266",
 "0x162A433068F51e18b7d13932F27e66a3f99E6890",
)
✅ Deployed: HashConsensus at 0x922D6956C99E12DFeB3224DEA977D0939758A1Fe
Call: AccountingOracle[0x162A433068F51e18b7d13932F27e66a3f99E6890].initialize(
 "0xf39Fd6e51aad88F6F4ce6aB8827279cffFb92266",
 "0x922D6956C99E12DFeB3224DEA977D0939758A1Fe",
 6,
 0,
)
Deploying implementation: ValidatorsExitBusOracle (with proxy) with constructor args (
 12,
 2000000000,
 "0xc3e53F4d16Ae77Db1c982e75a937B9f60FE63690",
)
✅ Deployed: ValidatorsExitBusOracle at 0x1fA02b2d6A771842690194Cf62D91bdd92BfE28d
Deploying OssifiableProxy for ValidatorsExitBusOracle with constructor args (
 "0x1fA02b2d6A771842690194Cf62D91bdd92BfE28d",
 "0xf39Fd6e51aad88F6F4ce6aB8827279cffFb92266",
 "0x",
)
✅ Deployed: OssifiableProxy at 0xdbC43Ba45381e02825b14322cDdd15eC4B3164E6
Deploying: HashConsensus (without proxy) with constructor args (
 32,
 12,
 2000000000,
 4,
 10,
 "0xf39Fd6e51aad88F6F4ce6aB8827279cffFb92266",
 "0xdbC43Ba45381e02825b14322cDdd15eC4B3164E6",
)
✅ Deployed: HashConsensus at 0x04C89607413713Ec9775E14b954286519d836FEf
Call: ValidatorsExitBusOracle[0xdbC43Ba45381e02825b14322cDdd15eC4B3164E6].initialize(
 "0xf39Fd6e51aad88F6F4ce6aB8827279cffFb92266",
 "0x04C89607413713Ec9775E14b954286519d836FEf",
 5,
 0,
 600,
 358400,
 32,
 48,
)
Deploying: TriggerableWithdrawalsGateway (without proxy) with constructor args (
 "0xf39Fd6e51aad88F6F4ce6aB8827279cffFb92266",
 "0xc3e53F4d16Ae77Db1c982e75a937B9f60FE63690",
 250,
 1,
 240,
)
✅ Deployed: TriggerableWithdrawalsGateway at 0x21dF544947ba3E8b3c32561399E88B52Dc8b2823
Call: StakingRouter[0x7969c5eD335650692Bc04293B07F5BF2e7A673C0].grantRole(
 "0x0766e72e5c008b3df8129fb356d9176eef8544f6241e078b7d61aff604f8812b",
 "0x21dF544947ba3E8b3c32561399E88B52Dc8b2823",
)
Call: TriggerableWithdrawalsGateway[0x21dF544947ba3E8b3c32561399E88B52Dc8b2823].grantRole(
 "0x15fac8ba7fe8dd5344b88c1915452ce66976f270d1cd793c3b0ab579cecd33c0",
 "0xdbC43Ba45381e02825b14322cDdd15eC4B3164E6",
)
Deploying: ConsolidationGateway (without proxy) with constructor args (
 "0xf39Fd6e51aad88F6F4ce6aB8827279cffFb92266",
 "0xc3e53F4d16Ae77Db1c982e75a937B9f60FE63690",
 2900,
 1,
 36,
 0,
)
✅ Deployed: ConsolidationGateway at 0xDC11f7E700A4c898AE5CAddB1082cFfa76512aDD
Deploying implementation: ConsolidationBus (with proxy) with constructor args ("0xDC11f7E700A4c898AE5CAddB1082cFfa76512aDD")
✅ Deployed: ConsolidationBus at 0x51A1ceB83B83F1985a81C295d1fF28Afef186E02
Deploying OssifiableProxy for ConsolidationBus with constructor args (
 "0x51A1ceB83B83F1985a81C295d1fF28Afef186E02",
 "0xf39Fd6e51aad88F6F4ce6aB8827279cffFb92266",
 "0x",
)
✅ Deployed: OssifiableProxy at 0x36b58F5C1969B7b6591D752ea6F5486D069010AB
Call: ConsolidationBus[0x36b58F5C1969B7b6591D752ea6F5486D069010AB].initialize(
 "0xf39Fd6e51aad88F6F4ce6aB8827279cffFb92266",
 350,
 10,
 0,
)
Call: ConsolidationBus[0x36b58F5C1969B7b6591D752ea6F5486D069010AB].grantRole(
 "0xa076a07f65bcd51bcb15a0f01a65bc18f2d922acb81bcfd8af4caf5adb557091",
 "0xf39Fd6e51aad88F6F4ce6aB8827279cffFb92266",
)
Call: ConsolidationGateway[0xDC11f7E700A4c898AE5CAddB1082cFfa76512aDD].grantRole(
 "0x2893ea78cf4b35bcb6ca1f49c79c387fe7f3d8fd18fe56f2424c792c6a8207d2",
 "0x36b58F5C1969B7b6591D752ea6F5486D069010AB",
)
Call: ConsolidationGateway[0xDC11f7E700A4c898AE5CAddB1082cFfa76512aDD].grantRole(
 "0x2893ea78cf4b35bcb6ca1f49c79c387fe7f3d8fd18fe56f2424c792c6a8207d2",
 "0xf39Fd6e51aad88F6F4ce6aB8827279cffFb92266",
)
Deploying implementation: ConsolidationMigrator (with proxy) with constructor args (
 "0x7969c5eD335650692Bc04293B07F5BF2e7A673C0",
 "0x36b58F5C1969B7b6591D752ea6F5486D069010AB",
 1,
 4,
)
✅ Deployed: ConsolidationMigrator at 0x172076E0166D1F9Cc711C77Adf8488051744980C
Deploying OssifiableProxy for ConsolidationMigrator with constructor args (
 "0x172076E0166D1F9Cc711C77Adf8488051744980C",
 "0xf39Fd6e51aad88F6F4ce6aB8827279cffFb92266",
 "0x",
)
✅ Deployed: OssifiableProxy at 0x4EE6eCAD1c2Dae9f525404De8555724e3c35d07B
Call: ConsolidationMigrator[0x4EE6eCAD1c2Dae9f525404De8555724e3c35d07B].initialize("0xf39Fd6e51aad88F6F4ce6aB8827279cffFb92266")
Call: ConsolidationMigrator[0x4EE6eCAD1c2Dae9f525404De8555724e3c35d07B].grantRole(
 "0x11b7ee1b50f8c4aefc7ba573dc738d6c20f03c1869ff81aa1d8be99ab7cfd7c1",
 "0xf39Fd6e51aad88F6F4ce6aB8827279cffFb92266",
)
Call: ConsolidationBus[0x36b58F5C1969B7b6591D752ea6F5486D069010AB].grantRole(
 "0xf3156f38966c62e303ac6c7519c63e00636409e3b3ca4abecd13cd0092fee53e",
 "0x4EE6eCAD1c2Dae9f525404De8555724e3c35d07B",
)
Deploying: ValidatorExitDelayVerifier (without proxy) with constructor args (
 "0xc3e53F4d16Ae77Db1c982e75a937B9f60FE63690",
 0,
 0,
 0,
 8192,
 32,
 12,
 2000000000,
 98304,
)
✅ Deployed: ValidatorExitDelayVerifier at 0xfbC22278A96299D91d41C453234d97b4F5Eb9B2d
Deploying implementation: WithdrawalVault with constructor args (
 "0x55d232AE4097eCaA14366fF9D99351Fa8408eB51",
 "0x066000801c27C5184aDdb7513aD530301B1Bd447",
 "0x21dF544947ba3E8b3c32561399E88B52Dc8b2823",
 "0xDC11f7E700A4c898AE5CAddB1082cFfa76512aDD",
 "0x00000961Ef480Eb55e80D19ad83579A64c007002",
 "0x0000BBdDc7CE488642fb579F8B00f3a590007251",
)
✅ Deployed: WithdrawalVault at 0x46b142DD1E924FAb83eCc3c08e4D46E82f005e0E
Call: WithdrawalsManagerProxy[0x5f3f1dBD7B74C6B46e8c44f98792A1dAf8d69154].proxy_upgradeTo(
 "0x46b142DD1E924FAb83eCc3c08e4D46E82f005e0E",
 "0x",
)
Deploying implementation: Burner (with proxy) with constructor args (
 "0xc3e53F4d16Ae77Db1c982e75a937B9f60FE63690",
 "0x55d232AE4097eCaA14366fF9D99351Fa8408eB51",
)
✅ Deployed: Burner at 0x1c85638e118b37167e9298c2268758e058DdfDA0
Deploying OssifiableProxy for Burner with constructor args (
 "0x1c85638e118b37167e9298c2268758e058DdfDA0",
 "0xf39Fd6e51aad88F6F4ce6aB8827279cffFb92266",
 "0x",
)
✅ Deployed: OssifiableProxy at 0x367761085BF3C12e5DA2Df99AC6E1a824612b8fb
Call: Burner[0x367761085BF3C12e5DA2Df99AC6E1a824612b8fb].initialize(
 "0xf39Fd6e51aad88F6F4ce6aB8827279cffFb92266",
 false,
)
Deploying: OracleReportSanityChecker (without proxy) with constructor args (
 "0xc3e53F4d16Ae77Db1c982e75a937B9f60FE63690",
 "0x1429859428C0aBc9C2C47C8Ee9FBaf82cFA0F20f",
 "0xf39Fd6e51aad88F6F4ce6aB8827279cffFb92266",
 {"exitedEthAmountPerDayLimit":57600,"appearedEthAmountPerDayLimit":57600,"annualBalanceIncreaseBPLimit":1000,"simulatedShareRateDeviationBPLimit":250,"maxBalanceExitRequestedPerReportInEth":19200,"maxEffectiveBalanceWeightWCType01":32,"maxEffectiveBalanceWeightWCType02":2048,"maxItemsPerExtraDataTransaction":8,"maxNodeOperatorsPerExtraDataItem":24,"requestTimestampMargin":128,"maxPositiveTokenRebase":5000000,"maxCLBalanceDecreaseBP":360,"clBalanceOraclesErrorUpperBPLimit":50,"consolidationEthAmountPerDayLimit":93375,"exitedValidatorEthAmountLimit":32,"externalPendingBalanceCapEth":300},
)
✅ Deployed: OracleReportSanityChecker at 0x7A9Ec1d04904907De0ED7b6839CcdD59c3716AC9
Deploying: TokenRateNotifier (without proxy) with constructor args (
 "0x066000801c27C5184aDdb7513aD530301B1Bd447",
 "0x1429859428C0aBc9C2C47C8Ee9FBaf82cFA0F20f",
)
✅ Deployed: TokenRateNotifier at 0x49fd2BE640DB2910c2fAb69bB8531Ab6E76127ff
✅ Finished script: 0083-deploy-core.ts

Applying migration: /Users/lexdort/development/zap-net/.cache/pilots/lido-pr-1940/scripts/scratch/steps/0085-deploy-vaults.ts
========================================
Started script: 0085-deploy-vaults.ts
========================================

Deploying implementation: OperatorGrid (with proxy) with constructor args ("0xc3e53F4d16Ae77Db1c982e75a937B9f60FE63690")
✅ Deployed: OperatorGrid at 0x4631BCAbD6dF18D94796344963cB60d44a4136b6
Deploying OssifiableProxy for OperatorGrid with constructor args (
 "0x4631BCAbD6dF18D94796344963cB60d44a4136b6",
 "0xf39Fd6e51aad88F6F4ce6aB8827279cffFb92266",
 "0x",
)
✅ Deployed: OssifiableProxy at 0x86A2EE8FAf9A840F7a2c64CA3d51209F9A02081D
Call: OperatorGrid[0x86A2EE8FAf9A840F7a2c64CA3d51209F9A02081D].initialize(
 "0xf39Fd6e51aad88F6F4ce6aB8827279cffFb92266",
 {"shareLimit":"0","reserveRatioBP":5000,"forcedRebalanceThresholdBP":4975,"infraFeeBP":100,"liquidityFeeBP":650,"reservationFeeBP":0},
)
Deploying: StakingVault (without proxy) with constructor args ("0x4242424242424242424242424242424242424242")
✅ Deployed: StakingVault at 0xf953b3A269d80e3eB0F2947630Da976B896A8C5b
Deploying: UpgradeableBeacon (without proxy) with constructor args (
 "0xf953b3A269d80e3eB0F2947630Da976B896A8C5b",
 "0xf39Fd6e51aad88F6F4ce6aB8827279cffFb92266",
)
✅ Deployed: UpgradeableBeacon at 0xAA292E8611aDF267e563f334Ee42320aC96D0463
Deploying implementation: VaultHub (with proxy) with constructor args (
 "0xc3e53F4d16Ae77Db1c982e75a937B9f60FE63690",
 "0x55d232AE4097eCaA14366fF9D99351Fa8408eB51",
 "0x922D6956C99E12DFeB3224DEA977D0939758A1Fe",
 1000,
)
✅ Deployed: VaultHub at 0x5c74c94173F05dA1720953407cbb920F3DF9f887
Deploying OssifiableProxy for VaultHub with constructor args (
 "0x5c74c94173F05dA1720953407cbb920F3DF9f887",
 "0xf39Fd6e51aad88F6F4ce6aB8827279cffFb92266",
 "0x",
)
✅ Deployed: OssifiableProxy at 0x720472c8ce72c2A2D711333e064ABD3E6BbEAdd3
Call: VaultHub[0x720472c8ce72c2A2D711333e064ABD3E6BbEAdd3].initialize("0xf39Fd6e51aad88F6F4ce6aB8827279cffFb92266")
Call: VaultHub[0x720472c8ce72c2A2D711333e064ABD3E6BbEAdd3].grantRole(
 "0x479bc4a51d27fbdc8e51b5b1ebd3dcd58bd229090980bff226f8930587e69ce3",
 "0xf39Fd6e51aad88F6F4ce6aB8827279cffFb92266",
)
Call: VaultHub[0x720472c8ce72c2A2D711333e064ABD3E6BbEAdd3].renounceRole(
 "0x479bc4a51d27fbdc8e51b5b1ebd3dcd58bd229090980bff226f8930587e69ce3",
 "0xf39Fd6e51aad88F6F4ce6aB8827279cffFb92266",
)
Deploying implementation: LazyOracle (with proxy) with constructor args ("0xc3e53F4d16Ae77Db1c982e75a937B9f60FE63690")
✅ Deployed: LazyOracle at 0x4b6aB5F819A515382B0dEB6935D793817bB4af28
Deploying OssifiableProxy for LazyOracle with constructor args (
 "0x4b6aB5F819A515382B0dEB6935D793817bB4af28",
 "0xf39Fd6e51aad88F6F4ce6aB8827279cffFb92266",
 "0x",
)
✅ Deployed: OssifiableProxy at 0xCace1b78160AE76398F486c8a18044da0d66d86D
Call: LazyOracle[0xCace1b78160AE76398F486c8a18044da0d66d86D].initialize(
 "0xf39Fd6e51aad88F6F4ce6aB8827279cffFb92266",
 259200,
 350,
 "180000000000000000",
)
Deploying: Dashboard (without proxy) with constructor args (
 "0x55d232AE4097eCaA14366fF9D99351Fa8408eB51",
 "0x5eb3Bc0a489C5A8288765d2336659EbCA68FCd00",
 "0x720472c8ce72c2A2D711333e064ABD3E6BbEAdd3",
 "0xc3e53F4d16Ae77Db1c982e75a937B9f60FE63690",
)
✅ Deployed: Dashboard at 0xF8e31cb472bc70500f08Cd84917E5A1912Ec8397
Deploying: VaultFactory (without proxy) with constructor args (
 "0xc3e53F4d16Ae77Db1c982e75a937B9f60FE63690",
 "0xAA292E8611aDF267e563f334Ee42320aC96D0463",
 "0xF8e31cb472bc70500f08Cd84917E5A1912Ec8397",
 "0x0000000000000000000000000000000000000000",
)
✅ Deployed: VaultFactory at 0xc0F115A19107322cFBf1cDBC7ea011C19EbDB4F8
Deploying implementation: PredepositGuarantee (with proxy) with constructor args (
 "0x10000000",
 0,
)
✅ Deployed: PredepositGuarantee at 0xc96304e3c037f81dA488ed9dEa1D8F2a48278a75
Deploying OssifiableProxy for PredepositGuarantee with constructor args (
 "0xc96304e3c037f81dA488ed9dEa1D8F2a48278a75",
 "0xf39Fd6e51aad88F6F4ce6aB8827279cffFb92266",
 "0x",
)
✅ Deployed: OssifiableProxy at 0x34B40BA116d5Dec75548a9e9A8f15411461E8c70
Call: PredepositGuarantee[0x34B40BA116d5Dec75548a9e9A8f15411461E8c70].initialize("0xf39Fd6e51aad88F6F4ce6aB8827279cffFb92266")
Deploying: ValidatorConsolidationRequests (without proxy) with constructor args ("0xc3e53F4d16Ae77Db1c982e75a937B9f60FE63690")
✅ Deployed: ValidatorConsolidationRequests at 0x07882Ae1ecB7429a84f1D53048d35c4bB2056877
✅ Finished script: 0085-deploy-vaults.ts

Applying migration: /Users/lexdort/development/zap-net/.cache/pilots/lido-pr-1940/scripts/scratch/steps/0090-upgrade-locator.ts
========================================
Started script: 0090-upgrade-locator.ts
========================================

Upgrading proxy 0xc3e53F4d16Ae77Db1c982e75a937B9f60FE63690 to new implementation: LidoLocator with constructor args ({"accountingOracle":"0x162A433068F51e18b7d13932F27e66a3f99E6890","depositSecurityModule":"0x7bc06c482DEAd17c0e297aFbC32f6e63d3846650","elRewardsVault":"0x1291Be112d480055DaFd8a610b7d1e203891C274","lido":"0x55d232AE4097eCaA14366fF9D99351Fa8408eB51","oracleReportSanityChecker":"0x7A9Ec1d04904907De0ED7b6839CcdD59c3716AC9","postTokenRebaseReceiver":"0x49fd2BE640DB2910c2fAb69bB8531Ab6E76127ff","burner":"0x367761085BF3C12e5DA2Df99AC6E1a824612b8fb","stakingRouter":"0x7969c5eD335650692Bc04293B07F5BF2e7A673C0","treasury":"0x066000801c27C5184aDdb7513aD530301B1Bd447","validatorsExitBusOracle":"0xdbC43Ba45381e02825b14322cDdd15eC4B3164E6","withdrawalQueue":"0x809d550fca64d94Bd9F66E60752A544199cfAC3D","withdrawalVault":"0x5f3f1dBD7B74C6B46e8c44f98792A1dAf8d69154","validatorExitDelayVerifier":"0xfbC22278A96299D91d41C453234d97b4F5Eb9B2d","triggerableWithdrawalsGateway":"0x21dF544947ba3E8b3c32561399E88B52Dc8b2823","consolidationGateway":"0xDC11f7E700A4c898AE5CAddB1082cFfa76512aDD","oracleDaemonConfig":"0x9E545E3C0baAB3E08CdfD552C960A1050f373042","accounting":"0x1429859428C0aBc9C2C47C8Ee9FBaf82cFA0F20f","predepositGuarantee":"0x34B40BA116d5Dec75548a9e9A8f15411461E8c70","wstETH":"0x5eb3Bc0a489C5A8288765d2336659EbCA68FCd00","vaultHub":"0x720472c8ce72c2A2D711333e064ABD3E6BbEAdd3","vaultFactory":"0xc0F115A19107322cFBf1cDBC7ea011C19EbDB4F8","lazyOracle":"0xCace1b78160AE76398F486c8a18044da0d66d86D","operatorGrid":"0x86A2EE8FAf9A840F7a2c64CA3d51209F9A02081D","topUpGateway":"0xFD471836031dc5108809D173A067e8486B9047A3"})
✅ Deployed: LidoLocator at 0x22753E4264FDDc6181dc7cce468904A80a363E44
Call: OssifiableProxy[0xc3e53F4d16Ae77Db1c982e75a937B9f60FE63690].proxy__upgradeTo("0x22753E4264FDDc6181dc7cce468904A80a363E44")
✅ Finished script: 0090-upgrade-locator.ts

Applying migration: /Users/lexdort/development/zap-net/.cache/pilots/lido-pr-1940/scripts/scratch/steps/0100-deploy-circuit-breaker.ts
========================================
Started script: 0100-deploy-circuit-breaker.ts
========================================

Cloning CircuitBreaker repo to /Users/lexdort/development/zap-net/.cache/pilots/tmp/circuit-breaker-5z5Vve...
Cloning into '/Users/lexdort/development/zap-net/.cache/pilots/tmp/circuit-breaker-5z5Vve'...
Submodule 'lib/forge-std' (https://github.com/foundry-rs/forge-std) registered for path 'lib/forge-std'
Cloning into '/Users/lexdort/development/zap-net/.cache/pilots/tmp/circuit-breaker-5z5Vve/lib/forge-std'...
remote: Enumerating objects: 3225, done.        
remote: Counting objects:   0% (1/485)        
remote: Counting objects:   1% (5/485)        
remote: Counting objects:   2% (10/485)        
remote: Counting objects:   3% (15/485)        
remote: Counting objects:   4% (20/485)        
remote: Counting objects:   5% (25/485)        
remote: Counting objects:   6% (30/485)        
remote: Counting objects:   7% (34/485)        
remote: Counting objects:   8% (39/485)        
remote: Counting objects:   9% (44/485)        
remote: Counting objects:  10% (49/485)        
remote: Counting objects:  11% (54/485)        
remote: Counting objects:  12% (59/485)        
remote: Counting objects:  13% (64/485)        
remote: Counting objects:  14% (68/485)        
remote: Counting objects:  15% (73/485)        
remote: Counting objects:  16% (78/485)        
remote: Counting objects:  17% (83/485)        
remote: Counting objects:  18% (88/485)        
remote: Counting objects:  19% (93/485)        
remote: Counting objects:  20% (97/485)        
remote: Counting objects:  21% (102/485)        
remote: Counting objects:  22% (107/485)        
remote: Counting objects:  23% (112/485)        
remote: Counting objects:  24% (117/485)        
remote: Counting objects:  25% (122/485)        
remote: Counting objects:  26% (127/485)        
remote: Counting objects:  27% (131/485)        
remote: Counting objects:  28% (136/485)        
remote: Counting objects:  29% (141/485)        
remote: Counting objects:  30% (146/485)        
remote: Counting objects:  31% (151/485)        
remote: Counting objects:  32% (156/485)        
remote: Counting objects:  33% (161/485)        
remote: Counting objects:  34% (165/485)        
remote: Counting objects:  35% (170/485)        
remote: Counting objects:  36% (175/485)        
remote: Counting objects:  37% (180/485)        
remote: Counting objects:  38% (185/485)        
remote: Counting objects:  39% (190/485)        
remote: Counting objects:  40% (194/485)        
remote: Counting objects:  41% (199/485)        
remote: Counting objects:  42% (204/485)        
remote: Counting objects:  43% (209/485)        
remote: Counting objects:  44% (214/485)        
remote: Counting objects:  45% (219/485)        
remote: Counting objects:  46% (224/485)        
remote: Counting objects:  47% (228/485)        
remote: Counting objects:  48% (233/485)        
remote: Counting objects:  49% (238/485)        
remote: Counting objects:  50% (243/485)        
remote: Counting objects:  51% (248/485)        
remote: Counting objects:  52% (253/485)        
remote: Counting objects:  53% (258/485)        
remote: Counting objects:  54% (262/485)        
remote: Counting objects:  55% (267/485)        
remote: Counting objects:  56% (272/485)        
remote: Counting objects:  57% (277/485)        
remote: Counting objects:  58% (282/485)        
remote: Counting objects:  59% (287/485)        
remote: Counting objects:  60% (291/485)        
remote: Counting objects:  61% (296/485)        
remote: Counting objects:  62% (301/485)        
remote: Counting objects:  63% (306/485)        
remote: Counting objects:  64% (311/485)        
remote: Counting objects:  65% (316/485)        
remote: Counting objects:  66% (321/485)        
remote: Counting objects:  67% (325/485)        
remote: Counting objects:  68% (330/485)        
remote: Counting objects:  69% (335/485)        
remote: Counting objects:  70% (340/485)        
remote: Counting objects:  71% (345/485)        
remote: Counting objects:  72% (350/485)        
remote: Counting objects:  73% (355/485)        
remote: Counting objects:  74% (359/485)        
remote: Counting objects:  75% (364/485)        
remote: Counting objects:  76% (369/485)        
remote: Counting objects:  77% (374/485)        
remote: Counting objects:  78% (379/485)        
remote: Counting objects:  79% (384/485)        
remote: Counting objects:  80% (388/485)        
remote: Counting objects:  81% (393/485)        
remote: Counting objects:  82% (398/485)        
remote: Counting objects:  83% (403/485)        
remote: Counting objects:  84% (408/485)        
remote: Counting objects:  85% (413/485)        
remote: Counting objects:  86% (418/485)        
remote: Counting objects:  87% (422/485)        
remote: Counting objects:  88% (427/485)        
remote: Counting objects:  89% (432/485)        
remote: Counting objects:  90% (437/485)        
remote: Counting objects:  91% (442/485)        
remote: Counting objects:  92% (447/485)        
remote: Counting objects:  93% (452/485)        
remote: Counting objects:  94% (456/485)        
remote: Counting objects:  95% (461/485)        
remote: Counting objects:  96% (466/485)        
remote: Counting objects:  97% (471/485)        
remote: Counting objects:  98% (476/485)        
remote: Counting objects:  99% (481/485)        
remote: Counting objects: 100% (485/485)        
remote: Counting objects: 100% (485/485), done.        
remote: Compressing objects:   0% (1/225)        
remote: Compressing objects:   1% (3/225)        
remote: Compressing objects:   2% (5/225)        
remote: Compressing objects:   3% (7/225)        
remote: Compressing objects:   4% (9/225)        
remote: Compressing objects:   5% (12/225)        
remote: Compressing objects:   6% (14/225)        
remote: Compressing objects:   7% (16/225)        
remote: Compressing objects:   8% (18/225)        
remote: Compressing objects:   9% (21/225)        
remote: Compressing objects:  10% (23/225)        
remote: Compressing objects:  11% (25/225)        
remote: Compressing objects:  12% (27/225)        
remote: Compressing objects:  13% (30/225)        
remote: Compressing objects:  14% (32/225)        
remote: Compressing objects:  15% (34/225)        
remote: Compressing objects:  16% (36/225)        
remote: Compressing objects:  17% (39/225)        
remote: Compressing objects:  18% (41/225)        
remote: Compressing objects:  19% (43/225)        
remote: Compressing objects:  20% (45/225)        
remote: Compressing objects:  21% (48/225)        
remote: Compressing objects:  22% (50/225)        
remote: Compressing objects:  23% (52/225)        
remote: Compressing objects:  24% (54/225)        
remote: Compressing objects:  25% (57/225)        
remote: Compressing objects:  26% (59/225)        
remote: Compressing objects:  27% (61/225)        
remote: Compressing objects:  28% (63/225)        
remote: Compressing objects:  29% (66/225)        
remote: Compressing objects:  30% (68/225)        
remote: Compressing objects:  31% (70/225)        
remote: Compressing objects:  32% (72/225)        
remote: Compressing objects:  33% (75/225)        
remote: Compressing objects:  34% (77/225)        
remote: Compressing objects:  35% (79/225)        
remote: Compressing objects:  36% (81/225)        
remote: Compressing objects:  37% (84/225)        
remote: Compressing objects:  38% (86/225)        
remote: Compressing objects:  39% (88/225)        
remote: Compressing objects:  40% (90/225)        
remote: Compressing objects:  41% (93/225)        
remote: Compressing objects:  42% (95/225)        
remote: Compressing objects:  43% (97/225)        
remote: Compressing objects:  44% (99/225)        
remote: Compressing objects:  45% (102/225)        
remote: Compressing objects:  46% (104/225)        
remote: Compressing objects:  47% (106/225)        
remote: Compressing objects:  48% (108/225)        
remote: Compressing objects:  49% (111/225)        
remote: Compressing objects:  50% (113/225)        
remote: Compressing objects:  51% (115/225)        
remote: Compressing objects:  52% (117/225)        
remote: Compressing objects:  53% (120/225)        
remote: Compressing objects:  54% (122/225)        
remote: Compressing objects:  55% (124/225)        
remote: Compressing objects:  56% (126/225)        
remote: Compressing objects:  57% (129/225)        
remote: Compressing objects:  58% (131/225)        
remote: Compressing objects:  59% (133/225)        
remote: Compressing objects:  60% (135/225)        
remote: Compressing objects:  61% (138/225)        
remote: Compressing objects:  62% (140/225)        
remote: Compressing objects:  63% (142/225)        
remote: Compressing objects:  64% (144/225)        
remote: Compressing objects:  65% (147/225)        
remote: Compressing objects:  66% (149/225)        
remote: Compressing objects:  67% (151/225)        
remote: Compressing objects:  68% (153/225)        
remote: Compressing objects:  69% (156/225)        
remote: Compressing objects:  70% (158/225)        
remote: Compressing objects:  71% (160/225)        
remote: Compressing objects:  72% (162/225)        
remote: Compressing objects:  73% (165/225)        
remote: Compressing objects:  74% (167/225)        
remote: Compressing objects:  75% (169/225)        
remote: Compressing objects:  76% (171/225)        
remote: Compressing objects:  77% (174/225)        
remote: Compressing objects:  78% (176/225)        
remote: Compressing objects:  79% (178/225)        
remote: Compressing objects:  80% (180/225)        
remote: Compressing objects:  81% (183/225)        
remote: Compressing objects:  82% (185/225)        
remote: Compressing objects:  83% (187/225)        
remote: Compressing objects:  84% (189/225)        
remote: Compressing objects:  85% (192/225)        
remote: Compressing objects:  86% (194/225)        
remote: Compressing objects:  87% (196/225)        
remote: Compressing objects:  88% (198/225)        
remote: Compressing objects:  89% (201/225)        
remote: Compressing objects:  90% (203/225)        
remote: Compressing objects:  91% (205/225)        
remote: Compressing objects:  92% (207/225)        
remote: Compressing objects:  93% (210/225)        
remote: Compressing objects:  94% (212/225)        
remote: Compressing objects:  95% (214/225)        
remote: Compressing objects:  96% (216/225)        
remote: Compressing objects:  97% (219/225)        
remote: Compressing objects:  98% (221/225)        
remote: Compressing objects:  99% (223/225)        
remote: Compressing objects: 100% (225/225)        
remote: Compressing objects: 100% (225/225), done.        
Receiving objects:   0% (1/3225)
Receiving objects:   1% (33/3225)
Receiving objects:   2% (65/3225)
Receiving objects:   3% (97/3225)
Receiving objects:   4% (129/3225)
Receiving objects:   5% (162/3225)
Receiving objects:   6% (194/3225)
Receiving objects:   7% (226/3225)
Receiving objects:   8% (258/3225)
Receiving objects:   9% (291/3225)
Receiving objects:  10% (323/3225)
Receiving objects:  11% (355/3225)
Receiving objects:  12% (387/3225)
Receiving objects:  13% (420/3225)
Receiving objects:  14% (452/3225)
Receiving objects:  15% (484/3225)
Receiving objects:  16% (516/3225)
Receiving objects:  17% (549/3225)
Receiving objects:  18% (581/3225)
Receiving objects:  19% (613/3225)
Receiving objects:  20% (645/3225)
Receiving objects:  21% (678/3225)
Receiving objects:  22% (710/3225)
Receiving objects:  23% (742/3225)
Receiving objects:  24% (774/3225)
Receiving objects:  25% (807/3225)
Receiving objects:  26% (839/3225)
Receiving objects:  27% (871/3225)
Receiving objects:  28% (903/3225)
Receiving objects:  29% (936/3225)
Receiving objects:  30% (968/3225)
Receiving objects:  31% (1000/3225)
Receiving objects:  32% (1032/3225)
Receiving objects:  33% (1065/3225)
Receiving objects:  34% (1097/3225)
Receiving objects:  35% (1129/3225)
Receiving objects:  36% (1161/3225)
Receiving objects:  37% (1194/3225)
Receiving objects:  38% (1226/3225)
Receiving objects:  39% (1258/3225)
Receiving objects:  40% (1290/3225)
Receiving objects:  41% (1323/3225)
Receiving objects:  42% (1355/3225)
Receiving objects:  43% (1387/3225)
Receiving objects:  44% (1419/3225)
Receiving objects:  45% (1452/3225)
Receiving objects:  46% (1484/3225)
Receiving objects:  47% (1516/3225)
Receiving objects:  48% (1548/3225)
Receiving objects:  49% (1581/3225)
Receiving objects:  50% (1613/3225)
Receiving objects:  51% (1645/3225)
Receiving objects:  52% (1677/3225)
Receiving objects:  53% (1710/3225)
Receiving objects:  54% (1742/3225)
Receiving objects:  55% (1774/3225)
Receiving objects:  56% (1806/3225)
Receiving objects:  57% (1839/3225)
Receiving objects:  58% (1871/3225)
Receiving objects:  59% (1903/3225)
Receiving objects:  60% (1935/3225)
Receiving objects:  61% (1968/3225)
Receiving objects:  62% (2000/3225)
Receiving objects:  63% (2032/3225)
Receiving objects:  64% (2064/3225)
Receiving objects:  65% (2097/3225)
Receiving objects:  66% (2129/3225)
Receiving objects:  67% (2161/3225)
Receiving objects:  68% (2193/3225)
Receiving objects:  69% (2226/3225)
Receiving objects:  70% (2258/3225)
Receiving objects:  71% (2290/3225)
Receiving objects:  72% (2322/3225)
Receiving objects:  73% (2355/3225)
Receiving objects:  74% (2387/3225)
Receiving objects:  75% (2419/3225)
Receiving objects:  76% (2451/3225)
Receiving objects:  77% (2484/3225)
Receiving objects:  78% (2516/3225)
Receiving objects:  79% (2548/3225)
Receiving objects:  80% (2580/3225)
Receiving objects:  81% (2613/3225)
Receiving objects:  82% (2645/3225)
Receiving objects:  83% (2677/3225)
Receiving objects:  84% (2709/3225)
Receiving objects:  85% (2742/3225)
Receiving objects:  86% (2774/3225)
Receiving objects:  87% (2806/3225)
Receiving objects:  88% (2838/3225)
Receiving objects:  89% (2871/3225)
Receiving objects:  90% (2903/3225)
Receiving objects:  91% (2935/3225)
Receiving objects:  92% (2967/3225)
Receiving objects:  93% (3000/3225)
Receiving objects:  94% (3032/3225)
Receiving objects:  95% (3064/3225)
remote: Total 3225 (delta 420), reused 268 (delta 260), pack-reused 2740 (from 3)        
Receiving objects:  96% (3096/3225)
Receiving objects:  97% (3129/3225)
Receiving objects:  98% (3161/3225)
Receiving objects:  99% (3193/3225)
Receiving objects: 100% (3225/3225)
Receiving objects: 100% (3225/3225), 1.26 MiB | 5.25 MiB/s, done.
Resolving deltas:   0% (0/2165)
Resolving deltas:   1% (23/2165)
Resolving deltas:   2% (44/2165)
Resolving deltas:   3% (65/2165)
Resolving deltas:   4% (90/2165)
Resolving deltas:   5% (109/2165)
Resolving deltas:   6% (132/2165)
Resolving deltas:   7% (152/2165)
Resolving deltas:   8% (174/2165)
Resolving deltas:   9% (195/2165)
Resolving deltas:  10% (217/2165)
Resolving deltas:  11% (239/2165)
Resolving deltas:  12% (260/2165)
Resolving deltas:  13% (282/2165)
Resolving deltas:  14% (305/2165)
Resolving deltas:  15% (325/2165)
Resolving deltas:  16% (347/2165)
Resolving deltas:  17% (369/2165)
Resolving deltas:  18% (391/2165)
Resolving deltas:  19% (412/2165)
Resolving deltas:  20% (433/2165)
Resolving deltas:  21% (457/2165)
Resolving deltas:  22% (477/2165)
Resolving deltas:  23% (498/2165)
Resolving deltas:  24% (520/2165)
Resolving deltas:  25% (542/2165)
Resolving deltas:  26% (563/2165)
Resolving deltas:  27% (585/2165)
Resolving deltas:  28% (607/2165)
Resolving deltas:  29% (628/2165)
Resolving deltas:  30% (650/2165)
Resolving deltas:  31% (672/2165)
Resolving deltas:  32% (693/2165)
Resolving deltas:  33% (715/2165)
Resolving deltas:  34% (737/2165)
Resolving deltas:  35% (758/2165)
Resolving deltas:  36% (781/2165)
Resolving deltas:  37% (802/2165)
Resolving deltas:  38% (823/2165)
Resolving deltas:  39% (845/2165)
Resolving deltas:  40% (867/2165)
Resolving deltas:  41% (888/2165)
Resolving deltas:  42% (910/2165)
Resolving deltas:  43% (931/2165)
Resolving deltas:  44% (953/2165)
Resolving deltas:  45% (976/2165)
Resolving deltas:  46% (996/2165)
Resolving deltas:  47% (1018/2165)
Resolving deltas:  48% (1040/2165)
Resolving deltas:  49% (1061/2165)
Resolving deltas:  50% (1083/2165)
Resolving deltas:  51% (1105/2165)
Resolving deltas:  52% (1126/2165)
Resolving deltas:  53% (1148/2165)
Resolving deltas:  54% (1170/2165)
Resolving deltas:  55% (1191/2165)
Resolving deltas:  56% (1213/2165)
Resolving deltas:  57% (1237/2165)
Resolving deltas:  58% (1256/2165)
Resolving deltas:  59% (1280/2165)
Resolving deltas:  60% (1299/2165)
Resolving deltas:  61% (1321/2165)
Resolving deltas:  62% (1345/2165)
Resolving deltas:  63% (1365/2165)
Resolving deltas:  64% (1386/2165)
Resolving deltas:  65% (1410/2165)
Resolving deltas:  66% (1430/2165)
Resolving deltas:  67% (1451/2165)
Resolving deltas:  68% (1473/2165)
Resolving deltas:  69% (1494/2165)
Resolving deltas:  70% (1516/2165)
Resolving deltas:  71% (1538/2165)
Resolving deltas:  72% (1559/2165)
Resolving deltas:  73% (1581/2165)
Resolving deltas:  74% (1605/2165)
Resolving deltas:  75% (1624/2165)
Resolving deltas:  76% (1648/2165)
Resolving deltas:  77% (1668/2165)
Resolving deltas:  78% (1690/2165)
Resolving deltas:  79% (1711/2165)
Resolving deltas:  80% (1732/2165)
Resolving deltas:  81% (1754/2165)
Resolving deltas:  82% (1779/2165)
Resolving deltas:  83% (1797/2165)
Resolving deltas:  84% (1819/2165)
Resolving deltas:  85% (1841/2165)
Resolving deltas:  86% (1862/2165)
Resolving deltas:  87% (1885/2165)
Resolving deltas:  88% (1906/2165)
Resolving deltas:  89% (1927/2165)
Resolving deltas:  90% (1949/2165)
Resolving deltas:  91% (1972/2165)
Resolving deltas:  92% (1992/2165)
Resolving deltas:  93% (2014/2165)
Resolving deltas:  94% (2036/2165)
Resolving deltas:  95% (2057/2165)
Resolving deltas:  96% (2079/2165)
Resolving deltas:  97% (2101/2165)
Resolving deltas:  98% (2122/2165)
Resolving deltas:  99% (2144/2165)
Resolving deltas: 100% (2165/2165)
Resolving deltas: 100% (2165/2165), done.
Updating dependencies in /Users/lexdort/development/zap-net/.cache/pilots/tmp/circuit-breaker-5z5Vve/lib
Running CircuitBreaker deploy script...
Compiling 18 files with Solc 0.8.34
Solc 0.8.34 finished in 999.86ms
Compiler run successful!
2026-09-30T06:44:35.733003Z  WARN evm::traces::external: etherscan config not found
Warning: EIP-3855 is not supported in one or more of the RPCs used.
Unsupported Chain IDs: 1337.
Contracts deployed with a Solidity version equal or higher than 0.8.20 might not work properly.
For more information, please see https://eips.ethereum.org/EIPS/eip-3855
Script ran successfully.

== Logs ==
  Deploying CircuitBreaker
    chainid:                   1337
    admin:                     0x066000801c27C5184aDdb7513aD530301B1Bd447
    minPauseDuration:          300
    maxPauseDuration:          5184000
    minHeartbeatInterval:      300
    maxHeartbeatInterval:      94608000
    initialPauseDuration:      1814400
    initialHeartbeatInterval:  31536000
  CircuitBreaker deployed at: 0xfaAddC93baf78e89DCf37bA67943E1bE8F37Bb8c
  Artifact written to 1337.json

## Setting up 1 EVM.

==========================

Chain 1337

Estimated gas price: 1.00000219 gwei

Estimated total gas used for script: 1426395

Estimated amount required: 0.00142639812380505 ETH

==========================
2026-09-30T06:44:36.396340Z  WARN forge_script::progress: Transaction Failure tx_hash=0x5ebf1bf9c91d6da93f8154a4ba1812e555e85a55a67a83fb84d32091cdf43427

Transactions saved to: /Users/lexdort/development/zap-net/.cache/pilots/tmp/circuit-breaker-5z5Vve/broadcast/Deploy.s.sol/1337/run-latest.json

Sensitive values saved to: /Users/lexdort/development/zap-net/.cache/pilots/tmp/circuit-breaker-5z5Vve/cache/Deploy.s.sol/1337/run-latest.json

Error: Transaction Failure: 0x5ebf1bf9c91d6da93f8154a4ba1812e555e85a55a67a83fb84d32091cdf43427
🚨 Migration failed: Error: Command failed: forge script script/Deploy.s.sol:Deploy --sig "run(address,uint256,uint256,uint256,uint256,uint256,uint256)" 0x066000801c27C5184aDdb7513aD530301B1Bd447 300 5184000 300 94608000 1814400 31536000 --rpc-url http://127.0.0.1:18545 --private-key <LOCAL_DEV_KEY> --broadcast --gas-limit 16000000
    at genericNodeError (node:internal/errors:983:15)
    at wrappedFn (node:internal/errors:537:14)
    at checkExecSyncError (node:child_process:916:11)
    at execSync (node:child_process:988:15)
    at main (/Users/lexdort/development/zap-net/.cache/pilots/lido-pr-1940/scripts/scratch/steps/0100-deploy-circuit-breaker.ts:95:13)
    at processTicksAndRejections (node:internal/process/task_queues:103:5)
    at async applyMigrationScript (/Users/lexdort/development/zap-net/.cache/pilots/lido-pr-1940/lib/scratch.ts:121:5)
    at async runMigrations (/Users/lexdort/development/zap-net/.cache/pilots/lido-pr-1940/scripts/utils/migrate.ts:9:5) {
  status: 1,
  signal: null,
  output: [ null, null, null ],
  pid: 68857,
  stdout: null,
  stderr: null
}
