Task check ./scripts/deno fmt --check && ./scripts/deno lint && ./scripts/deno check src/*.ts scripts/*.ts container/*.ts tests/*.ts bakes/*/tests/*.ts
Checked 130 files
Checked 73 files
Check src/api.ts
Check src/arguments.ts
Check src/artifacts.ts
Check src/automine.ts
Check src/baker.ts
Check src/cli.ts
Check src/client_release.ts
Check src/config.ts
Check src/consensus.ts
Check src/controller.ts
Check src/docker.ts
Check src/engine.ts
Check src/http.ts
Check src/lighthouse_build.ts
Check src/network.ts
Check src/profile.ts
Check src/profiles.ts
Check src/registry.ts
Check src/release.ts
Check src/time.ts
Check src/validators.ts
Check src/verification.ts
Check scripts/bake.ts
Check scripts/bakes.ts
Check scripts/baseline.ts
Check scripts/build.ts
Check scripts/clients.ts
Check scripts/lighthouse_ci.ts
Check scripts/measure.ts
Check scripts/package_image.ts
Check scripts/prepare_clients.ts
Check scripts/profile.ts
Check scripts/release_ci.ts
Check scripts/smoke_docker.ts
Check scripts/test_clock.ts
Check scripts/test_image.ts
Check scripts/test_profile.ts
Check container/health.ts
Check container/main.ts
Check tests/automine_test.ts
Check tests/bake_layout_test.ts
Check tests/baker_test.ts
Check tests/client_release_test.ts
Check tests/config_test.ts
Check tests/consensus_test.ts
Check tests/controller_validators_test.ts
Check tests/docker_progress_test.ts
Check tests/docker_test.ts
Check tests/e2e_test.ts
Check tests/lighthouse_build_test.ts
Check tests/profiles_test.ts
Check tests/release_test.ts
Check tests/time_test.ts
Check tests/verification_test.ts
Check tests/warp_api_test.ts
Check tests/warp_assertions_test.ts
Check tests/warp_rewards_test.ts
Check bakes/gloas/tests/gloas.ts
Check bakes/shared/tests/baseline.ts
Check bakes/shared/tests/deploy.ts
Check bakes/shared/tests/deposit_fixture.ts
Check bakes/shared/tests/e2e.ts
Check bakes/shared/tests/indexer.ts
Check bakes/shared/tests/lifecycle.ts
Check bakes/shared/tests/protocol.ts
Check bakes/shared/tests/report.ts
Check bakes/shared/tests/validators.ts
Check bakes/shared/tests/warp.ts
Check bakes/shared/tests/warp_assertions.ts
Check bakes/shared/tests/warp_economics.ts
Check bakes/shared/tests/warp_fast.ts
Check bakes/shared/tests/warp_rewards.ts
Check bakes/shared/tests/withdrawal.ts
