Skipping lint-solidity upon compile because SKIP_LINT_SOLIDITY is set
Skipping interfaces check upon compile because SKIP_INTERFACES_CHECK is set


  Core verifiers on Panda / Gloas
    Scratch: 21 steps in 221.32s
    PredepositGuarantee: real CL proofs and BLS deposit signatures
      ✔ accepts validators across the Gloas progressive-list subtree boundaries
      ✔ rejects a changed pubkey, credentials, index, slot, proposer and Merkle branch (48ms)
      ✔ reads the real EIP-4788 timestamp, rejecting an absent or unrelated anchor
      ✔ uses Geth's BLS precompiles to accept the correct deposit domain and reject a wrong one
      ✔ observes that EL accepts both deposit transactions but CL registers only the valid signature (12298ms)
    TopUpGateway: full validator witness from CL
      ✔ rejects forged balance, lifecycle epochs and slashing status (40ms)
      ✔ accepts the genuine proof through StakingRouter with zero available allocation (551ms)
      ✔ enforces the block interval and rejects the old root once that interval passes (5666ms)
    ConsolidationGateway: target proof and the EL-to-CL request
      ✔ rejects a target whose CL withdrawal credentials do not belong to the Lido vault
      ✔ accepts a valid target proof and delivers the request to CL without scheduling a foreign source exit (641ms)
    ValidatorExitDelayVerifier: recent and historical CL evidence
      ✔ rejects a forged block header and a corrupted validator proof
      ✔ reports a proven recent exit delay through StakingRouter into the real registry (544ms)
      ✔ proves an older block through the historical summary actually created by CL (4172ms)
      ✔ rejects an exit-delay proof after CL accepts a real signed voluntary exit (1613ms)
      ✔ resumes real finality and accepts a fresh proof after the time jumps (7800ms)


  15 passing (5m)

